../Drivers/STM32F4xx_HAL_Driver/Inc/stm32f4xx_ll_exti.h:834:26:LL_EXTI_IsActiveFlag_0_31	16	static
../Drivers/STM32F4xx_HAL_Driver/Inc/stm32f4xx_ll_exti.h:910:22:LL_EXTI_ClearFlag_0_31	16	static
../Drivers/STM32F4xx_HAL_Driver/Inc/stm32f4xx_ll_tim.h:3207:22:LL_TIM_ClearFlag_CC1	16	static
../Drivers/STM32F4xx_HAL_Driver/Inc/stm32f4xx_ll_tim.h:3218:26:LL_TIM_IsActiveFlag_CC1	16	static
../Drivers/STM32F4xx_HAL_Driver/Inc/stm32f4xx_ll_tim.h:3229:22:LL_TIM_ClearFlag_CC2	16	static
../Drivers/STM32F4xx_HAL_Driver/Inc/stm32f4xx_ll_tim.h:3240:26:LL_TIM_IsActiveFlag_CC2	16	static
../Drivers/STM32F4xx_HAL_Driver/Inc/stm32f4xx_ll_tim.h:3251:22:LL_TIM_ClearFlag_CC3	16	static
../Drivers/STM32F4xx_HAL_Driver/Inc/stm32f4xx_ll_tim.h:3262:26:LL_TIM_IsActiveFlag_CC3	16	static
../Core/Src/stm32f4xx_it.c:74:6:NMI_Handler	4	static
../Core/Src/stm32f4xx_it.c:88:6:HardFault_Handler	4	static
../Core/Src/stm32f4xx_it.c:103:6:MemManage_Handler	4	static
../Core/Src/stm32f4xx_it.c:118:6:BusFault_Handler	4	static
../Core/Src/stm32f4xx_it.c:133:6:UsageFault_Handler	4	static
../Core/Src/stm32f4xx_it.c:148:6:SVC_Handler	4	static
../Core/Src/stm32f4xx_it.c:161:6:DebugMon_Handler	4	static
../Core/Src/stm32f4xx_it.c:174:6:PendSV_Handler	4	static
../Core/Src/stm32f4xx_it.c:187:6:SysTick_Handler	4	static
../Core/Src/stm32f4xx_it.c:208:6:ADC_IRQHandler	4	static
../Core/Src/stm32f4xx_it.c:221:6:TIM3_IRQHandler	8	static
../Core/Src/stm32f4xx_it.c:248:6:TIM4_IRQHandler	8	static
../Core/Src/stm32f4xx_it.c:265:6:EXTI15_10_IRQHandler	8	static
