../Drivers/STM32F4xx_HAL_Driver/Inc/stm32f4xx_ll_tim.h:3207:22:LL_TIM_ClearFlag_CC1	16	static
../Drivers/STM32F4xx_HAL_Driver/Inc/stm32f4xx_ll_tim.h:3218:26:LL_TIM_IsActiveFlag_CC1	16	static
../Core/Src/stm32f4xx_it.c:69:6:NMI_Handler	4	static
../Core/Src/stm32f4xx_it.c:82:6:HardFault_Handler	4	static
../Core/Src/stm32f4xx_it.c:95:6:MemManage_Handler	4	static
../Core/Src/stm32f4xx_it.c:108:6:BusFault_Handler	4	static
../Core/Src/stm32f4xx_it.c:121:6:UsageFault_Handler	4	static
../Core/Src/stm32f4xx_it.c:134:6:SVC_Handler	4	static
../Core/Src/stm32f4xx_it.c:146:6:DebugMon_Handler	4	static
../Core/Src/stm32f4xx_it.c:158:6:PendSV_Handler	4	static
../Core/Src/stm32f4xx_it.c:170:6:SysTick_Handler	4	static
../Core/Src/stm32f4xx_it.c:190:6:TIM3_IRQHandler	8	static
