Archive member included to satisfy reference by file (symbol)

/usr/lib/gcc/arm-none-eabi/14.2.0/../../../../arm-none-eabi/lib/thumb/v7e-m+fp/hard/libc_nano.a(libc_a-atexit.o)
                              /usr/lib/gcc/arm-none-eabi/14.2.0/../../../../arm-none-eabi/lib/thumb/v7e-m+fp/hard/crt0.o (atexit)
/usr/lib/gcc/arm-none-eabi/14.2.0/../../../../arm-none-eabi/lib/thumb/v7e-m+fp/hard/libc_nano.a(libc_a-exit.o)
                              /usr/lib/gcc/arm-none-eabi/14.2.0/../../../../arm-none-eabi/lib/thumb/v7e-m+fp/hard/crt0.o (exit)
/usr/lib/gcc/arm-none-eabi/14.2.0/../../../../arm-none-eabi/lib/thumb/v7e-m+fp/hard/libc_nano.a(libc_a-findfp.o)
                              /usr/lib/gcc/arm-none-eabi/14.2.0/../../../../arm-none-eabi/lib/thumb/v7e-m+fp/hard/libc_nano.a(libc_a-exit.o) (__stdio_exit_handler)
/usr/lib/gcc/arm-none-eabi/14.2.0/../../../../arm-none-eabi/lib/thumb/v7e-m+fp/hard/libc_nano.a(libc_a-fwalk.o)
                              /usr/lib/gcc/arm-none-eabi/14.2.0/../../../../arm-none-eabi/lib/thumb/v7e-m+fp/hard/libc_nano.a(libc_a-findfp.o) (_fwalk_sglue)
/usr/lib/gcc/arm-none-eabi/14.2.0/../../../../arm-none-eabi/lib/thumb/v7e-m+fp/hard/libc_nano.a(libc_a-stdio.o)
                              /usr/lib/gcc/arm-none-eabi/14.2.0/../../../../arm-none-eabi/lib/thumb/v7e-m+fp/hard/libc_nano.a(libc_a-findfp.o) (__sread)
/usr/lib/gcc/arm-none-eabi/14.2.0/../../../../arm-none-eabi/lib/thumb/v7e-m+fp/hard/libc_nano.a(libc_a-memset.o)
                              /usr/lib/gcc/arm-none-eabi/14.2.0/../../../../arm-none-eabi/lib/thumb/v7e-m+fp/hard/crt0.o (memset)
/usr/lib/gcc/arm-none-eabi/14.2.0/../../../../arm-none-eabi/lib/thumb/v7e-m+fp/hard/libc_nano.a(libc_a-closer.o)
                              /usr/lib/gcc/arm-none-eabi/14.2.0/../../../../arm-none-eabi/lib/thumb/v7e-m+fp/hard/libc_nano.a(libc_a-stdio.o) (_close_r)
/usr/lib/gcc/arm-none-eabi/14.2.0/../../../../arm-none-eabi/lib/thumb/v7e-m+fp/hard/libc_nano.a(libc_a-reent.o)
                              /usr/lib/gcc/arm-none-eabi/14.2.0/../../../../arm-none-eabi/lib/thumb/v7e-m+fp/hard/libc_nano.a(libc_a-closer.o) (errno)
/usr/lib/gcc/arm-none-eabi/14.2.0/../../../../arm-none-eabi/lib/thumb/v7e-m+fp/hard/libc_nano.a(libc_a-impure.o)
                              /usr/lib/gcc/arm-none-eabi/14.2.0/../../../../arm-none-eabi/lib/thumb/v7e-m+fp/hard/libc_nano.a(libc_a-reent.o) (_impure_ptr)
/usr/lib/gcc/arm-none-eabi/14.2.0/../../../../arm-none-eabi/lib/thumb/v7e-m+fp/hard/libc_nano.a(libc_a-lseekr.o)
                              /usr/lib/gcc/arm-none-eabi/14.2.0/../../../../arm-none-eabi/lib/thumb/v7e-m+fp/hard/libc_nano.a(libc_a-stdio.o) (_lseek_r)
/usr/lib/gcc/arm-none-eabi/14.2.0/../../../../arm-none-eabi/lib/thumb/v7e-m+fp/hard/libc_nano.a(libc_a-readr.o)
                              /usr/lib/gcc/arm-none-eabi/14.2.0/../../../../arm-none-eabi/lib/thumb/v7e-m+fp/hard/libc_nano.a(libc_a-stdio.o) (_read_r)
/usr/lib/gcc/arm-none-eabi/14.2.0/../../../../arm-none-eabi/lib/thumb/v7e-m+fp/hard/libc_nano.a(libc_a-writer.o)
                              /usr/lib/gcc/arm-none-eabi/14.2.0/../../../../arm-none-eabi/lib/thumb/v7e-m+fp/hard/libc_nano.a(libc_a-stdio.o) (_write_r)
/usr/lib/gcc/arm-none-eabi/14.2.0/../../../../arm-none-eabi/lib/thumb/v7e-m+fp/hard/libc_nano.a(libc_a-errno.o)
                              build/debug/syscalls.o (__errno)
/usr/lib/gcc/arm-none-eabi/14.2.0/../../../../arm-none-eabi/lib/thumb/v7e-m+fp/hard/libc_nano.a(libc_a-init.o)
                              /usr/lib/gcc/arm-none-eabi/14.2.0/../../../../arm-none-eabi/lib/thumb/v7e-m+fp/hard/crt0.o (__libc_init_array)
/usr/lib/gcc/arm-none-eabi/14.2.0/../../../../arm-none-eabi/lib/thumb/v7e-m+fp/hard/libc_nano.a(libc_a-fini.o)
                              /usr/lib/gcc/arm-none-eabi/14.2.0/../../../../arm-none-eabi/lib/thumb/v7e-m+fp/hard/crt0.o (__libc_fini_array)
/usr/lib/gcc/arm-none-eabi/14.2.0/../../../../arm-none-eabi/lib/thumb/v7e-m+fp/hard/libc_nano.a(libc_a-lock.o)
                              /usr/lib/gcc/arm-none-eabi/14.2.0/../../../../arm-none-eabi/lib/thumb/v7e-m+fp/hard/libc_nano.a(libc_a-findfp.o) (__retarget_lock_init_recursive)
/usr/lib/gcc/arm-none-eabi/14.2.0/../../../../arm-none-eabi/lib/thumb/v7e-m+fp/hard/libc_nano.a(libc_a-__atexit.o)
                              /usr/lib/gcc/arm-none-eabi/14.2.0/../../../../arm-none-eabi/lib/thumb/v7e-m+fp/hard/libc_nano.a(libc_a-atexit.o) (__register_exitproc)
/usr/lib/gcc/arm-none-eabi/14.2.0/../../../../arm-none-eabi/lib/thumb/v7e-m+fp/hard/libc_nano.a(libc_a-__call_atexit.o)
                              /usr/lib/gcc/arm-none-eabi/14.2.0/../../../../arm-none-eabi/lib/thumb/v7e-m+fp/hard/libc_nano.a(libc_a-__atexit.o) (__call_exitprocs)
/usr/lib/gcc/arm-none-eabi/14.2.0/../../../../arm-none-eabi/lib/thumb/v7e-m+fp/hard/libc_nano.a(libc_a-freer.o)
                              /usr/lib/gcc/arm-none-eabi/14.2.0/../../../../arm-none-eabi/lib/thumb/v7e-m+fp/hard/libc_nano.a(libc_a-reent.o) (_free_r)
[...]
Memory Configuration

Name             Origin             Length             Attributes
RAM              0x20000000         0x00018000         xrw
FLASH            0x08000000         0x00080000         xr
*default*        0x00000000         0xffffffff

Linker script and memory map

LOAD /usr/lib/gcc/arm-none-eabi/14.2.0/thumb/v7e-m+fp/hard/crti.o
LOAD /usr/lib/gcc/arm-none-eabi/14.2.0/thumb/v7e-m+fp/hard/crtbegin.o
LOAD /usr/lib/gcc/arm-none-eabi/14.2.0/../../../../arm-none-eabi/lib/thumb/v7e-m+fp/hard/crt0.o
LOAD build/debug/main.o
LOAD build/debug/stm32f4xx_it.o
LOAD build/debug/stm32f4xx_ll_dma.o
LOAD build/debug/stm32f4xx_ll_exti.o
LOAD build/debug/stm32f4xx_ll_gpio.o
LOAD build/debug/stm32f4xx_ll_rcc.o
LOAD build/debug/stm32f4xx_ll_usart.o
LOAD build/debug/stm32f4xx_ll_utils.o
LOAD build/debug/syscalls.o
LOAD build/debug/sysmem.o
LOAD build/debug/system_stm32f4xx.o
LOAD build/debug/startup_stm32f401xe.o
LOAD /usr/lib/gcc/arm-none-eabi/14.2.0/../../../../arm-none-eabi/lib/thumb/v7e-m+fp/hard/libc_nano.a
LOAD /usr/lib/gcc/arm-none-eabi/14.2.0/../../../../arm-none-eabi/lib/thumb/v7e-m+fp/hard/libm.a
LOAD /usr/lib/gcc/arm-none-eabi/14.2.0/../../../../arm-none-eabi/lib/thumb/v7e-m+fp/hard/libnosys.a
START GROUP
LOAD /usr/lib/gcc/arm-none-eabi/14.2.0/thumb/v7e-m+fp/hard/libgcc.a
LOAD /usr/lib/gcc/arm-none-eabi/14.2.0/../../../../arm-none-eabi/lib/thumb/v7e-m+fp/hard/libc_nano.a
END GROUP
START GROUP
LOAD /usr/lib/gcc/arm-none-eabi/14.2.0/thumb/v7e-m+fp/hard/libgcc.a
LOAD /usr/lib/gcc/arm-none-eabi/14.2.0/../../../../arm-none-eabi/lib/thumb/v7e-m+fp/hard/libc_nano.a
END GROUP
LOAD /usr/lib/gcc/arm-none-eabi/14.2.0/thumb/v7e-m+fp/hard/crtend.o
LOAD /usr/lib/gcc/arm-none-eabi/14.2.0/thumb/v7e-m+fp/hard/crtn.o
                0x20018000                        _estack = (ORIGIN (RAM) + LENGTH (RAM))
                0x00000200                        _Min_Heap_Size = 0x200
                0x00000400                        _Min_Stack_Size = 0x400

.isr_vector     0x08000000      0x194
                0x08000000                        . = ALIGN (0x4)
 *(.isr_vector)
 .isr_vector    0x08000000      0x194 build/debug/startup_stm32f401xe.o
                0x08000000                g_pfnVectors
                0x08000194                        . = ALIGN (0x4)

.text           0x08000194      0xc94
                0x08000194                        . = ALIGN (0x4)
 *(.text)
 .text          0x08000194       0x30 /usr/lib/gcc/arm-none-eabi/14.2.0/thumb/v7e-m+fp/hard/libgcc.a(_aeabi_uldivmod.o)
                0x08000194                __aeabi_uldivmod
 .text          0x080001c4        0x4 /usr/lib/gcc/arm-none-eabi/14.2.0/thumb/v7e-m+fp/hard/libgcc.a(_dvmd_tls.o)
                0x080001c4                __aeabi_ldiv0
                0x080001c4                __aeabi_idiv0
 *(.text*)
 .text.__do_global_dtors_aux
                0x080001c8       0x24 /usr/lib/gcc/arm-none-eabi/14.2.0/thumb/v7e-m+fp/hard/crtbegin.o
 .text.frame_dummy
                0x080001ec       0x1c /usr/lib/gcc/arm-none-eabi/14.2.0/thumb/v7e-m+fp/hard/crtbegin.o
 .text.LL_GPIO_SetPinPull
                0x08000208       0x3c build/debug/main.o
 .text.LL_GPIO_SetPinMode
                0x08000244       0x3c build/debug/main.o
 .text.MX_GPIO_Init
                0x08000280       0xe4 build/debug/main.o
 .text.MX_USART2_UART_Init
                0x08000364       0xa0 build/debug/main.o
 .text.SystemClock_Config
                0x08000404       0xf0 build/debug/main.o
                0x08000404                SystemClock_Config
 .text.main     0x080004f4       0x90 build/debug/main.o
                0x080004f4                main
 .text.NMI_Handler
                0x08000584        0x2 build/debug/stm32f4xx_it.o
                0x08000584                NMI_Handler
 .text.HardFault_Handler
                0x08000586        0x2 build/debug/stm32f4xx_it.o
                0x08000586                HardFault_Handler
 .text.MemManage_Handler
                0x08000588        0x2 build/debug/stm32f4xx_it.o
                0x08000588                MemManage_Handler
 .text.BusFault_Handler
                0x0800058a        0x2 build/debug/stm32f4xx_it.o
                0x0800058a                BusFault_Handler
 .text.UsageFault_Handler
                0x0800058c        0x2 build/debug/stm32f4xx_it.o
                0x0800058c                UsageFault_Handler
 .text.SVC_Handler
                0x0800058e        0x2 build/debug/stm32f4xx_it.o
                0x0800058e                SVC_Handler
 .text.DebugMon_Handler
                0x08000590        0x2 build/debug/stm32f4xx_it.o
                0x08000590                DebugMon_Handler
 .text.PendSV_Handler
                0x08000592        0x2 build/debug/stm32f4xx_it.o
                0x08000592                PendSV_Handler
 .text.SysTick_Handler
                0x08000594        0x2 build/debug/stm32f4xx_it.o
                0x08000594                SysTick_Handler
 *fill*         0x08000596        0x2 
 .text.LL_EXTI_Init
                0x08000598       0xd8 build/debug/stm32f4xx_ll_exti.o
                0x08000598                LL_EXTI_Init
 .text.LL_GPIO_SetPinSpeed
                0x08000670       0x3c build/debug/stm32f4xx_ll_gpio.o
 .text.LL_GPIO_SetPinPull
                0x080006ac       0x3c build/debug/stm32f4xx_ll_gpio.o
 .text.LL_GPIO_SetAFPin_0_7
                0x080006e8       0x3c build/debug/stm32f4xx_ll_gpio.o
 .text.LL_GPIO_SetAFPin_8_15
                0x08000724       0x3e build/debug/stm32f4xx_ll_gpio.o
 .text.LL_GPIO_SetPinMode
                0x08000762       0x3c build/debug/stm32f4xx_ll_gpio.o
 .text.LL_GPIO_Init
                0x0800079e       0x92 build/debug/stm32f4xx_ll_gpio.o
                0x0800079e                LL_GPIO_Init
 .text.RCC_GetHCLKClockFreq
                0x08000830       0x18 build/debug/stm32f4xx_ll_rcc.o
                0x08000830                RCC_GetHCLKClockFreq
 .text.RCC_GetPCLK1ClockFreq
                0x08000848       0x18 build/debug/stm32f4xx_ll_rcc.o
                0x08000848                RCC_GetPCLK1ClockFreq
 .text.RCC_GetPCLK2ClockFreq
                0x08000860       0x18 build/debug/stm32f4xx_ll_rcc.o
                0x08000860                RCC_GetPCLK2ClockFreq
 .text.RCC_PLL_GetFreqDomain_SYS
                0x08000878       0x4c build/debug/stm32f4xx_ll_rcc.o
                0x08000878                RCC_PLL_GetFreqDomain_SYS
 .text.RCC_GetSystemClockFreq
                0x080008c4       0x30 build/debug/stm32f4xx_ll_rcc.o
                0x080008c4                RCC_GetSystemClockFreq
 .text.LL_RCC_GetSystemClocksFreq
                0x080008f4       0x20 build/debug/stm32f4xx_ll_rcc.o
                0x080008f4                LL_RCC_GetSystemClocksFreq
 .text.LL_USART_SetBaudRate
                0x08000914       0xcc build/debug/stm32f4xx_ll_usart.o
 .text.LL_USART_Init
                0x080009e0       0x98 build/debug/stm32f4xx_ll_usart.o
                0x080009e0                LL_USART_Init
 .text.LL_Init1msTick
                0x08000a78       0x20 build/debug/stm32f4xx_ll_utils.o
                0x08000a78                LL_Init1msTick
 .text.LL_SetSystemCoreClock
                0x08000a98        0xc build/debug/stm32f4xx_ll_utils.o
                0x08000a98                LL_SetSystemCoreClock
 .text.SystemInit
                0x08000aa4       0x14 build/debug/system_stm32f4xx.o
                0x08000aa4                SystemInit
 .text.Reset_Handler
                0x08000ab8       0x50 build/debug/startup_stm32f401xe.o
                0x08000ab8                Reset_Handler
 .text.Default_Handler
                0x08000b08        0x2 build/debug/startup_stm32f401xe.o
                0x08000b08                RTC_Alarm_IRQHandler
                0x08000b08                EXTI2_IRQHandler
                0x08000b08                SPI4_IRQHandler
                0x08000b08                TIM1_CC_IRQHandler
                0x08000b08                DMA2_Stream5_IRQHandler
                0x08000b08                DMA1_Stream5_IRQHandler
                0x08000b08                PVD_IRQHandler
                0x08000b08                SDIO_IRQHandler
                0x08000b08                TAMP_STAMP_IRQHandler
                0x08000b08                EXTI3_IRQHandler
                0x08000b08                TIM1_UP_TIM10_IRQHandler
                0x08000b08                I2C3_ER_IRQHandler
                0x08000b08                EXTI0_IRQHandler
                0x08000b08                I2C2_EV_IRQHandler
                0x08000b08                DMA1_Stream2_IRQHandler
                0x08000b08                FPU_IRQHandler
                0x08000b08                DMA2_Stream2_IRQHandler
                0x08000b08                SPI1_IRQHandler
                0x08000b08                TIM1_BRK_TIM9_IRQHandler
                0x08000b08                DMA2_Stream3_IRQHandler
                0x08000b08                USART6_IRQHandler
                0x08000b08                DMA2_Stream0_IRQHandler
                0x08000b08                TIM4_IRQHandler
                0x08000b08                I2C1_EV_IRQHandler
                0x08000b08                DMA1_Stream6_IRQHandler
                0x08000b08                DMA1_Stream1_IRQHandler
                0x08000b08                TIM3_IRQHandler
                0x08000b08                RCC_IRQHandler
                0x08000b08                Default_Handler
                0x08000b08                EXTI15_10_IRQHandler
                0x08000b08                ADC_IRQHandler
                0x08000b08                DMA1_Stream7_IRQHandler
                0x08000b08                TIM5_IRQHandler
                0x08000b08                DMA2_Stream7_IRQHandler
                0x08000b08                I2C3_EV_IRQHandler
                0x08000b08                EXTI9_5_IRQHandler
                0x08000b08                RTC_WKUP_IRQHandler
                0x08000b08                SPI2_IRQHandler
                0x08000b08                DMA1_Stream0_IRQHandler
                0x08000b08                EXTI4_IRQHandler
                0x08000b08                WWDG_IRQHandler
                0x08000b08                TIM2_IRQHandler
                0x08000b08                OTG_FS_WKUP_IRQHandler
                0x08000b08                TIM1_TRG_COM_TIM11_IRQHandler
                0x08000b08                EXTI1_IRQHandler
                0x08000b08                USART2_IRQHandler
                0x08000b08                I2C2_ER_IRQHandler
                0x08000b08                DMA2_Stream1_IRQHandler
                0x08000b08                FLASH_IRQHandler
                0x08000b08                DMA2_Stream4_IRQHandler
                0x08000b08                USART1_IRQHandler
                0x08000b08                OTG_FS_IRQHandler
                0x08000b08                SPI3_IRQHandler
                0x08000b08                DMA1_Stream4_IRQHandler
                0x08000b08                I2C1_ER_IRQHandler
                0x08000b08                DMA2_Stream6_IRQHandler
                0x08000b08                DMA1_Stream3_IRQHandler
 *fill*         0x08000b0a        0x2 
 .text.__libc_init_array
                0x08000b0c       0x48 /usr/lib/gcc/arm-none-eabi/14.2.0/../../../../arm-none-eabi/lib/thumb/v7e-m+fp/hard/libc_nano.a(libc_a-init.o)
                0x08000b0c                __libc_init_array
 .text.__udivmoddi4
                0x08000b54      0x2bc /usr/lib/gcc/arm-none-eabi/14.2.0/thumb/v7e-m+fp/hard/libgcc.a(_udivmoddi4.o)
                0x08000b54                __udivmoddi4
 *(.glue_7)
 .glue_7        0x08000e10        0x0 linker stubs
 *(.glue_7t)
 .glue_7t       0x08000e10        0x0 linker stubs
 *(.eh_frame)
 .eh_frame      0x08000e10        0x0 /usr/lib/gcc/arm-none-eabi/14.2.0/thumb/v7e-m+fp/hard/crtbegin.o
 *(.init)
 .init          0x08000e10        0x4 /usr/lib/gcc/arm-none-eabi/14.2.0/thumb/v7e-m+fp/hard/crti.o
                0x08000e10                _init
 .init          0x08000e14        0x8 /usr/lib/gcc/arm-none-eabi/14.2.0/thumb/v7e-m+fp/hard/crtn.o
 *(.fini)
 .fini          0x08000e1c        0x4 /usr/lib/gcc/arm-none-eabi/14.2.0/thumb/v7e-m+fp/hard/crti.o
                0x08000e1c                _fini
 .fini          0x08000e20        0x8 /usr/lib/gcc/arm-none-eabi/14.2.0/thumb/v7e-m+fp/hard/crtn.o
                0x08000e28                        . = ALIGN (0x4)
                0x08000e28                        _etext = .

.vfp11_veneer   0x08000e28        0x0
 .vfp11_veneer  0x08000e28        0x0 linker stubs

.v4_bx          0x08000e28        0x0
 .v4_bx         0x08000e28        0x0 linker stubs

.iplt           0x08000e28        0x0
 .iplt          0x08000e28        0x0 /usr/lib/gcc/arm-none-eabi/14.2.0/thumb/v7e-m+fp/hard/crtbegin.o

.rodata         0x08000e28       0x18
                0x08000e28                        . = ALIGN (0x4)
 *(.rodata)
 *(.rodata*)
 .rodata.APBPrescTable
                0x08000e28        0x8 build/debug/system_stm32f4xx.o
                0x08000e28                APBPrescTable
 .rodata.AHBPrescTable
                0x08000e30       0x10 build/debug/system_stm32f4xx.o
                0x08000e30                AHBPrescTable
                0x08000e40                        . = ALIGN (0x4)

.ARM.extab      0x08000e40        0x0
                0x08000e40                        . = ALIGN (0x4)
 *(.ARM.extab* .gnu.linkonce.armextab.*)
                0x08000e40                        . = ALIGN (0x4)

.ARM            0x08000e40        0x8
                0x08000e40                        . = ALIGN (0x4)
                0x08000e40                        __exidx_start = .
 *(.ARM.exidx*)
 .ARM.exidx.text.__udivmoddi4
                0x08000e40        0x8 /usr/lib/gcc/arm-none-eabi/14.2.0/thumb/v7e-m+fp/hard/libgcc.a(_udivmoddi4.o)
                0x08000e48                        __exidx_end = .
                0x08000e48                        . = ALIGN (0x4)

.preinit_array  0x08000e48        0x0
                0x08000e48                        . = ALIGN (0x4)
                0x08000e48                        PROVIDE (__preinit_array_start = .)
 *(.preinit_array*)
                0x08000e48                        PROVIDE (__preinit_array_end = .)
                0x08000e48                        . = ALIGN (0x4)

.init_array     0x08000e48        0x4
                0x08000e48                        . = ALIGN (0x4)
                0x08000e48                        PROVIDE (__init_array_start = .)
 *(SORT_BY_NAME(.init_array.*))
 *(.init_array*)
 .init_array    0x08000e48        0x4 /usr/lib/gcc/arm-none-eabi/14.2.0/thumb/v7e-m+fp/hard/crtbegin.o
                0x08000e4c                        PROVIDE (__init_array_end = .)
                0x08000e4c                        . = ALIGN (0x4)

.fini_array     0x08000e4c        0x4
                0x08000e4c                        . = ALIGN (0x4)
                0x08000e4c                        PROVIDE (__fini_array_start = .)
 *(SORT_BY_NAME(.fini_array.*))
 *(.fini_array*)
 .fini_array    0x08000e4c        0x4 /usr/lib/gcc/arm-none-eabi/14.2.0/thumb/v7e-m+fp/hard/crtbegin.o
                0x08000e50                        PROVIDE (__fini_array_end = .)
                0x08000e50                        . = ALIGN (0x4)
                0x08000e50                        _sidata = LOADADDR (.data)

.rel.dyn        0x08000e50        0x0
 .rel.iplt      0x08000e50        0x0 /usr/lib/gcc/arm-none-eabi/14.2.0/thumb/v7e-m+fp/hard/crtbegin.o

.data           0x20000000        0x4 load address 0x08000e50
                0x20000000                        . = ALIGN (0x4)
                0x20000000                        _sdata = .
 *(.data)
 *(.data*)
 .data.SystemCoreClock
                0x20000000        0x4 build/debug/system_stm32f4xx.o
                0x20000000                SystemCoreClock
 *(.RamFunc)
 *(.RamFunc*)
                0x20000004                        . = ALIGN (0x4)
                0x20000004                        _edata = .

.igot.plt       0x20000004        0x0 load address 0x08000e54
 .igot.plt      0x20000004        0x0 /usr/lib/gcc/arm-none-eabi/14.2.0/thumb/v7e-m+fp/hard/crtbegin.o
                0x20000004                        . = ALIGN (0x4)

.bss            0x20000004       0x1c load address 0x08000e54
                0x20000004                        _sbss = .
                0x20000004                        __bss_start__ = _sbss
 *(.bss)
 *(.bss*)
 .bss.completed.1
                0x20000004        0x1 /usr/lib/gcc/arm-none-eabi/14.2.0/thumb/v7e-m+fp/hard/crtbegin.o
 *fill*         0x20000005        0x3 
 .bss.object.0  0x20000008       0x18 /usr/lib/gcc/arm-none-eabi/14.2.0/thumb/v7e-m+fp/hard/crtbegin.o
 *(COMMON)
                0x20000020                        . = ALIGN (0x4)
                0x20000020                        _ebss = .
                0x20000020                        __bss_end__ = _ebss

._user_heap_stack
                0x20000020      0x600 load address 0x08000e54
                0x20000020                        . = ALIGN (0x8)
                [!provide]                        PROVIDE (end = .)
                0x20000020                        PROVIDE (_end = .)
                0x20000220                        . = (. + _Min_Heap_Size)
 *fill*         0x20000020      0x200 
                0x20000620                        . = (. + _Min_Stack_Size)
 *fill*         0x20000220      0x400 
                0x20000620                        . = ALIGN (0x8)

/DISCARD/
 libc.a(*)
 libm.a(*)
 libgcc.a(*)
OUTPUT(build/debug/Lab7.1.3.elf elf32-littlearm)
LOAD linker stubs
LOAD /usr/lib/gcc/arm-none-eabi/14.2.0/../../../../arm-none-eabi/lib/thumb/v7e-m+fp/hard/libc.a
LOAD /usr/lib/gcc/arm-none-eabi/14.2.0/../../../../arm-none-eabi/lib/thumb/v7e-m+fp/hard/libm.a
LOAD /usr/lib/gcc/arm-none-eabi/14.2.0/thumb/v7e-m+fp/hard/libgcc.a

.ARM.attributes
                0x00000000       0x30
 .ARM.attributes
                0x00000000       0x22 /usr/lib/gcc/arm-none-eabi/14.2.0/thumb/v7e-m+fp/hard/crti.o
 .ARM.attributes
                0x00000022       0x34 /usr/lib/gcc/arm-none-eabi/14.2.0/thumb/v7e-m+fp/hard/crtbegin.o
 .ARM.attributes
                0x00000056       0x34 build/debug/main.o
 .ARM.attributes
                0x0000008a       0x34 build/debug/stm32f4xx_it.o
 .ARM.attributes
                0x000000be       0x34 build/debug/stm32f4xx_ll_exti.o
 .ARM.attributes
                0x000000f2       0x34 build/debug/stm32f4xx_ll_gpio.o
 .ARM.attributes
                0x00000126       0x34 build/debug/stm32f4xx_ll_rcc.o
 .ARM.attributes
                0x0000015a       0x34 build/debug/stm32f4xx_ll_usart.o
 .ARM.attributes
                0x0000018e       0x34 build/debug/stm32f4xx_ll_utils.o
 .ARM.attributes
                0x000001c2       0x34 build/debug/system_stm32f4xx.o
 .ARM.attributes
                0x000001f6       0x21 build/debug/startup_stm32f401xe.o
 .ARM.attributes
                0x00000217       0x34 /usr/lib/gcc/arm-none-eabi/14.2.0/../../../../arm-none-eabi/lib/thumb/v7e-m+fp/hard/libc_nano.a(libc_a-init.o)
 .ARM.attributes
                0x0000024b       0x22 /usr/lib/gcc/arm-none-eabi/14.2.0/thumb/v7e-m+fp/hard/libgcc.a(_aeabi_uldivmod.o)
 .ARM.attributes
                0x0000026d       0x34 /usr/lib/gcc/arm-none-eabi/14.2.0/thumb/v7e-m+fp/hard/libgcc.a(_udivmoddi4.o)
 .ARM.attributes
                0x000002a1       0x22 /usr/lib/gcc/arm-none-eabi/14.2.0/thumb/v7e-m+fp/hard/libgcc.a(_dvmd_tls.o)
 .ARM.attributes
                0x000002c3       0x22 /usr/lib/gcc/arm-none-eabi/14.2.0/thumb/v7e-m+fp/hard/crtn.o

.comment        0x00000000       0x1e
 .comment       0x00000000       0x1e build/debug/main.o
                                 0x1f (size before relaxing)
 .comment       0x0000001e       0x1f build/debug/stm32f4xx_it.o
 .comment       0x0000001e       0x1f build/debug/stm32f4xx_ll_exti.o
 .comment       0x0000001e       0x1f build/debug/stm32f4xx_ll_gpio.o
 .comment       0x0000001e       0x1f build/debug/stm32f4xx_ll_rcc.o
 .comment       0x0000001e       0x1f build/debug/stm32f4xx_ll_usart.o
 .comment       0x0000001e       0x1f build/debug/stm32f4xx_ll_utils.o
 .comment       0x0000001e       0x1f build/debug/system_stm32f4xx.o
 .comment       0x0000001e       0x1f /usr/lib/gcc/arm-none-eabi/14.2.0/../../../../arm-none-eabi/lib/thumb/v7e-m+fp/hard/libc_nano.a(libc_a-init.o)
 .comment       0x0000001e       0x1f /usr/lib/gcc/arm-none-eabi/14.2.0/thumb/v7e-m+fp/hard/libgcc.a(_udivmoddi4.o)

.debug_info     0x00000000     0x52c7
 .debug_info    0x00000000     0x13d7 build/debug/main.o
 .debug_info    0x000013d7      0x144 build/debug/stm32f4xx_it.o
 .debug_info    0x0000151b      0x4cd build/debug/stm32f4xx_ll_exti.o
 .debug_info    0x000019e8      0xcc8 build/debug/stm32f4xx_ll_gpio.o
 .debug_info    0x000026b0      0x931 build/debug/stm32f4xx_ll_rcc.o
 .debug_info    0x00002fe1      0x8c9 build/debug/stm32f4xx_ll_usart.o
 .debug_info    0x000038aa      0xc33 build/debug/stm32f4xx_ll_utils.o
 .debug_info    0x000044dd      0x54c build/debug/system_stm32f4xx.o
 .debug_info    0x00004a29       0x30 build/debug/startup_stm32f401xe.o
 .debug_info    0x00004a59      0x10b /usr/lib/gcc/arm-none-eabi/14.2.0/../../../../arm-none-eabi/lib/thumb/v7e-m+fp/hard/libc_nano.a(libc_a-init.o)
 .debug_info    0x00004b64       0x24 /usr/lib/gcc/arm-none-eabi/14.2.0/thumb/v7e-m+fp/hard/libgcc.a(_aeabi_uldivmod.o)
 .debug_info    0x00004b88      0x703 /usr/lib/gcc/arm-none-eabi/14.2.0/thumb/v7e-m+fp/hard/libgcc.a(_udivmoddi4.o)
 .debug_info    0x0000528b       0x3c /usr/lib/gcc/arm-none-eabi/14.2.0/thumb/v7e-m+fp/hard/libgcc.a(_dvmd_tls.o)

.debug_abbrev   0x00000000     0x1430
 .debug_abbrev  0x00000000      0x3bb build/debug/main.o
 .debug_abbrev  0x000003bb       0x7e build/debug/stm32f4xx_it.o
 .debug_abbrev  0x00000439      0x1b2 build/debug/stm32f4xx_ll_exti.o
 .debug_abbrev  0x000005eb      0x2ca build/debug/stm32f4xx_ll_gpio.o
 .debug_abbrev  0x000008b5      0x270 build/debug/stm32f4xx_ll_rcc.o
 .debug_abbrev  0x00000b25      0x2d7 build/debug/stm32f4xx_ll_usart.o
 .debug_abbrev  0x00000dfc      0x285 build/debug/stm32f4xx_ll_utils.o
 .debug_abbrev  0x00001081      0x11e build/debug/system_stm32f4xx.o
 .debug_abbrev  0x0000119f       0x24 build/debug/startup_stm32f401xe.o
 .debug_abbrev  0x000011c3       0xc9 /usr/lib/gcc/arm-none-eabi/14.2.0/../../../../arm-none-eabi/lib/thumb/v7e-m+fp/hard/libc_nano.a(libc_a-init.o)
 .debug_abbrev  0x0000128c       0x14 /usr/lib/gcc/arm-none-eabi/14.2.0/thumb/v7e-m+fp/hard/libgcc.a(_aeabi_uldivmod.o)
 .debug_abbrev  0x000012a0      0x16a /usr/lib/gcc/arm-none-eabi/14.2.0/thumb/v7e-m+fp/hard/libgcc.a(_udivmoddi4.o)
 .debug_abbrev  0x0000140a       0x26 /usr/lib/gcc/arm-none-eabi/14.2.0/thumb/v7e-m+fp/hard/libgcc.a(_dvmd_tls.o)

.debug_loclists
                0x00000000     0x20c7
 .debug_loclists
                0x00000000      0x392 build/debug/main.o
 .debug_loclists
                0x00000392      0x1ea build/debug/stm32f4xx_ll_exti.o
 .debug_loclists
                0x0000057c      0x5fe build/debug/stm32f4xx_ll_gpio.o
 .debug_loclists
                0x00000b7a      0x2f4 build/debug/stm32f4xx_ll_rcc.o
 .debug_loclists
                0x00000e6e      0x360 build/debug/stm32f4xx_ll_usart.o
 .debug_loclists
                0x000011ce      0x43a build/debug/stm32f4xx_ll_utils.o
 .debug_loclists
                0x00001608       0xe7 build/debug/system_stm32f4xx.o
 .debug_loclists
                0x000016ef       0x54 /usr/lib/gcc/arm-none-eabi/14.2.0/../../../../arm-none-eabi/lib/thumb/v7e-m+fp/hard/libc_nano.a(libc_a-init.o)
 .debug_loclists
                0x00001743      0x984 /usr/lib/gcc/arm-none-eabi/14.2.0/thumb/v7e-m+fp/hard/libgcc.a(_udivmoddi4.o)

.debug_aranges  0x00000000      0x328
 .debug_aranges
                0x00000000       0x50 build/debug/main.o
 .debug_aranges
                0x00000050       0x60 build/debug/stm32f4xx_it.o
 .debug_aranges
                0x000000b0       0x30 build/debug/stm32f4xx_ll_exti.o
 .debug_aranges
                0x000000e0       0x58 build/debug/stm32f4xx_ll_gpio.o
 .debug_aranges
                0x00000138       0x78 build/debug/stm32f4xx_ll_rcc.o
 .debug_aranges
                0x000001b0       0x48 build/debug/stm32f4xx_ll_usart.o
 .debug_aranges
                0x000001f8       0x60 build/debug/stm32f4xx_ll_utils.o
 .debug_aranges
                0x00000258       0x28 build/debug/system_stm32f4xx.o
 .debug_aranges
                0x00000280       0x28 build/debug/startup_stm32f401xe.o
 .debug_aranges
                0x000002a8       0x20 /usr/lib/gcc/arm-none-eabi/14.2.0/../../../../arm-none-eabi/lib/thumb/v7e-m+fp/hard/libc_nano.a(libc_a-init.o)
 .debug_aranges
                0x000002c8       0x20 /usr/lib/gcc/arm-none-eabi/14.2.0/thumb/v7e-m+fp/hard/libgcc.a(_aeabi_uldivmod.o)
 .debug_aranges
                0x000002e8       0x20 /usr/lib/gcc/arm-none-eabi/14.2.0/thumb/v7e-m+fp/hard/libgcc.a(_udivmoddi4.o)
 .debug_aranges
                0x00000308       0x20 /usr/lib/gcc/arm-none-eabi/14.2.0/thumb/v7e-m+fp/hard/libgcc.a(_dvmd_tls.o)

.debug_rnglists
                0x00000000      0x3e5
 .debug_rnglists
                0x00000000       0x8f build/debug/main.o
 .debug_rnglists
                0x0000008f       0x43 build/debug/stm32f4xx_it.o
 .debug_rnglists
                0x000000d2       0x5c build/debug/stm32f4xx_ll_exti.o
 .debug_rnglists
                0x0000012e       0xff build/debug/stm32f4xx_ll_gpio.o
 .debug_rnglists
                0x0000022d       0x56 build/debug/stm32f4xx_ll_rcc.o
 .debug_rnglists
                0x00000283       0x63 build/debug/stm32f4xx_ll_usart.o
 .debug_rnglists
                0x000002e6       0x46 build/debug/stm32f4xx_ll_utils.o
 .debug_rnglists
                0x0000032c       0x1a build/debug/system_stm32f4xx.o
 .debug_rnglists
                0x00000346       0x19 build/debug/startup_stm32f401xe.o
 .debug_rnglists
                0x0000035f       0x13 /usr/lib/gcc/arm-none-eabi/14.2.0/../../../../arm-none-eabi/lib/thumb/v7e-m+fp/hard/libc_nano.a(libc_a-init.o)
 .debug_rnglists
                0x00000372       0x73 /usr/lib/gcc/arm-none-eabi/14.2.0/thumb/v7e-m+fp/hard/libgcc.a(_udivmoddi4.o)

.debug_line     0x00000000     0x3135
 .debug_line    0x00000000      0x86a build/debug/main.o
 .debug_line    0x0000086a      0x19d build/debug/stm32f4xx_it.o
 .debug_line    0x00000a07      0x399 build/debug/stm32f4xx_ll_exti.o
 .debug_line    0x00000da0      0x7f7 build/debug/stm32f4xx_ll_gpio.o
 .debug_line    0x00001597      0x675 build/debug/stm32f4xx_ll_rcc.o
 .debug_line    0x00001c0c      0x4b9 build/debug/stm32f4xx_ll_usart.o
 .debug_line    0x000020c5      0x711 build/debug/stm32f4xx_ll_utils.o
 .debug_line    0x000027d6      0x1f5 build/debug/system_stm32f4xx.o
 .debug_line    0x000029cb       0x76 build/debug/startup_stm32f401xe.o
 .debug_line    0x00002a41      0x115 /usr/lib/gcc/arm-none-eabi/14.2.0/../../../../arm-none-eabi/lib/thumb/v7e-m+fp/hard/libc_nano.a(libc_a-init.o)
 .debug_line    0x00002b56       0x4e /usr/lib/gcc/arm-none-eabi/14.2.0/thumb/v7e-m+fp/hard/libgcc.a(_aeabi_uldivmod.o)
 .debug_line    0x00002ba4      0x547 /usr/lib/gcc/arm-none-eabi/14.2.0/thumb/v7e-m+fp/hard/libgcc.a(_udivmoddi4.o)
 .debug_line    0x000030eb       0x4a /usr/lib/gcc/arm-none-eabi/14.2.0/thumb/v7e-m+fp/hard/libgcc.a(_dvmd_tls.o)

.debug_str      0x00000000     0x1bc2
 .debug_str     0x00000000     0x1bc2 build/debug/main.o
                                0x88d (size before relaxing)
 .debug_str     0x00001bc2      0x21b build/debug/stm32f4xx_it.o
 .debug_str     0x00001bc2      0x362 build/debug/stm32f4xx_ll_exti.o
 .debug_str     0x00001bc2      0x475 build/debug/stm32f4xx_ll_gpio.o
 .debug_str     0x00001bc2      0x6cb build/debug/stm32f4xx_ll_rcc.o
 .debug_str     0x00001bc2      0x5cc build/debug/stm32f4xx_ll_usart.o
 .debug_str     0x00001bc2      0x6f3 build/debug/stm32f4xx_ll_utils.o
 .debug_str     0x00001bc2      0x35b build/debug/system_stm32f4xx.o
 .debug_str     0x00001bc2       0x65 build/debug/startup_stm32f401xe.o
 .debug_str     0x00001bc2      0x220 /usr/lib/gcc/arm-none-eabi/14.2.0/../../../../arm-none-eabi/lib/thumb/v7e-m+fp/hard/libc_nano.a(libc_a-init.o)
 .debug_str     0x00001bc2       0x9e /usr/lib/gcc/arm-none-eabi/14.2.0/thumb/v7e-m+fp/hard/libgcc.a(_aeabi_uldivmod.o)
 .debug_str     0x00001bc2      0x6b6 /usr/lib/gcc/arm-none-eabi/14.2.0/thumb/v7e-m+fp/hard/libgcc.a(_udivmoddi4.o)
 .debug_str     0x00001bc2       0xbe /usr/lib/gcc/arm-none-eabi/14.2.0/thumb/v7e-m+fp/hard/libgcc.a(_dvmd_tls.o)

.debug_frame    0x00000000      0x5c8
 .debug_frame   0x00000000       0xd4 build/debug/main.o
 .debug_frame   0x000000d4       0xa0 build/debug/stm32f4xx_it.o
 .debug_frame   0x00000174       0x50 build/debug/stm32f4xx_ll_exti.o
 .debug_frame   0x000001c4       0xdc build/debug/stm32f4xx_ll_gpio.o
 .debug_frame   0x000002a0      0x100 build/debug/stm32f4xx_ll_rcc.o
 .debug_frame   0x000003a0       0x98 build/debug/stm32f4xx_ll_usart.o
 .debug_frame   0x00000438       0xd4 build/debug/stm32f4xx_ll_utils.o
 .debug_frame   0x0000050c       0x30 build/debug/system_stm32f4xx.o
 .debug_frame   0x0000053c       0x2c /usr/lib/gcc/arm-none-eabi/14.2.0/../../../../arm-none-eabi/lib/thumb/v7e-m+fp/hard/libc_nano.a(libc_a-init.o)
 .debug_frame   0x00000568       0x2c /usr/lib/gcc/arm-none-eabi/14.2.0/thumb/v7e-m+fp/hard/libgcc.a(_aeabi_uldivmod.o)
 .debug_frame   0x00000594       0x34 /usr/lib/gcc/arm-none-eabi/14.2.0/thumb/v7e-m+fp/hard/libgcc.a(_udivmoddi4.o)

.debug_line_str
                0x00000000       0xe9
 .debug_line_str
                0x00000000       0xe9 build/debug/startup_stm32f401xe.o
                                 0x4b (size before relaxing)
 .debug_line_str
                0x000000e9       0x92 /usr/lib/gcc/arm-none-eabi/14.2.0/thumb/v7e-m+fp/hard/libgcc.a(_aeabi_uldivmod.o)
 .debug_line_str
                0x000000e9       0x96 /usr/lib/gcc/arm-none-eabi/14.2.0/thumb/v7e-m+fp/hard/libgcc.a(_dvmd_tls.o)

Cross Reference Table

Symbol                                            File
ADC_IRQHandler                                    build/debug/startup_stm32f401xe.o
AHBPrescTable                                     build/debug/system_stm32f4xx.o
                                                  build/debug/stm32f4xx_ll_utils.o
                                                  build/debug/stm32f4xx_ll_rcc.o
APBPrescTable                                     build/debug/system_stm32f4xx.o
                                                  build/debug/stm32f4xx_ll_rcc.o
BusFault_Handler                                  build/debug/stm32f4xx_it.o
DMA1_Stream0_IRQHandler                           build/debug/startup_stm32f401xe.o
DMA1_Stream1_IRQHandler                           build/debug/startup_stm32f401xe.o
DMA1_Stream2_IRQHandler                           build/debug/startup_stm32f401xe.o
DMA1_Stream3_IRQHandler                           build/debug/startup_stm32f401xe.o
DMA1_Stream4_IRQHandler                           build/debug/startup_stm32f401xe.o
DMA1_Stream5_IRQHandler                           build/debug/startup_stm32f401xe.o
DMA1_Stream6_IRQHandler                           build/debug/startup_stm32f401xe.o
DMA1_Stream7_IRQHandler                           build/debug/startup_stm32f401xe.o
DMA2_Stream0_IRQHandler                           build/debug/startup_stm32f401xe.o
DMA2_Stream1_IRQHandler                           build/debug/startup_stm32f401xe.o
DMA2_Stream2_IRQHandler                           build/debug/startup_stm32f401xe.o
DMA2_Stream3_IRQHandler                           build/debug/startup_stm32f401xe.o
DMA2_Stream4_IRQHandler                           build/debug/startup_stm32f401xe.o
DMA2_Stream5_IRQHandler                           build/debug/startup_stm32f401xe.o
DMA2_Stream6_IRQHandler                           build/debug/startup_stm32f401xe.o
DMA2_Stream7_IRQHandler                           build/debug/startup_stm32f401xe.o
DebugMon_Handler                                  build/debug/stm32f4xx_it.o
Default_Handler                                   build/debug/startup_stm32f401xe.o
EXTI0_IRQHandler                                  build/debug/startup_stm32f401xe.o
EXTI15_10_IRQHandler                              build/debug/startup_stm32f401xe.o
EXTI1_IRQHandler                                  build/debug/startup_stm32f401xe.o
EXTI2_IRQHandler                                  build/debug/startup_stm32f401xe.o
EXTI3_IRQHandler                                  build/debug/startup_stm32f401xe.o
EXTI4_IRQHandler                                  build/debug/startup_stm32f401xe.o
EXTI9_5_IRQHandler                                build/debug/startup_stm32f401xe.o
Error_Handler                                     build/debug/main.o
FLASH_IRQHandler                                  build/debug/startup_stm32f401xe.o
FPU_IRQHandler                                    build/debug/startup_stm32f401xe.o
HardFault_Handler                                 build/debug/stm32f4xx_it.o
I2C1_ER_IRQHandler                                build/debug/startup_stm32f401xe.o
I2C1_EV_IRQHandler                                build/debug/startup_stm32f401xe.o
I2C2_ER_IRQHandler                                build/debug/startup_stm32f401xe.o
I2C2_EV_IRQHandler                                build/debug/startup_stm32f401xe.o
I2C3_ER_IRQHandler                                build/debug/startup_stm32f401xe.o
I2C3_EV_IRQHandler                                build/debug/startup_stm32f401xe.o
LL_DMA_DeInit                                     build/debug/stm32f4xx_ll_dma.o
LL_DMA_Init                                       build/debug/stm32f4xx_ll_dma.o
LL_DMA_StructInit                                 build/debug/stm32f4xx_ll_dma.o
LL_EXTI_DeInit                                    build/debug/stm32f4xx_ll_exti.o
LL_EXTI_Init                                      build/debug/stm32f4xx_ll_exti.o
                                                  build/debug/main.o
LL_EXTI_StructInit                                build/debug/stm32f4xx_ll_exti.o
LL_GPIO_DeInit                                    build/debug/stm32f4xx_ll_gpio.o
LL_GPIO_Init                                      build/debug/stm32f4xx_ll_gpio.o
                                                  build/debug/main.o
LL_GPIO_StructInit                                build/debug/stm32f4xx_ll_gpio.o
LL_Init1msTick                                    build/debug/stm32f4xx_ll_utils.o
                                                  build/debug/main.o
LL_PLL_ConfigSystemClock_HSE                      build/debug/stm32f4xx_ll_utils.o
LL_PLL_ConfigSystemClock_HSI                      build/debug/stm32f4xx_ll_utils.o
LL_RCC_DeInit                                     build/debug/stm32f4xx_ll_rcc.o
LL_RCC_GetI2SClockFreq                            build/debug/stm32f4xx_ll_rcc.o
LL_RCC_GetSDIOClockFreq                           build/debug/stm32f4xx_ll_rcc.o
LL_RCC_GetSystemClocksFreq                        build/debug/stm32f4xx_ll_rcc.o
                                                  build/debug/stm32f4xx_ll_usart.o
LL_RCC_GetUSBClockFreq                            build/debug/stm32f4xx_ll_rcc.o
LL_SetFlashLatency                                build/debug/stm32f4xx_ll_utils.o
LL_SetSystemCoreClock                             build/debug/stm32f4xx_ll_utils.o
                                                  build/debug/main.o
LL_USART_ClockInit                                build/debug/stm32f4xx_ll_usart.o
LL_USART_ClockStructInit                          build/debug/stm32f4xx_ll_usart.o
LL_USART_DeInit                                   build/debug/stm32f4xx_ll_usart.o
LL_USART_Init                                     build/debug/stm32f4xx_ll_usart.o
                                                  build/debug/main.o
LL_USART_StructInit                               build/debug/stm32f4xx_ll_usart.o
LL_mDelay                                         build/debug/stm32f4xx_ll_utils.o
MemManage_Handler                                 build/debug/stm32f4xx_it.o
NMI_Handler                                       build/debug/stm32f4xx_it.o
OTG_FS_IRQHandler                                 build/debug/startup_stm32f401xe.o
OTG_FS_WKUP_IRQHandler                            build/debug/startup_stm32f401xe.o
PVD_IRQHandler                                    build/debug/startup_stm32f401xe.o
PendSV_Handler                                    build/debug/stm32f4xx_it.o
RCC_GetHCLKClockFreq                              build/debug/stm32f4xx_ll_rcc.o
RCC_GetPCLK1ClockFreq                             build/debug/stm32f4xx_ll_rcc.o
RCC_GetPCLK2ClockFreq                             build/debug/stm32f4xx_ll_rcc.o
RCC_GetSystemClockFreq                            build/debug/stm32f4xx_ll_rcc.o
RCC_IRQHandler                                    build/debug/startup_stm32f401xe.o
RCC_PLLI2S_GetFreqDomain_I2S                      build/debug/stm32f4xx_ll_rcc.o
RCC_PLL_GetFreqDomain_48M                         build/debug/stm32f4xx_ll_rcc.o
RCC_PLL_GetFreqDomain_SYS                         build/debug/stm32f4xx_ll_rcc.o
RTC_Alarm_IRQHandler                              build/debug/startup_stm32f401xe.o
RTC_WKUP_IRQHandler                               build/debug/startup_stm32f401xe.o
Reset_Handler                                     build/debug/startup_stm32f401xe.o
SDIO_IRQHandler                                   build/debug/startup_stm32f401xe.o
SPI1_IRQHandler                                   build/debug/startup_stm32f401xe.o
SPI2_IRQHandler                                   build/debug/startup_stm32f401xe.o
SPI3_IRQHandler                                   build/debug/startup_stm32f401xe.o
SPI4_IRQHandler                                   build/debug/startup_stm32f401xe.o
SVC_Handler                                       build/debug/stm32f4xx_it.o
SysTick_Handler                                   build/debug/stm32f4xx_it.o
SystemClock_Config                                build/debug/main.o
SystemCoreClock                                   build/debug/system_stm32f4xx.o
                                                  build/debug/stm32f4xx_ll_utils.o
SystemCoreClockUpdate                             build/debug/system_stm32f4xx.o
SystemInit                                        build/debug/system_stm32f4xx.o
                                                  build/debug/startup_stm32f401xe.o
TAMP_STAMP_IRQHandler                             build/debug/startup_stm32f401xe.o
TIM1_BRK_TIM9_IRQHandler                          build/debug/startup_stm32f401xe.o
TIM1_CC_IRQHandler                                build/debug/startup_stm32f401xe.o
TIM1_TRG_COM_TIM11_IRQHandler                     build/debug/startup_stm32f401xe.o
TIM1_UP_TIM10_IRQHandler                          build/debug/startup_stm32f401xe.o
TIM2_IRQHandler                                   build/debug/startup_stm32f401xe.o
TIM3_IRQHandler                                   build/debug/startup_stm32f401xe.o
TIM4_IRQHandler                                   build/debug/startup_stm32f401xe.o
TIM5_IRQHandler                                   build/debug/startup_stm32f401xe.o
USART1_IRQHandler                                 build/debug/startup_stm32f401xe.o
USART2_IRQHandler                                 build/debug/startup_stm32f401xe.o
USART6_IRQHandler                                 build/debug/startup_stm32f401xe.o
UsageFault_Handler                                build/debug/stm32f4xx_it.o
WWDG_IRQHandler                                   build/debug/startup_stm32f401xe.o
_Min_Stack_Size                                   build/debug/sysmem.o
__aeabi_idiv0                                     /usr/lib/gcc/arm-none-eabi/14.2.0/thumb/v7e-m+fp/hard/libgcc.a(_dvmd_tls.o)
__aeabi_ldiv0                                     /usr/lib/gcc/arm-none-eabi/14.2.0/thumb/v7e-m+fp/hard/libgcc.a(_dvmd_tls.o)
                                                  /usr/lib/gcc/arm-none-eabi/14.2.0/thumb/v7e-m+fp/hard/libgcc.a(_aeabi_uldivmod.o)
__aeabi_uldivmod                                  /usr/lib/gcc/arm-none-eabi/14.2.0/thumb/v7e-m+fp/hard/libgcc.a(_aeabi_uldivmod.o)
                                                  build/debug/stm32f4xx_ll_usart.o
__atexit                                          /usr/lib/gcc/arm-none-eabi/14.2.0/../../../../arm-none-eabi/lib/thumb/v7e-m+fp/hard/libc_nano.a(libc_a-__call_atexit.o)
                                                  /usr/lib/gcc/arm-none-eabi/14.2.0/../../../../arm-none-eabi/lib/thumb/v7e-m+fp/hard/libc_nano.a(libc_a-__atexit.o)
__atexit0                                         /usr/lib/gcc/arm-none-eabi/14.2.0/../../../../arm-none-eabi/lib/thumb/v7e-m+fp/hard/libc_nano.a(libc_a-__atexit.o)
__atexit_dummy                                    /usr/lib/gcc/arm-none-eabi/14.2.0/../../../../arm-none-eabi/lib/thumb/v7e-m+fp/hard/libc_nano.a(libc_a-__atexit.o)
__atexit_recursive_mutex                          /usr/lib/gcc/arm-none-eabi/14.2.0/../../../../arm-none-eabi/lib/thumb/v7e-m+fp/hard/libc_nano.a(libc_a-__call_atexit.o)
                                                  /usr/lib/gcc/arm-none-eabi/14.2.0/../../../../arm-none-eabi/lib/thumb/v7e-m+fp/hard/libc_nano.a(libc_a-__atexit.o)
__bss_end__                                       /usr/lib/gcc/arm-none-eabi/14.2.0/../../../../arm-none-eabi/lib/thumb/v7e-m+fp/hard/crt0.o
__bss_start__                                     /usr/lib/gcc/arm-none-eabi/14.2.0/../../../../arm-none-eabi/lib/thumb/v7e-m+fp/hard/crt0.o
__call_exitprocs                                  /usr/lib/gcc/arm-none-eabi/14.2.0/../../../../arm-none-eabi/lib/thumb/v7e-m+fp/hard/libc_nano.a(libc_a-__call_atexit.o)
                                                  /usr/lib/gcc/arm-none-eabi/14.2.0/../../../../arm-none-eabi/lib/thumb/v7e-m+fp/hard/libc_nano.a(libc_a-__atexit.o)
                                                  /usr/lib/gcc/arm-none-eabi/14.2.0/../../../../arm-none-eabi/lib/thumb/v7e-m+fp/hard/libc_nano.a(libc_a-exit.o)
__deregister_frame_info                           /usr/lib/gcc/arm-none-eabi/14.2.0/thumb/v7e-m+fp/hard/crtbegin.o
__dso_handle                                      /usr/lib/gcc/arm-none-eabi/14.2.0/thumb/v7e-m+fp/hard/crtbegin.o
__env                                             build/debug/syscalls.o
__errno                                           /usr/lib/gcc/arm-none-eabi/14.2.0/../../../../arm-none-eabi/lib/thumb/v7e-m+fp/hard/libc_nano.a(libc_a-errno.o)
                                                  build/debug/sysmem.o
                                                  build/debug/syscalls.o
__fini_array_end                                  /usr/lib/gcc/arm-none-eabi/14.2.0/../../../../arm-none-eabi/lib/thumb/v7e-m+fp/hard/libc_nano.a(libc_a-fini.o)
__fini_array_start                                /usr/lib/gcc/arm-none-eabi/14.2.0/../../../../arm-none-eabi/lib/thumb/v7e-m+fp/hard/libc_nano.a(libc_a-fini.o)
__fp_lock_all                                     /usr/lib/gcc/arm-none-eabi/14.2.0/../../../../arm-none-eabi/lib/thumb/v7e-m+fp/hard/libc_nano.a(libc_a-findfp.o)
__fp_unlock_all                                   /usr/lib/gcc/arm-none-eabi/14.2.0/../../../../arm-none-eabi/lib/thumb/v7e-m+fp/hard/libc_nano.a(libc_a-findfp.o)
__init_array_end                                  /usr/lib/gcc/arm-none-eabi/14.2.0/../../../../arm-none-eabi/lib/thumb/v7e-m+fp/hard/libc_nano.a(libc_a-init.o)
__init_array_start                                /usr/lib/gcc/arm-none-eabi/14.2.0/../../../../arm-none-eabi/lib/thumb/v7e-m+fp/hard/libc_nano.a(libc_a-init.o)
__io_getchar                                      build/debug/syscalls.o
__io_putchar                                      build/debug/syscalls.o
__libc_fini_array                                 /usr/lib/gcc/arm-none-eabi/14.2.0/../../../../arm-none-eabi/lib/thumb/v7e-m+fp/hard/libc_nano.a(libc_a-fini.o)
                                                  /usr/lib/gcc/arm-none-eabi/14.2.0/../../../../arm-none-eabi/lib/thumb/v7e-m+fp/hard/crt0.o
__libc_init_array                                 /usr/lib/gcc/arm-none-eabi/14.2.0/../../../../arm-none-eabi/lib/thumb/v7e-m+fp/hard/libc_nano.a(libc_a-init.o)
                                                  build/debug/startup_stm32f401xe.o
                                                  /usr/lib/gcc/arm-none-eabi/14.2.0/../../../../arm-none-eabi/lib/thumb/v7e-m+fp/hard/crt0.o
__lock___arc4random_mutex                         /usr/lib/gcc/arm-none-eabi/14.2.0/../../../../arm-none-eabi/lib/thumb/v7e-m+fp/hard/libc_nano.a(libc_a-lock.o)
__lock___at_quick_exit_mutex                      /usr/lib/gcc/arm-none-eabi/14.2.0/../../../../arm-none-eabi/lib/thumb/v7e-m+fp/hard/libc_nano.a(libc_a-lock.o)
__lock___atexit_recursive_mutex                   /usr/lib/gcc/arm-none-eabi/14.2.0/../../../../arm-none-eabi/lib/thumb/v7e-m+fp/hard/libc_nano.a(libc_a-lock.o)
                                                  /usr/lib/gcc/arm-none-eabi/14.2.0/../../../../arm-none-eabi/lib/thumb/v7e-m+fp/hard/libc_nano.a(libc_a-__call_atexit.o)
__lock___dd_hash_mutex                            /usr/lib/gcc/arm-none-eabi/14.2.0/../../../../arm-none-eabi/lib/thumb/v7e-m+fp/hard/libc_nano.a(libc_a-lock.o)
__lock___env_recursive_mutex                      /usr/lib/gcc/arm-none-eabi/14.2.0/../../../../arm-none-eabi/lib/thumb/v7e-m+fp/hard/libc_nano.a(libc_a-lock.o)
__lock___malloc_recursive_mutex                   /usr/lib/gcc/arm-none-eabi/14.2.0/../../../../arm-none-eabi/lib/thumb/v7e-m+fp/hard/libc_nano.a(libc_a-lock.o)
                                                  /usr/lib/gcc/arm-none-eabi/14.2.0/../../../../arm-none-eabi/lib/thumb/v7e-m+fp/hard/libc_nano.a(libc_a-mlock.o)
__lock___sfp_recursive_mutex                      /usr/lib/gcc/arm-none-eabi/14.2.0/../../../../arm-none-eabi/lib/thumb/v7e-m+fp/hard/libc_nano.a(libc_a-lock.o)
                                                  /usr/lib/gcc/arm-none-eabi/14.2.0/../../../../arm-none-eabi/lib/thumb/v7e-m+fp/hard/libc_nano.a(libc_a-findfp.o)
__lock___tz_mutex                                 /usr/lib/gcc/arm-none-eabi/14.2.0/../../../../arm-none-eabi/lib/thumb/v7e-m+fp/hard/libc_nano.a(libc_a-lock.o)
__malloc_free_list                                /usr/lib/gcc/arm-none-eabi/14.2.0/../../../../arm-none-eabi/lib/thumb/v7e-m+fp/hard/libc_nano.a(libc_a-mallocr.o)
                                                  /usr/lib/gcc/arm-none-eabi/14.2.0/../../../../arm-none-eabi/lib/thumb/v7e-m+fp/hard/libc_nano.a(libc_a-freer.o)
__malloc_lock                                     /usr/lib/gcc/arm-none-eabi/14.2.0/../../../../arm-none-eabi/lib/thumb/v7e-m+fp/hard/libc_nano.a(libc_a-mlock.o)
                                                  /usr/lib/gcc/arm-none-eabi/14.2.0/../../../../arm-none-eabi/lib/thumb/v7e-m+fp/hard/libc_nano.a(libc_a-mallocr.o)
                                                  /usr/lib/gcc/arm-none-eabi/14.2.0/../../../../arm-none-eabi/lib/thumb/v7e-m+fp/hard/libc_nano.a(libc_a-freer.o)
__malloc_sbrk_start                               /usr/lib/gcc/arm-none-eabi/14.2.0/../../../../arm-none-eabi/lib/thumb/v7e-m+fp/hard/libc_nano.a(libc_a-mallocr.o)
__malloc_unlock                                   /usr/lib/gcc/arm-none-eabi/14.2.0/../../../../arm-none-eabi/lib/thumb/v7e-m+fp/hard/libc_nano.a(libc_a-mlock.o)
                                                  /usr/lib/gcc/arm-none-eabi/14.2.0/../../../../arm-none-eabi/lib/thumb/v7e-m+fp/hard/libc_nano.a(libc_a-mallocr.o)
                                                  /usr/lib/gcc/arm-none-eabi/14.2.0/../../../../arm-none-eabi/lib/thumb/v7e-m+fp/hard/libc_nano.a(libc_a-freer.o)
__on_exit_args                                    /usr/lib/gcc/arm-none-eabi/14.2.0/../../../../arm-none-eabi/lib/thumb/v7e-m+fp/hard/libc_nano.a(libc_a-__atexit.o)
__preinit_array_end                               /usr/lib/gcc/arm-none-eabi/14.2.0/../../../../arm-none-eabi/lib/thumb/v7e-m+fp/hard/libc_nano.a(libc_a-init.o)
__preinit_array_start                             /usr/lib/gcc/arm-none-eabi/14.2.0/../../../../arm-none-eabi/lib/thumb/v7e-m+fp/hard/libc_nano.a(libc_a-init.o)
__register_exitproc                               /usr/lib/gcc/arm-none-eabi/14.2.0/../../../../arm-none-eabi/lib/thumb/v7e-m+fp/hard/libc_nano.a(libc_a-__atexit.o)
                                                  /usr/lib/gcc/arm-none-eabi/14.2.0/../../../../arm-none-eabi/lib/thumb/v7e-m+fp/hard/libc_nano.a(libc_a-atexit.o)
__register_frame_info                             /usr/lib/gcc/arm-none-eabi/14.2.0/thumb/v7e-m+fp/hard/crtbegin.o
__retarget_lock_acquire                           /usr/lib/gcc/arm-none-eabi/14.2.0/../../../../arm-none-eabi/lib/thumb/v7e-m+fp/hard/libc_nano.a(libc_a-lock.o)
__retarget_lock_acquire_recursive                 /usr/lib/gcc/arm-none-eabi/14.2.0/../../../../arm-none-eabi/lib/thumb/v7e-m+fp/hard/libc_nano.a(libc_a-lock.o)
                                                  /usr/lib/gcc/arm-none-eabi/14.2.0/../../../../arm-none-eabi/lib/thumb/v7e-m+fp/hard/libc_nano.a(libc_a-fflush.o)
                                                  /usr/lib/gcc/arm-none-eabi/14.2.0/../../../../arm-none-eabi/lib/thumb/v7e-m+fp/hard/libc_nano.a(libc_a-mlock.o)
                                                  /usr/lib/gcc/arm-none-eabi/14.2.0/../../../../arm-none-eabi/lib/thumb/v7e-m+fp/hard/libc_nano.a(libc_a-__call_atexit.o)
                                                  /usr/lib/gcc/arm-none-eabi/14.2.0/../../../../arm-none-eabi/lib/thumb/v7e-m+fp/hard/libc_nano.a(libc_a-__atexit.o)
                                                  /usr/lib/gcc/arm-none-eabi/14.2.0/../../../../arm-none-eabi/lib/thumb/v7e-m+fp/hard/libc_nano.a(libc_a-findfp.o)
__retarget_lock_close                             /usr/lib/gcc/arm-none-eabi/14.2.0/../../../../arm-none-eabi/lib/thumb/v7e-m+fp/hard/libc_nano.a(libc_a-lock.o)
__retarget_lock_close_recursive                   /usr/lib/gcc/arm-none-eabi/14.2.0/../../../../arm-none-eabi/lib/thumb/v7e-m+fp/hard/libc_nano.a(libc_a-lock.o)
__retarget_lock_init                              /usr/lib/gcc/arm-none-eabi/14.2.0/../../../../arm-none-eabi/lib/thumb/v7e-m+fp/hard/libc_nano.a(libc_a-lock.o)
__retarget_lock_init_recursive                    /usr/lib/gcc/arm-none-eabi/14.2.0/../../../../arm-none-eabi/lib/thumb/v7e-m+fp/hard/libc_nano.a(libc_a-lock.o)
                                                  /usr/lib/gcc/arm-none-eabi/14.2.0/../../../../arm-none-eabi/lib/thumb/v7e-m+fp/hard/libc_nano.a(libc_a-findfp.o)
__retarget_lock_release                           /usr/lib/gcc/arm-none-eabi/14.2.0/../../../../arm-none-eabi/lib/thumb/v7e-m+fp/hard/libc_nano.a(libc_a-lock.o)
__retarget_lock_release_recursive                 /usr/lib/gcc/arm-none-eabi/14.2.0/../../../../arm-none-eabi/lib/thumb/v7e-m+fp/hard/libc_nano.a(libc_a-lock.o)
                                                  /usr/lib/gcc/arm-none-eabi/14.2.0/../../../../arm-none-eabi/lib/thumb/v7e-m+fp/hard/libc_nano.a(libc_a-fflush.o)
                                                  /usr/lib/gcc/arm-none-eabi/14.2.0/../../../../arm-none-eabi/lib/thumb/v7e-m+fp/hard/libc_nano.a(libc_a-mlock.o)
                                                  /usr/lib/gcc/arm-none-eabi/14.2.0/../../../../arm-none-eabi/lib/thumb/v7e-m+fp/hard/libc_nano.a(libc_a-__call_atexit.o)
                                                  /usr/lib/gcc/arm-none-eabi/14.2.0/../../../../arm-none-eabi/lib/thumb/v7e-m+fp/hard/libc_nano.a(libc_a-__atexit.o)
                                                  /usr/lib/gcc/arm-none-eabi/14.2.0/../../../../arm-none-eabi/lib/thumb/v7e-m+fp/hard/libc_nano.a(libc_a-findfp.o)
__retarget_lock_try_acquire                       /usr/lib/gcc/arm-none-eabi/14.2.0/../../../../arm-none-eabi/lib/thumb/v7e-m+fp/hard/libc_nano.a(libc_a-lock.o)
__retarget_lock_try_acquire_recursive             /usr/lib/gcc/arm-none-eabi/14.2.0/../../../../arm-none-eabi/lib/thumb/v7e-m+fp/hard/libc_nano.a(libc_a-lock.o)
__sclose                                          /usr/lib/gcc/arm-none-eabi/14.2.0/../../../../arm-none-eabi/lib/thumb/v7e-m+fp/hard/libc_nano.a(libc_a-stdio.o)
                                                  /usr/lib/gcc/arm-none-eabi/14.2.0/../../../../arm-none-eabi/lib/thumb/v7e-m+fp/hard/libc_nano.a(libc_a-findfp.o)
__seofread                                        /usr/lib/gcc/arm-none-eabi/14.2.0/../../../../arm-none-eabi/lib/thumb/v7e-m+fp/hard/libc_nano.a(libc_a-stdio.o)
__sf                                              /usr/lib/gcc/arm-none-eabi/14.2.0/../../../../arm-none-eabi/lib/thumb/v7e-m+fp/hard/libc_nano.a(libc_a-findfp.o)
                                                  /usr/lib/gcc/arm-none-eabi/14.2.0/../../../../arm-none-eabi/lib/thumb/v7e-m+fp/hard/libc_nano.a(libc_a-impure.o)
__sflush_r                                        /usr/lib/gcc/arm-none-eabi/14.2.0/../../../../arm-none-eabi/lib/thumb/v7e-m+fp/hard/libc_nano.a(libc_a-fflush.o)
__sfp                                             /usr/lib/gcc/arm-none-eabi/14.2.0/../../../../arm-none-eabi/lib/thumb/v7e-m+fp/hard/libc_nano.a(libc_a-findfp.o)
__sfp_lock_acquire                                /usr/lib/gcc/arm-none-eabi/14.2.0/../../../../arm-none-eabi/lib/thumb/v7e-m+fp/hard/libc_nano.a(libc_a-findfp.o)
__sfp_lock_release                                /usr/lib/gcc/arm-none-eabi/14.2.0/../../../../arm-none-eabi/lib/thumb/v7e-m+fp/hard/libc_nano.a(libc_a-findfp.o)
__sglue                                           /usr/lib/gcc/arm-none-eabi/14.2.0/../../../../arm-none-eabi/lib/thumb/v7e-m+fp/hard/libc_nano.a(libc_a-findfp.o)
                                                  /usr/lib/gcc/arm-none-eabi/14.2.0/../../../../arm-none-eabi/lib/thumb/v7e-m+fp/hard/libc_nano.a(libc_a-fflush.o)
__sinit                                           /usr/lib/gcc/arm-none-eabi/14.2.0/../../../../arm-none-eabi/lib/thumb/v7e-m+fp/hard/libc_nano.a(libc_a-findfp.o)
                                                  /usr/lib/gcc/arm-none-eabi/14.2.0/../../../../arm-none-eabi/lib/thumb/v7e-m+fp/hard/libc_nano.a(libc_a-fflush.o)
__sread                                           /usr/lib/gcc/arm-none-eabi/14.2.0/../../../../arm-none-eabi/lib/thumb/v7e-m+fp/hard/libc_nano.a(libc_a-stdio.o)
                                                  /usr/lib/gcc/arm-none-eabi/14.2.0/../../../../arm-none-eabi/lib/thumb/v7e-m+fp/hard/libc_nano.a(libc_a-findfp.o)
__sseek                                           /usr/lib/gcc/arm-none-eabi/14.2.0/../../../../arm-none-eabi/lib/thumb/v7e-m+fp/hard/libc_nano.a(libc_a-stdio.o)
                                                  /usr/lib/gcc/arm-none-eabi/14.2.0/../../../../arm-none-eabi/lib/thumb/v7e-m+fp/hard/libc_nano.a(libc_a-findfp.o)
__stack                                           /usr/lib/gcc/arm-none-eabi/14.2.0/../../../../arm-none-eabi/lib/thumb/v7e-m+fp/hard/crt0.o
__stdio_exit_handler                              /usr/lib/gcc/arm-none-eabi/14.2.0/../../../../arm-none-eabi/lib/thumb/v7e-m+fp/hard/libc_nano.a(libc_a-findfp.o)
                                                  /usr/lib/gcc/arm-none-eabi/14.2.0/../../../../arm-none-eabi/lib/thumb/v7e-m+fp/hard/libc_nano.a(libc_a-exit.o)
__swrite                                          /usr/lib/gcc/arm-none-eabi/14.2.0/../../../../arm-none-eabi/lib/thumb/v7e-m+fp/hard/libc_nano.a(libc_a-stdio.o)
                                                  /usr/lib/gcc/arm-none-eabi/14.2.0/../../../../arm-none-eabi/lib/thumb/v7e-m+fp/hard/libc_nano.a(libc_a-findfp.o)
__udivmoddi4                                      /usr/lib/gcc/arm-none-eabi/14.2.0/thumb/v7e-m+fp/hard/libgcc.a(_udivmoddi4.o)
                                                  /usr/lib/gcc/arm-none-eabi/14.2.0/thumb/v7e-m+fp/hard/libgcc.a(_aeabi_uldivmod.o)
_close                                            build/debug/syscalls.o
                                                  /usr/lib/gcc/arm-none-eabi/14.2.0/../../../../arm-none-eabi/lib/thumb/v7e-m+fp/hard/libc_nano.a(libc_a-closer.o)
_close_r                                          /usr/lib/gcc/arm-none-eabi/14.2.0/../../../../arm-none-eabi/lib/thumb/v7e-m+fp/hard/libc_nano.a(libc_a-closer.o)
                                                  /usr/lib/gcc/arm-none-eabi/14.2.0/../../../../arm-none-eabi/lib/thumb/v7e-m+fp/hard/libc_nano.a(libc_a-stdio.o)
_ebss                                             build/debug/startup_stm32f401xe.o
_edata                                            build/debug/startup_stm32f401xe.o
_end                                              build/debug/sysmem.o
_estack                                           build/debug/startup_stm32f401xe.o
                                                  build/debug/sysmem.o
_execve                                           build/debug/syscalls.o
_exit                                             build/debug/syscalls.o
                                                  /usr/lib/gcc/arm-none-eabi/14.2.0/../../../../arm-none-eabi/lib/thumb/v7e-m+fp/hard/libc_nano.a(libc_a-exit.o)
_fflush_r                                         /usr/lib/gcc/arm-none-eabi/14.2.0/../../../../arm-none-eabi/lib/thumb/v7e-m+fp/hard/libc_nano.a(libc_a-fflush.o)
                                                  /usr/lib/gcc/arm-none-eabi/14.2.0/../../../../arm-none-eabi/lib/thumb/v7e-m+fp/hard/libc_nano.a(libc_a-findfp.o)
_fini                                             /usr/lib/gcc/arm-none-eabi/14.2.0/thumb/v7e-m+fp/hard/crti.o
                                                  /usr/lib/gcc/arm-none-eabi/14.2.0/../../../../arm-none-eabi/lib/thumb/v7e-m+fp/hard/libc_nano.a(libc_a-fini.o)
_fork                                             build/debug/syscalls.o
_free_r                                           /usr/lib/gcc/arm-none-eabi/14.2.0/../../../../arm-none-eabi/lib/thumb/v7e-m+fp/hard/libc_nano.a(libc_a-freer.o)
                                                  /usr/lib/gcc/arm-none-eabi/14.2.0/../../../../arm-none-eabi/lib/thumb/v7e-m+fp/hard/libc_nano.a(libc_a-fflush.o)
                                                  /usr/lib/gcc/arm-none-eabi/14.2.0/../../../../arm-none-eabi/lib/thumb/v7e-m+fp/hard/libc_nano.a(libc_a-reent.o)
_fstat                                            build/debug/syscalls.o
_fwalk_sglue                                      /usr/lib/gcc/arm-none-eabi/14.2.0/../../../../arm-none-eabi/lib/thumb/v7e-m+fp/hard/libc_nano.a(libc_a-fwalk.o)
                                                  /usr/lib/gcc/arm-none-eabi/14.2.0/../../../../arm-none-eabi/lib/thumb/v7e-m+fp/hard/libc_nano.a(libc_a-fflush.o)
                                                  /usr/lib/gcc/arm-none-eabi/14.2.0/../../../../arm-none-eabi/lib/thumb/v7e-m+fp/hard/libc_nano.a(libc_a-findfp.o)
_getpid                                           build/debug/syscalls.o
_impure_data                                      /usr/lib/gcc/arm-none-eabi/14.2.0/../../../../arm-none-eabi/lib/thumb/v7e-m+fp/hard/libc_nano.a(libc_a-impure.o)
                                                  /usr/lib/gcc/arm-none-eabi/14.2.0/../../../../arm-none-eabi/lib/thumb/v7e-m+fp/hard/libc_nano.a(libc_a-fflush.o)
                                                  /usr/lib/gcc/arm-none-eabi/14.2.0/../../../../arm-none-eabi/lib/thumb/v7e-m+fp/hard/libc_nano.a(libc_a-findfp.o)
_impure_ptr                                       /usr/lib/gcc/arm-none-eabi/14.2.0/../../../../arm-none-eabi/lib/thumb/v7e-m+fp/hard/libc_nano.a(libc_a-impure.o)
                                                  /usr/lib/gcc/arm-none-eabi/14.2.0/../../../../arm-none-eabi/lib/thumb/v7e-m+fp/hard/libc_nano.a(libc_a-fflush.o)
                                                  /usr/lib/gcc/arm-none-eabi/14.2.0/../../../../arm-none-eabi/lib/thumb/v7e-m+fp/hard/libc_nano.a(libc_a-errno.o)
                                                  /usr/lib/gcc/arm-none-eabi/14.2.0/../../../../arm-none-eabi/lib/thumb/v7e-m+fp/hard/libc_nano.a(libc_a-reent.o)
_init                                             /usr/lib/gcc/arm-none-eabi/14.2.0/thumb/v7e-m+fp/hard/crti.o
                                                  /usr/lib/gcc/arm-none-eabi/14.2.0/../../../../arm-none-eabi/lib/thumb/v7e-m+fp/hard/libc_nano.a(libc_a-init.o)
_isatty                                           build/debug/syscalls.o
_kill                                             build/debug/syscalls.o
_link                                             build/debug/syscalls.o
_lseek                                            build/debug/syscalls.o
                                                  /usr/lib/gcc/arm-none-eabi/14.2.0/../../../../arm-none-eabi/lib/thumb/v7e-m+fp/hard/libc_nano.a(libc_a-lseekr.o)
_lseek_r                                          /usr/lib/gcc/arm-none-eabi/14.2.0/../../../../arm-none-eabi/lib/thumb/v7e-m+fp/hard/libc_nano.a(libc_a-lseekr.o)
                                                  /usr/lib/gcc/arm-none-eabi/14.2.0/../../../../arm-none-eabi/lib/thumb/v7e-m+fp/hard/libc_nano.a(libc_a-stdio.o)
_mainCRTStartup                                   /usr/lib/gcc/arm-none-eabi/14.2.0/../../../../arm-none-eabi/lib/thumb/v7e-m+fp/hard/crt0.o
_malloc_r                                         /usr/lib/gcc/arm-none-eabi/14.2.0/../../../../arm-none-eabi/lib/thumb/v7e-m+fp/hard/libc_nano.a(libc_a-mallocr.o)
                                                  /usr/lib/gcc/arm-none-eabi/14.2.0/../../../../arm-none-eabi/lib/thumb/v7e-m+fp/hard/libc_nano.a(libc_a-findfp.o)
_open                                             build/debug/syscalls.o
_read                                             build/debug/syscalls.o
                                                  /usr/lib/gcc/arm-none-eabi/14.2.0/../../../../arm-none-eabi/lib/thumb/v7e-m+fp/hard/libc_nano.a(libc_a-readr.o)
_read_r                                           /usr/lib/gcc/arm-none-eabi/14.2.0/../../../../arm-none-eabi/lib/thumb/v7e-m+fp/hard/libc_nano.a(libc_a-readr.o)
                                                  /usr/lib/gcc/arm-none-eabi/14.2.0/../../../../arm-none-eabi/lib/thumb/v7e-m+fp/hard/libc_nano.a(libc_a-stdio.o)
_reclaim_reent                                    /usr/lib/gcc/arm-none-eabi/14.2.0/../../../../arm-none-eabi/lib/thumb/v7e-m+fp/hard/libc_nano.a(libc_a-reent.o)
_sbrk                                             build/debug/sysmem.o
                                                  /usr/lib/gcc/arm-none-eabi/14.2.0/../../../../arm-none-eabi/lib/thumb/v7e-m+fp/hard/libc_nano.a(libc_a-sbrkr.o)
_sbrk_r                                           /usr/lib/gcc/arm-none-eabi/14.2.0/../../../../arm-none-eabi/lib/thumb/v7e-m+fp/hard/libc_nano.a(libc_a-sbrkr.o)
                                                  /usr/lib/gcc/arm-none-eabi/14.2.0/../../../../arm-none-eabi/lib/thumb/v7e-m+fp/hard/libc_nano.a(libc_a-mallocr.o)
_sbss                                             build/debug/startup_stm32f401xe.o
_sdata                                            build/debug/startup_stm32f401xe.o
_sidata                                           build/debug/startup_stm32f401xe.o
_stack_init                                       /usr/lib/gcc/arm-none-eabi/14.2.0/../../../../arm-none-eabi/lib/thumb/v7e-m+fp/hard/crt0.o
_start                                            /usr/lib/gcc/arm-none-eabi/14.2.0/../../../../arm-none-eabi/lib/thumb/v7e-m+fp/hard/crt0.o
_stat                                             build/debug/syscalls.o
_times                                            build/debug/syscalls.o
_unlink                                           build/debug/syscalls.o
_wait                                             build/debug/syscalls.o
_write                                            build/debug/syscalls.o
                                                  /usr/lib/gcc/arm-none-eabi/14.2.0/../../../../arm-none-eabi/lib/thumb/v7e-m+fp/hard/libc_nano.a(libc_a-writer.o)
_write_r                                          /usr/lib/gcc/arm-none-eabi/14.2.0/../../../../arm-none-eabi/lib/thumb/v7e-m+fp/hard/libc_nano.a(libc_a-writer.o)
                                                  /usr/lib/gcc/arm-none-eabi/14.2.0/../../../../arm-none-eabi/lib/thumb/v7e-m+fp/hard/libc_nano.a(libc_a-stdio.o)
atexit                                            /usr/lib/gcc/arm-none-eabi/14.2.0/../../../../arm-none-eabi/lib/thumb/v7e-m+fp/hard/libc_nano.a(libc_a-atexit.o)
                                                  /usr/lib/gcc/arm-none-eabi/14.2.0/../../../../arm-none-eabi/lib/thumb/v7e-m+fp/hard/crt0.o
environ                                           build/debug/syscalls.o
errno                                             /usr/lib/gcc/arm-none-eabi/14.2.0/../../../../arm-none-eabi/lib/thumb/v7e-m+fp/hard/libc_nano.a(libc_a-reent.o)
                                                  /usr/lib/gcc/arm-none-eabi/14.2.0/../../../../arm-none-eabi/lib/thumb/v7e-m+fp/hard/libc_nano.a(libc_a-sbrkr.o)
                                                  /usr/lib/gcc/arm-none-eabi/14.2.0/../../../../arm-none-eabi/lib/thumb/v7e-m+fp/hard/libc_nano.a(libc_a-writer.o)
                                                  /usr/lib/gcc/arm-none-eabi/14.2.0/../../../../arm-none-eabi/lib/thumb/v7e-m+fp/hard/libc_nano.a(libc_a-readr.o)
                                                  /usr/lib/gcc/arm-none-eabi/14.2.0/../../../../arm-none-eabi/lib/thumb/v7e-m+fp/hard/libc_nano.a(libc_a-lseekr.o)
                                                  /usr/lib/gcc/arm-none-eabi/14.2.0/../../../../arm-none-eabi/lib/thumb/v7e-m+fp/hard/libc_nano.a(libc_a-closer.o)
exit                                              /usr/lib/gcc/arm-none-eabi/14.2.0/../../../../arm-none-eabi/lib/thumb/v7e-m+fp/hard/libc_nano.a(libc_a-exit.o)
                                                  /usr/lib/gcc/arm-none-eabi/14.2.0/../../../../arm-none-eabi/lib/thumb/v7e-m+fp/hard/crt0.o
fflush                                            /usr/lib/gcc/arm-none-eabi/14.2.0/../../../../arm-none-eabi/lib/thumb/v7e-m+fp/hard/libc_nano.a(libc_a-fflush.o)
g_pfnVectors                                      build/debug/startup_stm32f401xe.o
hardware_init_hook                                /usr/lib/gcc/arm-none-eabi/14.2.0/../../../../arm-none-eabi/lib/thumb/v7e-m+fp/hard/crt0.o
initialise_monitor_handles                        build/debug/syscalls.o
main                                              build/debug/main.o
                                                  build/debug/startup_stm32f401xe.o
                                                  /usr/lib/gcc/arm-none-eabi/14.2.0/../../../../arm-none-eabi/lib/thumb/v7e-m+fp/hard/crt0.o
malloc                                            /usr/lib/gcc/arm-none-eabi/14.2.0/../../../../arm-none-eabi/lib/thumb/v7e-m+fp/hard/libc_nano.a(libc_a-__atexit.o)
memset                                            /usr/lib/gcc/arm-none-eabi/14.2.0/../../../../arm-none-eabi/lib/thumb/v7e-m+fp/hard/libc_nano.a(libc_a-memset.o)
                                                  /usr/lib/gcc/arm-none-eabi/14.2.0/../../../../arm-none-eabi/lib/thumb/v7e-m+fp/hard/libc_nano.a(libc_a-findfp.o)
                                                  /usr/lib/gcc/arm-none-eabi/14.2.0/../../../../arm-none-eabi/lib/thumb/v7e-m+fp/hard/crt0.o
software_init_hook                                /usr/lib/gcc/arm-none-eabi/14.2.0/../../../../arm-none-eabi/lib/thumb/v7e-m+fp/hard/crt0.o
