../Drivers/STM32F4xx_HAL_Driver/Inc/stm32f4xx_ll_tim.h:3185:22:LL_TIM_ClearFlag_UPDATE	16	static
../Drivers/STM32F4xx_HAL_Driver/Inc/stm32f4xx_ll_tim.h:3196:26:LL_TIM_IsActiveFlag_UPDATE	16	static
../Drivers/STM32F4xx_HAL_Driver/Inc/stm32f4xx_ll_tim.h:3207:22:LL_TIM_ClearFlag_CC1	16	static
../Drivers/STM32F4xx_HAL_Driver/Inc/stm32f4xx_ll_tim.h:3218:26:LL_TIM_IsActiveFlag_CC1	16	static
../Core/Src/stm32f4xx_it.c:74:6:NMI_Handler	4	static
../Core/Src/stm32f4xx_it.c:88:6:HardFault_Handler	4	static
../Core/Src/stm32f4xx_it.c:103:6:MemManage_Handler	4	static
../Core/Src/stm32f4xx_it.c:118:6:BusFault_Handler	4	static
../Core/Src/stm32f4xx_it.c:133:6:UsageFault_Handler	4	static
../Core/Src/stm32f4xx_it.c:148:6:SVC_Handler	4	static
../Core/Src/stm32f4xx_it.c:161:6:DebugMon_Handler	4	static
../Core/Src/stm32f4xx_it.c:174:6:PendSV_Handler	4	static
../Core/Src/stm32f4xx_it.c:187:6:SysTick_Handler	8	static
../Core/Src/stm32f4xx_it.c:208:6:TIM3_IRQHandler	8	static
