Analysis & Synthesis report for Lab3_2
Tue Mar 25 23:03:25 2025
Quartus Prime Version 23.1std.1 Build 993 05/14/2024 SC Lite Edition


---------------------
; Table of Contents ;
---------------------
  1. Legal Notice
  2. Analysis & Synthesis Summary
  3. Analysis & Synthesis Settings
  4. Parallel Compilation
  5. Analysis & Synthesis Source Files Read
  6. Analysis & Synthesis Resource Usage Summary
  7. Analysis & Synthesis Resource Utilization by Entity
  8. General Register Statistics
  9. Multiplexer Restructuring Statistics (Restructuring Performed)
 10. Parameter Settings for User Entity Instance: signedAdderSubtractor:DEV|regn:REG0
 11. Parameter Settings for User Entity Instance: signedAdderSubtractor:DEV|regn:REG1
 12. Parameter Settings for User Entity Instance: signedAdderSubtractor:DEV|regn:REG2
 13. Post-Synthesis Netlist Statistics for Top Partition
 14. Elapsed Time Per Partition
 15. Analysis & Synthesis Messages



----------------
; Legal Notice ;
----------------
Copyright (C) 2024  Intel Corporation. All rights reserved.
Your use of Intel Corporation's design tools, logic functions 
and other software and tools, and any partner logic 
functions, and any output files from any of the foregoing 
(including device programming or simulation files), and any 
associated documentation or information are expressly subject 
to the terms and conditions of the Intel Program License 
Subscription Agreement, the Intel Quartus Prime License Agreement,
the Intel FPGA IP License Agreement, or other applicable license
agreement, including, without limitation, that your use is for
the sole purpose of programming logic devices manufactured by
Intel and sold by Intel or its authorized distributors.  Please
refer to the applicable agreement for further details, at
https://fpgasoftware.intel.com/eula.



+----------------------------------------------------------------------------------+
; Analysis & Synthesis Summary                                                     ;
+---------------------------------+------------------------------------------------+
; Analysis & Synthesis Status     ; Successful - Tue Mar 25 23:03:25 2025          ;
; Quartus Prime Version           ; 23.1std.1 Build 993 05/14/2024 SC Lite Edition ;
; Revision Name                   ; Lab3_2                                         ;
; Top-level Entity Name           ; device_signedAdderSubtractor                   ;
; Family                          ; Cyclone V                                      ;
; Logic utilization (in ALMs)     ; N/A                                            ;
; Total registers                 ; 13                                             ;
; Total pins                      ; 63                                             ;
; Total virtual pins              ; 0                                              ;
; Total block memory bits         ; 0                                              ;
; Total DSP Blocks                ; 0                                              ;
; Total HSSI RX PCSs              ; 0                                              ;
; Total HSSI PMA RX Deserializers ; 0                                              ;
; Total HSSI TX PCSs              ; 0                                              ;
; Total HSSI PMA TX Serializers   ; 0                                              ;
; Total PLLs                      ; 0                                              ;
; Total DLLs                      ; 0                                              ;
+---------------------------------+------------------------------------------------+


+-------------------------------------------------------------------------------------------------------------------------------------+
; Analysis & Synthesis Settings                                                                                                       ;
+---------------------------------------------------------------------------------+------------------------------+--------------------+
; Option                                                                          ; Setting                      ; Default Value      ;
+---------------------------------------------------------------------------------+------------------------------+--------------------+
; Device                                                                          ; 5CSEMA5F31C6                 ;                    ;
; Top-level entity name                                                           ; device_signedAdderSubtractor ; Lab3_2             ;
; Family name                                                                     ; Cyclone V                    ; Cyclone V          ;
; Use smart compilation                                                           ; Off                          ; Off                ;
; Enable parallel Assembler and Timing Analyzer during compilation                ; On                           ; On                 ;
; Enable compact report table                                                     ; Off                          ; Off                ;
; Restructure Multiplexers                                                        ; Auto                         ; Auto               ;
; MLAB Add Timing Constraints For Mixed-Port Feed-Through Mode Setting Don't Care ; Off                          ; Off                ;
; Create Debugging Nodes for IP Cores                                             ; Off                          ; Off                ;
; Preserve fewer node names                                                       ; On                           ; On                 ;
; Intel FPGA IP Evaluation Mode                                                   ; Enable                       ; Enable             ;
; Verilog Version                                                                 ; Verilog_2001                 ; Verilog_2001       ;
; VHDL Version                                                                    ; VHDL_1993                    ; VHDL_1993          ;
; State Machine Processing                                                        ; Auto                         ; Auto               ;
; Safe State Machine                                                              ; Off                          ; Off                ;
; Extract Verilog State Machines                                                  ; On                           ; On                 ;
; Extract VHDL State Machines                                                     ; On                           ; On                 ;
; Ignore Verilog initial constructs                                               ; Off                          ; Off                ;
; Iteration limit for constant Verilog loops                                      ; 5000                         ; 5000               ;
; Iteration limit for non-constant Verilog loops                                  ; 250                          ; 250                ;
; Add Pass-Through Logic to Inferred RAMs                                         ; On                           ; On                 ;
; Infer RAMs from Raw Logic                                                       ; On                           ; On                 ;
; Parallel Synthesis                                                              ; On                           ; On                 ;
; DSP Block Balancing                                                             ; Auto                         ; Auto               ;
; NOT Gate Push-Back                                                              ; On                           ; On                 ;
; Power-Up Don't Care                                                             ; On                           ; On                 ;
; Remove Redundant Logic Cells                                                    ; Off                          ; Off                ;
; Remove Duplicate Registers                                                      ; On                           ; On                 ;
; Ignore CARRY Buffers                                                            ; Off                          ; Off                ;
; Ignore CASCADE Buffers                                                          ; Off                          ; Off                ;
; Ignore GLOBAL Buffers                                                           ; Off                          ; Off                ;
; Ignore ROW GLOBAL Buffers                                                       ; Off                          ; Off                ;
; Ignore LCELL Buffers                                                            ; Off                          ; Off                ;
; Ignore SOFT Buffers                                                             ; On                           ; On                 ;
; Limit AHDL Integers to 32 Bits                                                  ; Off                          ; Off                ;
; Optimization Technique                                                          ; Balanced                     ; Balanced           ;
; Carry Chain Length                                                              ; 70                           ; 70                 ;
; Auto Carry Chains                                                               ; On                           ; On                 ;
; Auto Open-Drain Pins                                                            ; On                           ; On                 ;
; Perform WYSIWYG Primitive Resynthesis                                           ; Off                          ; Off                ;
; Auto ROM Replacement                                                            ; On                           ; On                 ;
; Auto RAM Replacement                                                            ; On                           ; On                 ;
; Auto DSP Block Replacement                                                      ; On                           ; On                 ;
; Auto Shift Register Replacement                                                 ; Auto                         ; Auto               ;
; Allow Shift Register Merging across Hierarchies                                 ; Auto                         ; Auto               ;
; Auto Clock Enable Replacement                                                   ; On                           ; On                 ;
; Strict RAM Replacement                                                          ; Off                          ; Off                ;
; Allow Synchronous Control Signals                                               ; On                           ; On                 ;
; Force Use of Synchronous Clear Signals                                          ; Off                          ; Off                ;
; Auto Resource Sharing                                                           ; Off                          ; Off                ;
; Allow Any RAM Size For Recognition                                              ; Off                          ; Off                ;
; Allow Any ROM Size For Recognition                                              ; Off                          ; Off                ;
; Allow Any Shift Register Size For Recognition                                   ; Off                          ; Off                ;
; Use LogicLock Constraints during Resource Balancing                             ; On                           ; On                 ;
; Ignore translate_off and synthesis_off directives                               ; Off                          ; Off                ;
; Timing-Driven Synthesis                                                         ; On                           ; On                 ;
; Report Parameter Settings                                                       ; On                           ; On                 ;
; Report Source Assignments                                                       ; On                           ; On                 ;
; Report Connectivity Checks                                                      ; On                           ; On                 ;
; Ignore Maximum Fan-Out Assignments                                              ; Off                          ; Off                ;
; Synchronization Register Chain Length                                           ; 3                            ; 3                  ;
; Power Optimization During Synthesis                                             ; Normal compilation           ; Normal compilation ;
; HDL message level                                                               ; Level2                       ; Level2             ;
; Suppress Register Optimization Related Messages                                 ; Off                          ; Off                ;
; Number of Removed Registers Reported in Synthesis Report                        ; 5000                         ; 5000               ;
; Number of Swept Nodes Reported in Synthesis Report                              ; 5000                         ; 5000               ;
; Number of Inverted Registers Reported in Synthesis Report                       ; 100                          ; 100                ;
; Clock MUX Protection                                                            ; On                           ; On                 ;
; Auto Gated Clock Conversion                                                     ; Off                          ; Off                ;
; Block Design Naming                                                             ; Auto                         ; Auto               ;
; SDC constraint protection                                                       ; Off                          ; Off                ;
; Synthesis Effort                                                                ; Auto                         ; Auto               ;
; Shift Register Replacement - Allow Asynchronous Clear Signal                    ; On                           ; On                 ;
; Pre-Mapping Resynthesis Optimization                                            ; Off                          ; Off                ;
; Analysis & Synthesis Message Level                                              ; Medium                       ; Medium             ;
; Disable Register Merging Across Hierarchies                                     ; Auto                         ; Auto               ;
; Resource Aware Inference For Block RAM                                          ; On                           ; On                 ;
; Automatic Parallel Synthesis                                                    ; On                           ; On                 ;
; Partial Reconfiguration Bitstream ID                                            ; Off                          ; Off                ;
+---------------------------------------------------------------------------------+------------------------------+--------------------+


+------------------------------------------+
; Parallel Compilation                     ;
+----------------------------+-------------+
; Processors                 ; Number      ;
+----------------------------+-------------+
; Number detected on machine ; 12          ;
; Maximum allowed            ; 10          ;
;                            ;             ;
; Average used               ; 1.00        ;
; Maximum used               ; 10          ;
;                            ;             ;
; Usage by Processor         ; % Time Used ;
;     Processor 1            ; 100.0%      ;
;     Processors 2-10        ;   0.0%      ;
+----------------------------+-------------+


+-------------------------------------------------------------------------------------------------------------------------------------------------------------------------------+
; Analysis & Synthesis Source Files Read                                                                                                                                        ;
+----------------------------------+-----------------+-----------------+----------------------------------------------------------------------------------------------+---------+
; File Name with User-Entered Path ; Used in Netlist ; File Type       ; File Name with Absolute Path                                                                 ; Library ;
+----------------------------------+-----------------+-----------------+----------------------------------------------------------------------------------------------+---------+
; device_signedAdderSubtractor.vhd ; yes             ; User VHDL File  ; C:/Users/viola/Desktop/DSE/Laboratory/Lab3/Lab3.2/Synthesis/device_signedAdderSubtractor.vhd ;         ;
; hexDecoder.vhd                   ; yes             ; User VHDL File  ; C:/Users/viola/Desktop/DSE/Laboratory/Lab3/Lab3.2/Synthesis/hexDecoder.vhd                   ;         ;
; signedAdderSubtractor.vhd        ; yes             ; User VHDL File  ; C:/Users/viola/Desktop/DSE/Laboratory/Lab3/Lab3.2/Synthesis/signedAdderSubtractor.vhd        ;         ;
; rippleCarryAdderSubtractor.vhd   ; yes             ; User VHDL File  ; C:/Users/viola/Desktop/DSE/Laboratory/Lab3/Lab3.2/Synthesis/rippleCarryAdderSubtractor.vhd   ;         ;
; regn.vhd                         ; yes             ; User VHDL File  ; C:/Users/viola/Desktop/DSE/Laboratory/Lab3/Lab3.2/Synthesis/regn.vhd                         ;         ;
; ovfdetector.vhd                  ; yes             ; User VHDL File  ; C:/Users/viola/Desktop/DSE/Laboratory/Lab3/Lab3.2/Synthesis/ovfdetector.vhd                  ;         ;
; mux.vhd                          ; yes             ; User VHDL File  ; C:/Users/viola/Desktop/DSE/Laboratory/Lab3/Lab3.2/Synthesis/mux.vhd                          ;         ;
; fullAdder.vhd                    ; yes             ; User VHDL File  ; C:/Users/viola/Desktop/DSE/Laboratory/Lab3/Lab3.2/Synthesis/fullAdder.vhd                    ;         ;
; flipflop.vhd                     ; yes             ; User VHDL File  ; C:/Users/viola/Desktop/DSE/Laboratory/Lab3/Lab3.2/Synthesis/flipflop.vhd                     ;         ;
+----------------------------------+-----------------+-----------------+----------------------------------------------------------------------------------------------+---------+


+------------------------------------------------------------+
; Analysis & Synthesis Resource Usage Summary                ;
+---------------------------------------------+--------------+
; Resource                                    ; Usage        ;
+---------------------------------------------+--------------+
; Estimate of Logic utilization (ALMs needed) ; 16           ;
;                                             ;              ;
; Combinational ALUT usage for logic          ; 27           ;
;     -- 7 input functions                    ; 0            ;
;     -- 6 input functions                    ; 2            ;
;     -- 5 input functions                    ; 2            ;
;     -- 4 input functions                    ; 16           ;
;     -- <=3 input functions                  ; 7            ;
;                                             ;              ;
; Dedicated logic registers                   ; 13           ;
;                                             ;              ;
; I/O pins                                    ; 63           ;
;                                             ;              ;
; Total DSP Blocks                            ; 0            ;
;                                             ;              ;
; Maximum fan-out node                        ; KEY[1]~input ;
; Maximum fan-out                             ; 13           ;
; Total fan-out                               ; 233          ;
; Average fan-out                             ; 1.40         ;
+---------------------------------------------+--------------+


+-----------------------------------------------------------------------------------------------------------------------------------------------------------------------------------------------------------------------------------------------------------------------------------------------------------------+
; Analysis & Synthesis Resource Utilization by Entity                                                                                                                                                                                                                                                             ;
+-----------------------------------------+---------------------+---------------------------+-------------------+------------+------+--------------+----------------------------------------------------------------------------------------------------------------+------------------------------+--------------+
; Compilation Hierarchy Node              ; Combinational ALUTs ; Dedicated Logic Registers ; Block Memory Bits ; DSP Blocks ; Pins ; Virtual Pins ; Full Hierarchy Name                                                                                            ; Entity Name                  ; Library Name ;
+-----------------------------------------+---------------------+---------------------------+-------------------+------------+------+--------------+----------------------------------------------------------------------------------------------------------------+------------------------------+--------------+
; |device_signedAdderSubtractor           ; 27 (0)              ; 13 (0)                    ; 0                 ; 0          ; 63   ; 0            ; |device_signedAdderSubtractor                                                                                  ; device_signedAdderSubtractor ; work         ;
;    |hexDecoder:DEC0|                    ; 7 (7)               ; 0 (0)                     ; 0                 ; 0          ; 0    ; 0            ; |device_signedAdderSubtractor|hexDecoder:DEC0                                                                  ; hexDecoder                   ; work         ;
;    |hexDecoder:DEC1|                    ; 7 (7)               ; 0 (0)                     ; 0                 ; 0          ; 0    ; 0            ; |device_signedAdderSubtractor|hexDecoder:DEC1                                                                  ; hexDecoder                   ; work         ;
;    |hexDecoder:DEC2|                    ; 7 (7)               ; 0 (0)                     ; 0                 ; 0          ; 0    ; 0            ; |device_signedAdderSubtractor|hexDecoder:DEC2                                                                  ; hexDecoder                   ; work         ;
;    |signedAdderSubtractor:DEV|          ; 6 (0)               ; 13 (0)                    ; 0                 ; 0          ; 0    ; 0            ; |device_signedAdderSubtractor|signedAdderSubtractor:DEV                                                        ; signedAdderSubtractor        ; work         ;
;       |flipflop:DFF0|                   ; 0 (0)               ; 1 (1)                     ; 0                 ; 0          ; 0    ; 0            ; |device_signedAdderSubtractor|signedAdderSubtractor:DEV|flipflop:DFF0                                          ; flipflop                     ; work         ;
;       |ovfdetector:OVFD|                ; 1 (1)               ; 0 (0)                     ; 0                 ; 0          ; 0    ; 0            ; |device_signedAdderSubtractor|signedAdderSubtractor:DEV|ovfdetector:OVFD                                       ; ovfdetector                  ; work         ;
;       |regn:REG0|                       ; 0 (0)               ; 4 (4)                     ; 0                 ; 0          ; 0    ; 0            ; |device_signedAdderSubtractor|signedAdderSubtractor:DEV|regn:REG0                                              ; regn                         ; work         ;
;       |regn:REG1|                       ; 0 (0)               ; 4 (4)                     ; 0                 ; 0          ; 0    ; 0            ; |device_signedAdderSubtractor|signedAdderSubtractor:DEV|regn:REG1                                              ; regn                         ; work         ;
;       |regn:REG2|                       ; 0 (0)               ; 4 (4)                     ; 0                 ; 0          ; 0    ; 0            ; |device_signedAdderSubtractor|signedAdderSubtractor:DEV|regn:REG2                                              ; regn                         ; work         ;
;       |rippleCarryAdderSubtractor:RCA0| ; 5 (0)               ; 0 (0)                     ; 0                 ; 0          ; 0    ; 0            ; |device_signedAdderSubtractor|signedAdderSubtractor:DEV|rippleCarryAdderSubtractor:RCA0                        ; rippleCarryAdderSubtractor   ; work         ;
;          |fullAdder:FA0|                ; 1 (1)               ; 0 (0)                     ; 0                 ; 0          ; 0    ; 0            ; |device_signedAdderSubtractor|signedAdderSubtractor:DEV|rippleCarryAdderSubtractor:RCA0|fullAdder:FA0          ; fullAdder                    ; work         ;
;          |fullAdder:FA1|                ; 2 (1)               ; 0 (0)                     ; 0                 ; 0          ; 0    ; 0            ; |device_signedAdderSubtractor|signedAdderSubtractor:DEV|rippleCarryAdderSubtractor:RCA0|fullAdder:FA1          ; fullAdder                    ; work         ;
;             |mux:MUX0|                  ; 1 (1)               ; 0 (0)                     ; 0                 ; 0          ; 0    ; 0            ; |device_signedAdderSubtractor|signedAdderSubtractor:DEV|rippleCarryAdderSubtractor:RCA0|fullAdder:FA1|mux:MUX0 ; mux                          ; work         ;
;          |fullAdder:FA2|                ; 1 (1)               ; 0 (0)                     ; 0                 ; 0          ; 0    ; 0            ; |device_signedAdderSubtractor|signedAdderSubtractor:DEV|rippleCarryAdderSubtractor:RCA0|fullAdder:FA2          ; fullAdder                    ; work         ;
;          |fullAdder:FA3|                ; 1 (1)               ; 0 (0)                     ; 0                 ; 0          ; 0    ; 0            ; |device_signedAdderSubtractor|signedAdderSubtractor:DEV|rippleCarryAdderSubtractor:RCA0|fullAdder:FA3          ; fullAdder                    ; work         ;
+-----------------------------------------+---------------------+---------------------------+-------------------+------------+------+--------------+----------------------------------------------------------------------------------------------------------------+------------------------------+--------------+
Note: For table entries with two numbers listed, the numbers in parentheses indicate the number of resources of the given type used by the specific entity alone. The numbers listed outside of parentheses indicate the total resources of the given type used by the specific entity and all of its sub-entities in the hierarchy.


+------------------------------------------------------+
; General Register Statistics                          ;
+----------------------------------------------+-------+
; Statistic                                    ; Value ;
+----------------------------------------------+-------+
; Total registers                              ; 13    ;
; Number of registers using Synchronous Clear  ; 0     ;
; Number of registers using Synchronous Load   ; 0     ;
; Number of registers using Asynchronous Clear ; 13    ;
; Number of registers using Asynchronous Load  ; 0     ;
; Number of registers using Clock Enable       ; 0     ;
; Number of registers using Preset             ; 0     ;
+----------------------------------------------+-------+


+---------------------------------------------------------------------------------------------------------------------------------------------------------------------+
; Multiplexer Restructuring Statistics (Restructuring Performed)                                                                                                      ;
+--------------------+-----------+---------------+----------------------+------------------------+------------+-------------------------------------------------------+
; Multiplexer Inputs ; Bus Width ; Baseline Area ; Area if Restructured ; Saving if Restructured ; Registered ; Example Multiplexer Output                            ;
+--------------------+-----------+---------------+----------------------+------------------------+------------+-------------------------------------------------------+
; 5:1                ; 2 bits    ; 6 LEs         ; 6 LEs                ; 0 LEs                  ; No         ; |device_signedAdderSubtractor|hexDecoder:DEC2|OUT1[5] ;
; 5:1                ; 2 bits    ; 6 LEs         ; 6 LEs                ; 0 LEs                  ; No         ; |device_signedAdderSubtractor|hexDecoder:DEC1|OUT1[5] ;
; 5:1                ; 2 bits    ; 6 LEs         ; 6 LEs                ; 0 LEs                  ; No         ; |device_signedAdderSubtractor|hexDecoder:DEC0|OUT1[5] ;
; 6:1                ; 3 bits    ; 12 LEs        ; 12 LEs               ; 0 LEs                  ; No         ; |device_signedAdderSubtractor|hexDecoder:DEC2|OUT1[0] ;
; 6:1                ; 3 bits    ; 12 LEs        ; 12 LEs               ; 0 LEs                  ; No         ; |device_signedAdderSubtractor|hexDecoder:DEC1|OUT1[0] ;
; 6:1                ; 3 bits    ; 12 LEs        ; 12 LEs               ; 0 LEs                  ; No         ; |device_signedAdderSubtractor|hexDecoder:DEC0|OUT1[2] ;
+--------------------+-----------+---------------+----------------------+------------------------+------------+-------------------------------------------------------+


+----------------------------------------------------------------------------------+
; Parameter Settings for User Entity Instance: signedAdderSubtractor:DEV|regn:REG0 ;
+----------------+-------+---------------------------------------------------------+
; Parameter Name ; Value ; Type                                                    ;
+----------------+-------+---------------------------------------------------------+
; n              ; 4     ; Signed Integer                                          ;
+----------------+-------+---------------------------------------------------------+
Note: In order to hide this table in the UI and the text report file, please set the "Show Parameter Settings in Synthesis Report" option in "Analysis and Synthesis Settings -> More Settings" to "Off".


+----------------------------------------------------------------------------------+
; Parameter Settings for User Entity Instance: signedAdderSubtractor:DEV|regn:REG1 ;
+----------------+-------+---------------------------------------------------------+
; Parameter Name ; Value ; Type                                                    ;
+----------------+-------+---------------------------------------------------------+
; n              ; 4     ; Signed Integer                                          ;
+----------------+-------+---------------------------------------------------------+
Note: In order to hide this table in the UI and the text report file, please set the "Show Parameter Settings in Synthesis Report" option in "Analysis and Synthesis Settings -> More Settings" to "Off".


+----------------------------------------------------------------------------------+
; Parameter Settings for User Entity Instance: signedAdderSubtractor:DEV|regn:REG2 ;
+----------------+-------+---------------------------------------------------------+
; Parameter Name ; Value ; Type                                                    ;
+----------------+-------+---------------------------------------------------------+
; n              ; 4     ; Signed Integer                                          ;
+----------------+-------+---------------------------------------------------------+
Note: In order to hide this table in the UI and the text report file, please set the "Show Parameter Settings in Synthesis Report" option in "Analysis and Synthesis Settings -> More Settings" to "Off".


+-----------------------------------------------------+
; Post-Synthesis Netlist Statistics for Top Partition ;
+-----------------------+-----------------------------+
; Type                  ; Count                       ;
+-----------------------+-----------------------------+
; arriav_ff             ; 13                          ;
;     CLR               ; 13                          ;
; arriav_lcell_comb     ; 32                          ;
;     normal            ; 32                          ;
;         0 data inputs ; 2                           ;
;         1 data inputs ; 3                           ;
;         2 data inputs ; 1                           ;
;         3 data inputs ; 6                           ;
;         4 data inputs ; 16                          ;
;         5 data inputs ; 2                           ;
;         6 data inputs ; 2                           ;
; boundary_port         ; 63                          ;
;                       ;                             ;
; Max LUT depth         ; 2.00                        ;
; Average LUT depth     ; 1.07                        ;
+-----------------------+-----------------------------+


+-------------------------------+
; Elapsed Time Per Partition    ;
+----------------+--------------+
; Partition Name ; Elapsed Time ;
+----------------+--------------+
; Top            ; 00:00:00     ;
+----------------+--------------+


+-------------------------------+
; Analysis & Synthesis Messages ;
+-------------------------------+
Info: *******************************************************************
Info: Running Quartus Prime Analysis & Synthesis
    Info: Version 23.1std.1 Build 993 05/14/2024 SC Lite Edition
    Info: Processing started: Tue Mar 25 23:03:14 2025
Info: Command: quartus_map --read_settings_files=on --write_settings_files=off Lab3_2 -c Lab3_2
Warning (18236): Number of processors has not been specified which may cause overloading on shared machines.  Set the global assignment NUM_PARALLEL_PROCESSORS in your QSF to an appropriate value for best performance.
Info (20030): Parallel compilation is enabled and will use 10 of the 10 processors detected
Info (12021): Found 2 design units, including 1 entities, in source file device_signedaddersubtractor.vhd
    Info (12022): Found design unit 1: device_signedAdderSubtractor-Behavior File: C:/Users/viola/Desktop/DSE/Laboratory/Lab3/Lab3.2/Synthesis/device_signedAdderSubtractor.vhd Line: 20
    Info (12023): Found entity 1: device_signedAdderSubtractor File: C:/Users/viola/Desktop/DSE/Laboratory/Lab3/Lab3.2/Synthesis/device_signedAdderSubtractor.vhd Line: 11
Info (12021): Found 2 design units, including 1 entities, in source file hexdecoder.vhd
    Info (12022): Found design unit 1: hexDecoder-Behavior File: C:/Users/viola/Desktop/DSE/Laboratory/Lab3/Lab3.2/Synthesis/hexDecoder.vhd Line: 19
    Info (12023): Found entity 1: hexDecoder File: C:/Users/viola/Desktop/DSE/Laboratory/Lab3/Lab3.2/Synthesis/hexDecoder.vhd Line: 11
Info (12021): Found 2 design units, including 1 entities, in source file signedaddersubtractor.vhd
    Info (12022): Found design unit 1: signedAdderSubtractor-Behavior File: C:/Users/viola/Desktop/DSE/Laboratory/Lab3/Lab3.2/Synthesis/signedAdderSubtractor.vhd Line: 20
    Info (12023): Found entity 1: signedAdderSubtractor File: C:/Users/viola/Desktop/DSE/Laboratory/Lab3/Lab3.2/Synthesis/signedAdderSubtractor.vhd Line: 11
Info (12021): Found 2 design units, including 1 entities, in source file ripplecarryaddersubtractor.vhd
    Info (12022): Found design unit 1: rippleCarryAdderSubtractor-Behavior File: C:/Users/viola/Desktop/DSE/Laboratory/Lab3/Lab3.2/Synthesis/rippleCarryAdderSubtractor.vhd Line: 20
    Info (12023): Found entity 1: rippleCarryAdderSubtractor File: C:/Users/viola/Desktop/DSE/Laboratory/Lab3/Lab3.2/Synthesis/rippleCarryAdderSubtractor.vhd Line: 11
Info (12021): Found 2 design units, including 1 entities, in source file regn.vhd
    Info (12022): Found design unit 1: regn-Behavior File: C:/Users/viola/Desktop/DSE/Laboratory/Lab3/Lab3.2/Synthesis/regn.vhd Line: 20
    Info (12023): Found entity 1: regn File: C:/Users/viola/Desktop/DSE/Laboratory/Lab3/Lab3.2/Synthesis/regn.vhd Line: 11
Info (12021): Found 2 design units, including 1 entities, in source file ovfdetector.vhd
    Info (12022): Found design unit 1: ovfdetector-Behavior File: C:/Users/viola/Desktop/DSE/Laboratory/Lab3/Lab3.2/Synthesis/ovfdetector.vhd Line: 16
    Info (12023): Found entity 1: ovfdetector File: C:/Users/viola/Desktop/DSE/Laboratory/Lab3/Lab3.2/Synthesis/ovfdetector.vhd Line: 10
Warning (12090): Entity "mux" obtained from "mux.vhd" instead of from Quartus Prime megafunction library File: C:/Users/viola/Desktop/DSE/Laboratory/Lab3/Lab3.2/Synthesis/mux.vhd Line: 10
Info (12021): Found 2 design units, including 1 entities, in source file mux.vhd
    Info (12022): Found design unit 1: mux-stuctural File: C:/Users/viola/Desktop/DSE/Laboratory/Lab3/Lab3.2/Synthesis/mux.vhd Line: 16
    Info (12023): Found entity 1: mux File: C:/Users/viola/Desktop/DSE/Laboratory/Lab3/Lab3.2/Synthesis/mux.vhd Line: 10
Info (12021): Found 2 design units, including 1 entities, in source file fulladder.vhd
    Info (12022): Found design unit 1: fullAdder-stuctural File: C:/Users/viola/Desktop/DSE/Laboratory/Lab3/Lab3.2/Synthesis/fullAdder.vhd Line: 18
    Info (12023): Found entity 1: fullAdder File: C:/Users/viola/Desktop/DSE/Laboratory/Lab3/Lab3.2/Synthesis/fullAdder.vhd Line: 11
Info (12021): Found 2 design units, including 1 entities, in source file flipflop.vhd
    Info (12022): Found design unit 1: flipflop-Behavior File: C:/Users/viola/Desktop/DSE/Laboratory/Lab3/Lab3.2/Synthesis/flipflop.vhd Line: 16
    Info (12023): Found entity 1: flipflop File: C:/Users/viola/Desktop/DSE/Laboratory/Lab3/Lab3.2/Synthesis/flipflop.vhd Line: 10
Info (12127): Elaborating entity "device_signedAdderSubtractor" for the top level hierarchy
Warning (10873): Using initial value X (don't care) for net "LEDR[8..0]" at device_signedAdderSubtractor.vhd(15) File: C:/Users/viola/Desktop/DSE/Laboratory/Lab3/Lab3.2/Synthesis/device_signedAdderSubtractor.vhd Line: 15
Info (12128): Elaborating entity "signedAdderSubtractor" for hierarchy "signedAdderSubtractor:DEV" File: C:/Users/viola/Desktop/DSE/Laboratory/Lab3/Lab3.2/Synthesis/device_signedAdderSubtractor.vhd Line: 42
Info (12128): Elaborating entity "regn" for hierarchy "signedAdderSubtractor:DEV|regn:REG0" File: C:/Users/viola/Desktop/DSE/Laboratory/Lab3/Lab3.2/Synthesis/signedAdderSubtractor.vhd Line: 53
Info (12128): Elaborating entity "rippleCarryAdderSubtractor" for hierarchy "signedAdderSubtractor:DEV|rippleCarryAdderSubtractor:RCA0" File: C:/Users/viola/Desktop/DSE/Laboratory/Lab3/Lab3.2/Synthesis/signedAdderSubtractor.vhd Line: 59
Info (12128): Elaborating entity "fullAdder" for hierarchy "signedAdderSubtractor:DEV|rippleCarryAdderSubtractor:RCA0|fullAdder:FA0" File: C:/Users/viola/Desktop/DSE/Laboratory/Lab3/Lab3.2/Synthesis/rippleCarryAdderSubtractor.vhd Line: 30
Info (12128): Elaborating entity "mux" for hierarchy "signedAdderSubtractor:DEV|rippleCarryAdderSubtractor:RCA0|fullAdder:FA0|mux:MUX0" File: C:/Users/viola/Desktop/DSE/Laboratory/Lab3/Lab3.2/Synthesis/fullAdder.vhd Line: 29
Info (12128): Elaborating entity "flipflop" for hierarchy "signedAdderSubtractor:DEV|flipflop:DFF0" File: C:/Users/viola/Desktop/DSE/Laboratory/Lab3/Lab3.2/Synthesis/signedAdderSubtractor.vhd Line: 61
Info (12128): Elaborating entity "ovfdetector" for hierarchy "signedAdderSubtractor:DEV|ovfdetector:OVFD" File: C:/Users/viola/Desktop/DSE/Laboratory/Lab3/Lab3.2/Synthesis/signedAdderSubtractor.vhd Line: 63
Info (12128): Elaborating entity "hexDecoder" for hierarchy "hexDecoder:DEC0" File: C:/Users/viola/Desktop/DSE/Laboratory/Lab3/Lab3.2/Synthesis/device_signedAdderSubtractor.vhd Line: 44
Warning (13024): Output pins are stuck at VCC or GND
    Warning (13410): Pin "LEDR[0]" is stuck at GND File: C:/Users/viola/Desktop/DSE/Laboratory/Lab3/Lab3.2/Synthesis/device_signedAdderSubtractor.vhd Line: 15
    Warning (13410): Pin "LEDR[1]" is stuck at GND File: C:/Users/viola/Desktop/DSE/Laboratory/Lab3/Lab3.2/Synthesis/device_signedAdderSubtractor.vhd Line: 15
    Warning (13410): Pin "LEDR[2]" is stuck at GND File: C:/Users/viola/Desktop/DSE/Laboratory/Lab3/Lab3.2/Synthesis/device_signedAdderSubtractor.vhd Line: 15
    Warning (13410): Pin "LEDR[3]" is stuck at GND File: C:/Users/viola/Desktop/DSE/Laboratory/Lab3/Lab3.2/Synthesis/device_signedAdderSubtractor.vhd Line: 15
    Warning (13410): Pin "LEDR[4]" is stuck at GND File: C:/Users/viola/Desktop/DSE/Laboratory/Lab3/Lab3.2/Synthesis/device_signedAdderSubtractor.vhd Line: 15
    Warning (13410): Pin "LEDR[5]" is stuck at GND File: C:/Users/viola/Desktop/DSE/Laboratory/Lab3/Lab3.2/Synthesis/device_signedAdderSubtractor.vhd Line: 15
    Warning (13410): Pin "LEDR[6]" is stuck at GND File: C:/Users/viola/Desktop/DSE/Laboratory/Lab3/Lab3.2/Synthesis/device_signedAdderSubtractor.vhd Line: 15
    Warning (13410): Pin "LEDR[7]" is stuck at GND File: C:/Users/viola/Desktop/DSE/Laboratory/Lab3/Lab3.2/Synthesis/device_signedAdderSubtractor.vhd Line: 15
    Warning (13410): Pin "LEDR[8]" is stuck at GND File: C:/Users/viola/Desktop/DSE/Laboratory/Lab3/Lab3.2/Synthesis/device_signedAdderSubtractor.vhd Line: 15
    Warning (13410): Pin "HEX1[5]" is stuck at VCC File: C:/Users/viola/Desktop/DSE/Laboratory/Lab3/Lab3.2/Synthesis/device_signedAdderSubtractor.vhd Line: 16
    Warning (13410): Pin "HEX1[4]" is stuck at VCC File: C:/Users/viola/Desktop/DSE/Laboratory/Lab3/Lab3.2/Synthesis/device_signedAdderSubtractor.vhd Line: 16
    Warning (13410): Pin "HEX1[3]" is stuck at VCC File: C:/Users/viola/Desktop/DSE/Laboratory/Lab3/Lab3.2/Synthesis/device_signedAdderSubtractor.vhd Line: 16
    Warning (13410): Pin "HEX1[2]" is stuck at VCC File: C:/Users/viola/Desktop/DSE/Laboratory/Lab3/Lab3.2/Synthesis/device_signedAdderSubtractor.vhd Line: 16
    Warning (13410): Pin "HEX1[1]" is stuck at VCC File: C:/Users/viola/Desktop/DSE/Laboratory/Lab3/Lab3.2/Synthesis/device_signedAdderSubtractor.vhd Line: 16
    Warning (13410): Pin "HEX1[0]" is stuck at VCC File: C:/Users/viola/Desktop/DSE/Laboratory/Lab3/Lab3.2/Synthesis/device_signedAdderSubtractor.vhd Line: 16
    Warning (13410): Pin "HEX3[5]" is stuck at VCC File: C:/Users/viola/Desktop/DSE/Laboratory/Lab3/Lab3.2/Synthesis/device_signedAdderSubtractor.vhd Line: 16
    Warning (13410): Pin "HEX3[4]" is stuck at VCC File: C:/Users/viola/Desktop/DSE/Laboratory/Lab3/Lab3.2/Synthesis/device_signedAdderSubtractor.vhd Line: 16
    Warning (13410): Pin "HEX3[3]" is stuck at VCC File: C:/Users/viola/Desktop/DSE/Laboratory/Lab3/Lab3.2/Synthesis/device_signedAdderSubtractor.vhd Line: 16
    Warning (13410): Pin "HEX3[2]" is stuck at VCC File: C:/Users/viola/Desktop/DSE/Laboratory/Lab3/Lab3.2/Synthesis/device_signedAdderSubtractor.vhd Line: 16
    Warning (13410): Pin "HEX3[1]" is stuck at VCC File: C:/Users/viola/Desktop/DSE/Laboratory/Lab3/Lab3.2/Synthesis/device_signedAdderSubtractor.vhd Line: 16
    Warning (13410): Pin "HEX3[0]" is stuck at VCC File: C:/Users/viola/Desktop/DSE/Laboratory/Lab3/Lab3.2/Synthesis/device_signedAdderSubtractor.vhd Line: 16
    Warning (13410): Pin "HEX5[5]" is stuck at VCC File: C:/Users/viola/Desktop/DSE/Laboratory/Lab3/Lab3.2/Synthesis/device_signedAdderSubtractor.vhd Line: 16
    Warning (13410): Pin "HEX5[4]" is stuck at VCC File: C:/Users/viola/Desktop/DSE/Laboratory/Lab3/Lab3.2/Synthesis/device_signedAdderSubtractor.vhd Line: 16
    Warning (13410): Pin "HEX5[3]" is stuck at VCC File: C:/Users/viola/Desktop/DSE/Laboratory/Lab3/Lab3.2/Synthesis/device_signedAdderSubtractor.vhd Line: 16
    Warning (13410): Pin "HEX5[2]" is stuck at VCC File: C:/Users/viola/Desktop/DSE/Laboratory/Lab3/Lab3.2/Synthesis/device_signedAdderSubtractor.vhd Line: 16
    Warning (13410): Pin "HEX5[1]" is stuck at VCC File: C:/Users/viola/Desktop/DSE/Laboratory/Lab3/Lab3.2/Synthesis/device_signedAdderSubtractor.vhd Line: 16
    Warning (13410): Pin "HEX5[0]" is stuck at VCC File: C:/Users/viola/Desktop/DSE/Laboratory/Lab3/Lab3.2/Synthesis/device_signedAdderSubtractor.vhd Line: 16
Info (286030): Timing-Driven Synthesis is running
Info (16010): Generating hard_block partition "hard_block:auto_generated_inst"
    Info (16011): Adding 0 node(s), including 0 DDIO, 0 PLL, 0 transceiver and 0 LCELL
Info (21057): Implemented 98 device resources after synthesis - the final resource count might be different
    Info (21058): Implemented 11 input pins
    Info (21059): Implemented 52 output pins
    Info (21061): Implemented 35 logic cells
Info: Quartus Prime Analysis & Synthesis was successful. 0 errors, 31 warnings
    Info: Peak virtual memory: 4955 megabytes
    Info: Processing ended: Tue Mar 25 23:03:25 2025
    Info: Elapsed time: 00:00:11
    Info: Total CPU time (on all processors): 00:00:22


