Archive member included to satisfy reference by file (symbol)

C:/ST/STM32CubeIDE_1.18.1/STM32CubeIDE/plugins/com.st.stm32cube.ide.mcu.externaltools.gnu-tools-for-stm32.13.3.rel1.win32_1.0.0.202411081344/tools/bin/../lib/gcc/arm-none-eabi/13.3.1/../../../../arm-none-eabi/lib/thumb/v7e-m+fp/hard\libc_nano.a(libc_a-exit.o)
                              C:/ST/STM32CubeIDE_1.18.1/STM32CubeIDE/plugins/com.st.stm32cube.ide.mcu.externaltools.gnu-tools-for-stm32.13.3.rel1.win32_1.0.0.202411081344/tools/bin/../lib/gcc/arm-none-eabi/13.3.1/../../../../arm-none-eabi/lib/thumb/v7e-m+fp/hard/crt0.o (exit)
C:/ST/STM32CubeIDE_1.18.1/STM32CubeIDE/plugins/com.st.stm32cube.ide.mcu.externaltools.gnu-tools-for-stm32.13.3.rel1.win32_1.0.0.202411081344/tools/bin/../lib/gcc/arm-none-eabi/13.3.1/../../../../arm-none-eabi/lib/thumb/v7e-m+fp/hard\libc_nano.a(libc_a-findfp.o)
                              C:/ST/STM32CubeIDE_1.18.1/STM32CubeIDE/plugins/com.st.stm32cube.ide.mcu.externaltools.gnu-tools-for-stm32.13.3.rel1.win32_1.0.0.202411081344/tools/bin/../lib/gcc/arm-none-eabi/13.3.1/../../../../arm-none-eabi/lib/thumb/v7e-m+fp/hard\libc_nano.a(libc_a-exit.o) (__stdio_exit_handler)
C:/ST/STM32CubeIDE_1.18.1/STM32CubeIDE/plugins/com.st.stm32cube.ide.mcu.externaltools.gnu-tools-for-stm32.13.3.rel1.win32_1.0.0.202411081344/tools/bin/../lib/gcc/arm-none-eabi/13.3.1/../../../../arm-none-eabi/lib/thumb/v7e-m+fp/hard\libc_nano.a(libc_a-fwalk.o)
                              C:/ST/STM32CubeIDE_1.18.1/STM32CubeIDE/plugins/com.st.stm32cube.ide.mcu.externaltools.gnu-tools-for-stm32.13.3.rel1.win32_1.0.0.202411081344/tools/bin/../lib/gcc/arm-none-eabi/13.3.1/../../../../arm-none-eabi/lib/thumb/v7e-m+fp/hard\libc_nano.a(libc_a-findfp.o) (_fwalk_sglue)
C:/ST/STM32CubeIDE_1.18.1/STM32CubeIDE/plugins/com.st.stm32cube.ide.mcu.externaltools.gnu-tools-for-stm32.13.3.rel1.win32_1.0.0.202411081344/tools/bin/../lib/gcc/arm-none-eabi/13.3.1/../../../../arm-none-eabi/lib/thumb/v7e-m+fp/hard\libc_nano.a(libc_a-stdio.o)
                              C:/ST/STM32CubeIDE_1.18.1/STM32CubeIDE/plugins/com.st.stm32cube.ide.mcu.externaltools.gnu-tools-for-stm32.13.3.rel1.win32_1.0.0.202411081344/tools/bin/../lib/gcc/arm-none-eabi/13.3.1/../../../../arm-none-eabi/lib/thumb/v7e-m+fp/hard\libc_nano.a(libc_a-findfp.o) (__sread)
C:/ST/STM32CubeIDE_1.18.1/STM32CubeIDE/plugins/com.st.stm32cube.ide.mcu.externaltools.gnu-tools-for-stm32.13.3.rel1.win32_1.0.0.202411081344/tools/bin/../lib/gcc/arm-none-eabi/13.3.1/../../../../arm-none-eabi/lib/thumb/v7e-m+fp/hard\libc_nano.a(libc_a-memset.o)
                              C:/ST/STM32CubeIDE_1.18.1/STM32CubeIDE/plugins/com.st.stm32cube.ide.mcu.externaltools.gnu-tools-for-stm32.13.3.rel1.win32_1.0.0.202411081344/tools/bin/../lib/gcc/arm-none-eabi/13.3.1/../../../../arm-none-eabi/lib/thumb/v7e-m+fp/hard/crt0.o (memset)
C:/ST/STM32CubeIDE_1.18.1/STM32CubeIDE/plugins/com.st.stm32cube.ide.mcu.externaltools.gnu-tools-for-stm32.13.3.rel1.win32_1.0.0.202411081344/tools/bin/../lib/gcc/arm-none-eabi/13.3.1/../../../../arm-none-eabi/lib/thumb/v7e-m+fp/hard\libc_nano.a(libc_a-closer.o)
                              C:/ST/STM32CubeIDE_1.18.1/STM32CubeIDE/plugins/com.st.stm32cube.ide.mcu.externaltools.gnu-tools-for-stm32.13.3.rel1.win32_1.0.0.202411081344/tools/bin/../lib/gcc/arm-none-eabi/13.3.1/../../../../arm-none-eabi/lib/thumb/v7e-m+fp/hard\libc_nano.a(libc_a-stdio.o) (_close_r)
C:/ST/STM32CubeIDE_1.18.1/STM32CubeIDE/plugins/com.st.stm32cube.ide.mcu.externaltools.gnu-tools-for-stm32.13.3.rel1.win32_1.0.0.202411081344/tools/bin/../lib/gcc/arm-none-eabi/13.3.1/../../../../arm-none-eabi/lib/thumb/v7e-m+fp/hard\libc_nano.a(libc_a-reent.o)
                              C:/ST/STM32CubeIDE_1.18.1/STM32CubeIDE/plugins/com.st.stm32cube.ide.mcu.externaltools.gnu-tools-for-stm32.13.3.rel1.win32_1.0.0.202411081344/tools/bin/../lib/gcc/arm-none-eabi/13.3.1/../../../../arm-none-eabi/lib/thumb/v7e-m+fp/hard\libc_nano.a(libc_a-closer.o) (errno)
C:/ST/STM32CubeIDE_1.18.1/STM32CubeIDE/plugins/com.st.stm32cube.ide.mcu.externaltools.gnu-tools-for-stm32.13.3.rel1.win32_1.0.0.202411081344/tools/bin/../lib/gcc/arm-none-eabi/13.3.1/../../../../arm-none-eabi/lib/thumb/v7e-m+fp/hard\libc_nano.a(libc_a-impure.o)
                              C:/ST/STM32CubeIDE_1.18.1/STM32CubeIDE/plugins/com.st.stm32cube.ide.mcu.externaltools.gnu-tools-for-stm32.13.3.rel1.win32_1.0.0.202411081344/tools/bin/../lib/gcc/arm-none-eabi/13.3.1/../../../../arm-none-eabi/lib/thumb/v7e-m+fp/hard\libc_nano.a(libc_a-reent.o) (_impure_ptr)
C:/ST/STM32CubeIDE_1.18.1/STM32CubeIDE/plugins/com.st.stm32cube.ide.mcu.externaltools.gnu-tools-for-stm32.13.3.rel1.win32_1.0.0.202411081344/tools/bin/../lib/gcc/arm-none-eabi/13.3.1/../../../../arm-none-eabi/lib/thumb/v7e-m+fp/hard\libc_nano.a(libc_a-lseekr.o)
[...]
Memory Configuration

Name             Origin             Length             Attributes
RAM              0x20000000         0x00018000         xrw
FLASH            0x08000000         0x00080000         xr
*default*        0x00000000         0xffffffff

Linker script and memory map

LOAD C:/ST/STM32CubeIDE_1.18.1/STM32CubeIDE/plugins/com.st.stm32cube.ide.mcu.externaltools.gnu-tools-for-stm32.13.3.rel1.win32_1.0.0.202411081344/tools/bin/../lib/gcc/arm-none-eabi/13.3.1/thumb/v7e-m+fp/hard/crti.o
LOAD C:/ST/STM32CubeIDE_1.18.1/STM32CubeIDE/plugins/com.st.stm32cube.ide.mcu.externaltools.gnu-tools-for-stm32.13.3.rel1.win32_1.0.0.202411081344/tools/bin/../lib/gcc/arm-none-eabi/13.3.1/thumb/v7e-m+fp/hard/crtbegin.o
LOAD C:/ST/STM32CubeIDE_1.18.1/STM32CubeIDE/plugins/com.st.stm32cube.ide.mcu.externaltools.gnu-tools-for-stm32.13.3.rel1.win32_1.0.0.202411081344/tools/bin/../lib/gcc/arm-none-eabi/13.3.1/../../../../arm-none-eabi/lib/thumb/v7e-m+fp/hard/crt0.o
LOAD ./Core/Src/main.o
LOAD ./Core/Src/stm32f4xx_it.o
LOAD ./Core/Src/syscalls.o
LOAD ./Core/Src/sysmem.o
LOAD ./Core/Src/system_stm32f4xx.o
LOAD ./Core/Startup/startup_stm32f401retx.o
LOAD ./Drivers/STM32F4xx_HAL_Driver/Src/stm32f4xx_ll_adc.o
LOAD ./Drivers/STM32F4xx_HAL_Driver/Src/stm32f4xx_ll_dma.o
LOAD ./Drivers/STM32F4xx_HAL_Driver/Src/stm32f4xx_ll_exti.o
LOAD ./Drivers/STM32F4xx_HAL_Driver/Src/stm32f4xx_ll_gpio.o
LOAD ./Drivers/STM32F4xx_HAL_Driver/Src/stm32f4xx_ll_rcc.o
LOAD ./Drivers/STM32F4xx_HAL_Driver/Src/stm32f4xx_ll_tim.o
LOAD ./Drivers/STM32F4xx_HAL_Driver/Src/stm32f4xx_ll_usart.o
LOAD ./Drivers/STM32F4xx_HAL_Driver/Src/stm32f4xx_ll_utils.o
START GROUP
LOAD C:/ST/STM32CubeIDE_1.18.1/STM32CubeIDE/plugins/com.st.stm32cube.ide.mcu.externaltools.gnu-tools-for-stm32.13.3.rel1.win32_1.0.0.202411081344/tools/bin/../lib/gcc/arm-none-eabi/13.3.1/../../../../arm-none-eabi/lib/thumb/v7e-m+fp/hard\libc_nano.a
LOAD C:/ST/STM32CubeIDE_1.18.1/STM32CubeIDE/plugins/com.st.stm32cube.ide.mcu.externaltools.gnu-tools-for-stm32.13.3.rel1.win32_1.0.0.202411081344/tools/bin/../lib/gcc/arm-none-eabi/13.3.1/../../../../arm-none-eabi/lib/thumb/v7e-m+fp/hard\libm.a
END GROUP
START GROUP
LOAD C:/ST/STM32CubeIDE_1.18.1/STM32CubeIDE/plugins/com.st.stm32cube.ide.mcu.externaltools.gnu-tools-for-stm32.13.3.rel1.win32_1.0.0.202411081344/tools/bin/../lib/gcc/arm-none-eabi/13.3.1/thumb/v7e-m+fp/hard\libgcc.a
LOAD C:/ST/STM32CubeIDE_1.18.1/STM32CubeIDE/plugins/com.st.stm32cube.ide.mcu.externaltools.gnu-tools-for-stm32.13.3.rel1.win32_1.0.0.202411081344/tools/bin/../lib/gcc/arm-none-eabi/13.3.1/../../../../arm-none-eabi/lib/thumb/v7e-m+fp/hard\libc_nano.a
END GROUP
START GROUP
LOAD C:/ST/STM32CubeIDE_1.18.1/STM32CubeIDE/plugins/com.st.stm32cube.ide.mcu.externaltools.gnu-tools-for-stm32.13.3.rel1.win32_1.0.0.202411081344/tools/bin/../lib/gcc/arm-none-eabi/13.3.1/thumb/v7e-m+fp/hard\libgcc.a
LOAD C:/ST/STM32CubeIDE_1.18.1/STM32CubeIDE/plugins/com.st.stm32cube.ide.mcu.externaltools.gnu-tools-for-stm32.13.3.rel1.win32_1.0.0.202411081344/tools/bin/../lib/gcc/arm-none-eabi/13.3.1/../../../../arm-none-eabi/lib/thumb/v7e-m+fp/hard\libc_nano.a
LOAD C:/ST/STM32CubeIDE_1.18.1/STM32CubeIDE/plugins/com.st.stm32cube.ide.mcu.externaltools.gnu-tools-for-stm32.13.3.rel1.win32_1.0.0.202411081344/tools/bin/../lib/gcc/arm-none-eabi/13.3.1/../../../../arm-none-eabi/lib/thumb/v7e-m+fp/hard\libnosys.a
END GROUP
START GROUP
LOAD C:/ST/STM32CubeIDE_1.18.1/STM32CubeIDE/plugins/com.st.stm32cube.ide.mcu.externaltools.gnu-tools-for-stm32.13.3.rel1.win32_1.0.0.202411081344/tools/bin/../lib/gcc/arm-none-eabi/13.3.1/thumb/v7e-m+fp/hard\libgcc.a
LOAD C:/ST/STM32CubeIDE_1.18.1/STM32CubeIDE/plugins/com.st.stm32cube.ide.mcu.externaltools.gnu-tools-for-stm32.13.3.rel1.win32_1.0.0.202411081344/tools/bin/../lib/gcc/arm-none-eabi/13.3.1/../../../../arm-none-eabi/lib/thumb/v7e-m+fp/hard\libc_nano.a
LOAD C:/ST/STM32CubeIDE_1.18.1/STM32CubeIDE/plugins/com.st.stm32cube.ide.mcu.externaltools.gnu-tools-for-stm32.13.3.rel1.win32_1.0.0.202411081344/tools/bin/../lib/gcc/arm-none-eabi/13.3.1/../../../../arm-none-eabi/lib/thumb/v7e-m+fp/hard\libnosys.a
END GROUP
LOAD C:/ST/STM32CubeIDE_1.18.1/STM32CubeIDE/plugins/com.st.stm32cube.ide.mcu.externaltools.gnu-tools-for-stm32.13.3.rel1.win32_1.0.0.202411081344/tools/bin/../lib/gcc/arm-none-eabi/13.3.1/thumb/v7e-m+fp/hard/crtend.o
LOAD C:/ST/STM32CubeIDE_1.18.1/STM32CubeIDE/plugins/com.st.stm32cube.ide.mcu.externaltools.gnu-tools-for-stm32.13.3.rel1.win32_1.0.0.202411081344/tools/bin/../lib/gcc/arm-none-eabi/13.3.1/thumb/v7e-m+fp/hard/crtn.o
                0x20018000                        _estack = (ORIGIN (RAM) + LENGTH (RAM))
                0x00000200                        _Min_Heap_Size = 0x200
                0x00000400                        _Min_Stack_Size = 0x400

.isr_vector     0x08000000      0x194
                0x08000000                        . = ALIGN (0x4)
 *(.isr_vector)
 .isr_vector    0x08000000      0x194 ./Core/Startup/startup_stm32f401retx.o
                0x08000000                g_pfnVectors
                0x08000194                        . = ALIGN (0x4)

.text           0x08000194     0x2b0c
                0x08000194                        . = ALIGN (0x4)
 *(.text)
 .text          0x08000194       0x40 C:/ST/STM32CubeIDE_1.18.1/STM32CubeIDE/plugins/com.st.stm32cube.ide.mcu.externaltools.gnu-tools-for-stm32.13.3.rel1.win32_1.0.0.202411081344/tools/bin/../lib/gcc/arm-none-eabi/13.3.1/thumb/v7e-m+fp/hard/crtbegin.o
 .text          0x080001d4       0x30 C:/ST/STM32CubeIDE_1.18.1/STM32CubeIDE/plugins/com.st.stm32cube.ide.mcu.externaltools.gnu-tools-for-stm32.13.3.rel1.win32_1.0.0.202411081344/tools/bin/../lib/gcc/arm-none-eabi/13.3.1/thumb/v7e-m+fp/hard\libgcc.a(_aeabi_uldivmod.o)
                0x080001d4                __aeabi_uldivmod
 .text          0x08000204      0x2f8 C:/ST/STM32CubeIDE_1.18.1/STM32CubeIDE/plugins/com.st.stm32cube.ide.mcu.externaltools.gnu-tools-for-stm32.13.3.rel1.win32_1.0.0.202411081344/tools/bin/../lib/gcc/arm-none-eabi/13.3.1/thumb/v7e-m+fp/hard\libgcc.a(_udivmoddi4.o)
                0x08000204                __udivmoddi4
 .text          0x080004fc        0x4 C:/ST/STM32CubeIDE_1.18.1/STM32CubeIDE/plugins/com.st.stm32cube.ide.mcu.externaltools.gnu-tools-for-stm32.13.3.rel1.win32_1.0.0.202411081344/tools/bin/../lib/gcc/arm-none-eabi/13.3.1/thumb/v7e-m+fp/hard\libgcc.a(_dvmd_tls.o)
                0x080004fc                __aeabi_idiv0
                0x080004fc                __aeabi_ldiv0
 *(.text*)
 .text.__NVIC_SetPriorityGrouping
                0x08000500       0x48 ./Core/Src/main.o
 .text.__NVIC_GetPriorityGrouping
                0x08000548       0x1c ./Core/Src/main.o
 .text.__NVIC_EnableIRQ
                0x08000564       0x3c ./Core/Src/main.o
 .text.__NVIC_SetPriority
                0x080005a0       0x54 ./Core/Src/main.o
 .text.NVIC_EncodePriority
                0x080005f4       0x66 ./Core/Src/main.o
 .text.LL_ADC_REG_SetSequencerRanks
                0x0800065a       0x7a ./Core/Src/main.o
 .text.LL_ADC_REG_SetFlagEndOfConversion
                0x080006d4       0x26 ./Core/Src/main.o
 .text.LL_ADC_SetChannelSamplingTime
                0x080006fa       0xc2 ./Core/Src/main.o
 .text.LL_RCC_HSI_Enable
                0x080007bc       0x20 ./Core/Src/main.o
 .text.LL_RCC_HSI_IsReady
                0x080007dc       0x24 ./Core/Src/main.o
 .text.LL_RCC_HSI_SetCalibTrimming
                0x08000800       0x2c ./Core/Src/main.o
 .text.LL_RCC_SetSysClkSource
                0x0800082c       0x28 ./Core/Src/main.o
 .text.LL_RCC_GetSysClkSource
                0x08000854       0x1c ./Core/Src/main.o
 .text.LL_RCC_SetAHBPrescaler
                0x08000870       0x28 ./Core/Src/main.o
 .text.LL_RCC_SetAPB1Prescaler
                0x08000898       0x28 ./Core/Src/main.o
 .text.LL_RCC_SetAPB2Prescaler
                0x080008c0       0x28 ./Core/Src/main.o
 .text.LL_RCC_SetTIMPrescaler
                0x080008e8       0x2c ./Core/Src/main.o
 .text.LL_RCC_PLL_Enable
                0x08000914       0x20 ./Core/Src/main.o
 .text.LL_RCC_PLL_IsReady
                0x08000934       0x28 ./Core/Src/main.o
 .text.LL_RCC_PLL_ConfigDomain_SYS
                0x0800095c       0x4c ./Core/Src/main.o
 .text.LL_AHB1_GRP1_EnableClock
                0x080009a8       0x30 ./Core/Src/main.o
 .text.LL_APB1_GRP1_EnableClock
                0x080009d8       0x30 ./Core/Src/main.o
 .text.LL_APB2_GRP1_EnableClock
                0x08000a08       0x30 ./Core/Src/main.o
 .text.LL_SYSCFG_SetEXTISource
                0x08000a38       0x6c ./Core/Src/main.o
 .text.LL_FLASH_SetLatency
                0x08000aa4       0x28 ./Core/Src/main.o
 .text.LL_FLASH_GetLatency
                0x08000acc       0x1c ./Core/Src/main.o
 .text.LL_PWR_SetRegulVoltageScaling
                0x08000ae8       0x28 ./Core/Src/main.o
 .text.LL_PWR_IsActiveFlag_VOS
                0x08000b10       0x28 ./Core/Src/main.o
 .text.LL_TIM_DisableARRPreload
                0x08000b38       0x20 ./Core/Src/main.o
 .text.LL_TIM_OC_DisableFast
                0x08000b58       0x8c ./Core/Src/main.o
 .text.LL_TIM_SetClockSource
                0x08000be4       0x2a ./Core/Src/main.o
 .text.LL_TIM_SetTriggerOutput
                0x08000c0e       0x26 ./Core/Src/main.o
 .text.LL_TIM_DisableMasterSlaveMode
                0x08000c34       0x20 ./Core/Src/main.o
 .text.LL_USART_Enable
                0x08000c54       0x20 ./Core/Src/main.o
 .text.LL_USART_ConfigAsyncMode
                0x08000c74       0x2c ./Core/Src/main.o
 .text.LL_GPIO_SetPinMode
                0x08000ca0       0x7a ./Core/Src/main.o
 .text.LL_GPIO_SetPinPull
                0x08000d1a       0x7a ./Core/Src/main.o
 .text.LL_GPIO_ResetOutputPin
                0x08000d94       0x1e ./Core/Src/main.o
 *fill*         0x08000db2        0x2 
 .text.main     0x08000db4      0x12c ./Core/Src/main.o
                0x08000db4                main
 .text.SystemClock_Config
                0x08000ee0       0xa0 ./Core/Src/main.o
                0x08000ee0                SystemClock_Config
 .text.MX_ADC1_Init
                0x08000f80       0xfc ./Core/Src/main.o
 .text.MX_TIM3_Init
                0x0800107c      0x154 ./Core/Src/main.o
 .text.MX_TIM4_Init
                0x080011d0       0xb8 ./Core/Src/main.o
 .text.MX_USART2_UART_Init
                0x08001288       0xa0 ./Core/Src/main.o
 .text.MX_GPIO_Init
                0x08001328       0xd0 ./Core/Src/main.o
 .text.LL_EXTI_IsActiveFlag_0_31
                0x080013f8       0x2c ./Core/Src/stm32f4xx_it.o
 .text.LL_EXTI_ClearFlag_0_31
                0x08001424       0x20 ./Core/Src/stm32f4xx_it.o
 .text.LL_TIM_ClearFlag_CC1
                0x08001444       0x1c ./Core/Src/stm32f4xx_it.o
 .text.LL_TIM_IsActiveFlag_CC1
                0x08001460       0x26 ./Core/Src/stm32f4xx_it.o
 .text.LL_TIM_ClearFlag_CC2
                0x08001486       0x1c ./Core/Src/stm32f4xx_it.o
 .text.LL_TIM_IsActiveFlag_CC2
                0x080014a2       0x26 ./Core/Src/stm32f4xx_it.o
 .text.LL_TIM_ClearFlag_CC3
                0x080014c8       0x1c ./Core/Src/stm32f4xx_it.o
 .text.LL_TIM_IsActiveFlag_CC3
                0x080014e4       0x26 ./Core/Src/stm32f4xx_it.o
 .text.NMI_Handler
                0x0800150a        0x8 ./Core/Src/stm32f4xx_it.o
                0x0800150a                NMI_Handler
 .text.HardFault_Handler
                0x08001512        0x8 ./Core/Src/stm32f4xx_it.o
                0x08001512                HardFault_Handler
 .text.MemManage_Handler
                0x0800151a        0x8 ./Core/Src/stm32f4xx_it.o
                0x0800151a                MemManage_Handler
 .text.BusFault_Handler
                0x08001522        0x8 ./Core/Src/stm32f4xx_it.o
                0x08001522                BusFault_Handler
 .text.UsageFault_Handler
                0x0800152a        0x8 ./Core/Src/stm32f4xx_it.o
                0x0800152a                UsageFault_Handler
 .text.SVC_Handler
                0x08001532        0xe ./Core/Src/stm32f4xx_it.o
                0x08001532                SVC_Handler
 .text.DebugMon_Handler
                0x08001540        0xe ./Core/Src/stm32f4xx_it.o
                0x08001540                DebugMon_Handler
 .text.PendSV_Handler
                0x0800154e        0xe ./Core/Src/stm32f4xx_it.o
                0x0800154e                PendSV_Handler
 .text.SysTick_Handler
                0x0800155c        0xe ./Core/Src/stm32f4xx_it.o
                0x0800155c                SysTick_Handler
 .text.ADC_IRQHandler
                0x0800156a        0xe ./Core/Src/stm32f4xx_it.o
                0x0800156a                ADC_IRQHandler
 .text.TIM3_IRQHandler
                0x08001578       0x98 ./Core/Src/stm32f4xx_it.o
                0x08001578                TIM3_IRQHandler
 .text.TIM4_IRQHandler
                0x08001610       0x38 ./Core/Src/stm32f4xx_it.o
                0x08001610                TIM4_IRQHandler
 .text.EXTI15_10_IRQHandler
                0x08001648       0x30 ./Core/Src/stm32f4xx_it.o
                0x08001648                EXTI15_10_IRQHandler
 .text.SystemInit
                0x08001678       0x24 ./Core/Src/system_stm32f4xx.o
                0x08001678                SystemInit
 .text.Reset_Handler
                0x0800169c       0x50 ./Core/Startup/startup_stm32f401retx.o
                0x0800169c                Reset_Handler
 .text.Default_Handler
                0x080016ec        0x2 ./Core/Startup/startup_stm32f401retx.o
                0x080016ec                RTC_Alarm_IRQHandler
                0x080016ec                EXTI2_IRQHandler
                0x080016ec                SPI4_IRQHandler
                0x080016ec                TIM1_CC_IRQHandler
                0x080016ec                DMA2_Stream5_IRQHandler
                0x080016ec                DMA1_Stream5_IRQHandler
                0x080016ec                PVD_IRQHandler
                0x080016ec                SDIO_IRQHandler
                0x080016ec                TAMP_STAMP_IRQHandler
                0x080016ec                EXTI3_IRQHandler
                0x080016ec                TIM1_UP_TIM10_IRQHandler
                0x080016ec                I2C3_ER_IRQHandler
                0x080016ec                EXTI0_IRQHandler
                0x080016ec                I2C2_EV_IRQHandler
                0x080016ec                DMA1_Stream2_IRQHandler
                0x080016ec                FPU_IRQHandler
                0x080016ec                DMA2_Stream2_IRQHandler
                0x080016ec                SPI1_IRQHandler
                0x080016ec                TIM1_BRK_TIM9_IRQHandler
                0x080016ec                DMA2_Stream3_IRQHandler
                0x080016ec                USART6_IRQHandler
                0x080016ec                DMA2_Stream0_IRQHandler
                0x080016ec                I2C1_EV_IRQHandler
                0x080016ec                DMA1_Stream6_IRQHandler
                0x080016ec                DMA1_Stream1_IRQHandler
                0x080016ec                RCC_IRQHandler
                0x080016ec                Default_Handler
                0x080016ec                DMA1_Stream7_IRQHandler
                0x080016ec                TIM5_IRQHandler
                0x080016ec                DMA2_Stream7_IRQHandler
                0x080016ec                I2C3_EV_IRQHandler
                0x080016ec                EXTI9_5_IRQHandler
                0x080016ec                RTC_WKUP_IRQHandler
                0x080016ec                SPI2_IRQHandler
                0x080016ec                DMA1_Stream0_IRQHandler
                0x080016ec                EXTI4_IRQHandler
                0x080016ec                WWDG_IRQHandler
                0x080016ec                TIM2_IRQHandler
                0x080016ec                OTG_FS_WKUP_IRQHandler
                0x080016ec                TIM1_TRG_COM_TIM11_IRQHandler
                0x080016ec                EXTI1_IRQHandler
                0x080016ec                USART2_IRQHandler
                0x080016ec                I2C2_ER_IRQHandler
                0x080016ec                DMA2_Stream1_IRQHandler
                0x080016ec                FLASH_IRQHandler
                0x080016ec                DMA2_Stream4_IRQHandler
                0x080016ec                USART1_IRQHandler
                0x080016ec                OTG_FS_IRQHandler
                0x080016ec                SPI3_IRQHandler
                0x080016ec                DMA1_Stream4_IRQHandler
                0x080016ec                I2C1_ER_IRQHandler
                0x080016ec                DMA2_Stream6_IRQHandler
                0x080016ec                DMA1_Stream3_IRQHandler
 .text.LL_ADC_SetCommonClock
                0x080016ee       0x26 ./Drivers/STM32F4xx_HAL_Driver/Src/stm32f4xx_ll_adc.o
 .text.LL_ADC_REG_SetSequencerLength
                0x08001714       0x26 ./Drivers/STM32F4xx_HAL_Driver/Src/stm32f4xx_ll_adc.o
 .text.LL_ADC_IsEnabled
                0x0800173a       0x26 ./Drivers/STM32F4xx_HAL_Driver/Src/stm32f4xx_ll_adc.o
 .text.LL_ADC_CommonInit
                0x08001760       0x3c ./Drivers/STM32F4xx_HAL_Driver/Src/stm32f4xx_ll_adc.o
                0x08001760                LL_ADC_CommonInit
 .text.LL_ADC_Init
                0x0800179c       0x58 ./Drivers/STM32F4xx_HAL_Driver/Src/stm32f4xx_ll_adc.o
                0x0800179c                LL_ADC_Init
 .text.LL_ADC_REG_Init
                0x080017f4       0x84 ./Drivers/STM32F4xx_HAL_Driver/Src/stm32f4xx_ll_adc.o
                0x080017f4                LL_ADC_REG_Init
 .text.LL_EXTI_EnableIT_0_31
                0x08001878       0x24 ./Drivers/STM32F4xx_HAL_Driver/Src/stm32f4xx_ll_exti.o
 .text.LL_EXTI_DisableIT_0_31
                0x0800189c       0x28 ./Drivers/STM32F4xx_HAL_Driver/Src/stm32f4xx_ll_exti.o
 .text.LL_EXTI_EnableEvent_0_31
                0x080018c4       0x24 ./Drivers/STM32F4xx_HAL_Driver/Src/stm32f4xx_ll_exti.o
 .text.LL_EXTI_DisableEvent_0_31
                0x080018e8       0x28 ./Drivers/STM32F4xx_HAL_Driver/Src/stm32f4xx_ll_exti.o
 .text.LL_EXTI_EnableRisingTrig_0_31
                0x08001910       0x24 ./Drivers/STM32F4xx_HAL_Driver/Src/stm32f4xx_ll_exti.o
 .text.LL_EXTI_DisableRisingTrig_0_31
                0x08001934       0x28 ./Drivers/STM32F4xx_HAL_Driver/Src/stm32f4xx_ll_exti.o
 .text.LL_EXTI_EnableFallingTrig_0_31
                0x0800195c       0x24 ./Drivers/STM32F4xx_HAL_Driver/Src/stm32f4xx_ll_exti.o
 .text.LL_EXTI_DisableFallingTrig_0_31
                0x08001980       0x28 ./Drivers/STM32F4xx_HAL_Driver/Src/stm32f4xx_ll_exti.o
 .text.LL_EXTI_Init
                0x080019a8       0xfe ./Drivers/STM32F4xx_HAL_Driver/Src/stm32f4xx_ll_exti.o
                0x080019a8                LL_EXTI_Init
 .text.LL_GPIO_SetPinMode
                0x08001aa6       0x7a ./Drivers/STM32F4xx_HAL_Driver/Src/stm32f4xx_ll_gpio.o
 .text.LL_GPIO_SetPinOutputType
                0x08001b20       0x30 ./Drivers/STM32F4xx_HAL_Driver/Src/stm32f4xx_ll_gpio.o
 .text.LL_GPIO_SetPinSpeed
                0x08001b50       0x7a ./Drivers/STM32F4xx_HAL_Driver/Src/stm32f4xx_ll_gpio.o
 .text.LL_GPIO_SetPinPull
                0x08001bca       0x7a ./Drivers/STM32F4xx_HAL_Driver/Src/stm32f4xx_ll_gpio.o
 .text.LL_GPIO_SetAFPin_0_7
                0x08001c44       0x7a ./Drivers/STM32F4xx_HAL_Driver/Src/stm32f4xx_ll_gpio.o
 .text.LL_GPIO_SetAFPin_8_15
                0x08001cbe       0x7e ./Drivers/STM32F4xx_HAL_Driver/Src/stm32f4xx_ll_gpio.o
 .text.LL_GPIO_Init
                0x08001d3c      0x102 ./Drivers/STM32F4xx_HAL_Driver/Src/stm32f4xx_ll_gpio.o
                0x08001d3c                LL_GPIO_Init
 *fill*         0x08001e3e        0x2 
 .text.LL_RCC_GetSysClkSource
                0x08001e40       0x1c ./Drivers/STM32F4xx_HAL_Driver/Src/stm32f4xx_ll_rcc.o
 .text.LL_RCC_GetAHBPrescaler
                0x08001e5c       0x1c ./Drivers/STM32F4xx_HAL_Driver/Src/stm32f4xx_ll_rcc.o
 .text.LL_RCC_GetAPB1Prescaler
                0x08001e78       0x1c ./Drivers/STM32F4xx_HAL_Driver/Src/stm32f4xx_ll_rcc.o
 .text.LL_RCC_GetAPB2Prescaler
                0x08001e94       0x1c ./Drivers/STM32F4xx_HAL_Driver/Src/stm32f4xx_ll_rcc.o
 .text.LL_RCC_PLL_GetMainSource
                0x08001eb0       0x1c ./Drivers/STM32F4xx_HAL_Driver/Src/stm32f4xx_ll_rcc.o
 .text.LL_RCC_PLL_GetN
                0x08001ecc       0x1c ./Drivers/STM32F4xx_HAL_Driver/Src/stm32f4xx_ll_rcc.o
 .text.LL_RCC_PLL_GetP
                0x08001ee8       0x1c ./Drivers/STM32F4xx_HAL_Driver/Src/stm32f4xx_ll_rcc.o
 .text.LL_RCC_PLL_GetDivider
                0x08001f04       0x1c ./Drivers/STM32F4xx_HAL_Driver/Src/stm32f4xx_ll_rcc.o
 .text.LL_RCC_GetSystemClocksFreq
                0x08001f20       0x4a ./Drivers/STM32F4xx_HAL_Driver/Src/stm32f4xx_ll_rcc.o
                0x08001f20                LL_RCC_GetSystemClocksFreq
 *fill*         0x08001f6a        0x2 
 .text.RCC_GetSystemClockFreq
                0x08001f6c       0x50 ./Drivers/STM32F4xx_HAL_Driver/Src/stm32f4xx_ll_rcc.o
                0x08001f6c                RCC_GetSystemClockFreq
 .text.RCC_GetHCLKClockFreq
                0x08001fbc       0x2c ./Drivers/STM32F4xx_HAL_Driver/Src/stm32f4xx_ll_rcc.o
                0x08001fbc                RCC_GetHCLKClockFreq
 .text.RCC_GetPCLK1ClockFreq
                0x08001fe8       0x28 ./Drivers/STM32F4xx_HAL_Driver/Src/stm32f4xx_ll_rcc.o
                0x08001fe8                RCC_GetPCLK1ClockFreq
 .text.RCC_GetPCLK2ClockFreq
                0x08002010       0x28 ./Drivers/STM32F4xx_HAL_Driver/Src/stm32f4xx_ll_rcc.o
                0x08002010                RCC_GetPCLK2ClockFreq
 .text.RCC_PLL_GetFreqDomain_SYS
                0x08002038       0x7c ./Drivers/STM32F4xx_HAL_Driver/Src/stm32f4xx_ll_rcc.o
                0x08002038                RCC_PLL_GetFreqDomain_SYS
 .text.LL_TIM_SetPrescaler
                0x080020b4       0x1c ./Drivers/STM32F4xx_HAL_Driver/Src/stm32f4xx_ll_tim.o
 .text.LL_TIM_SetAutoReload
                0x080020d0       0x1c ./Drivers/STM32F4xx_HAL_Driver/Src/stm32f4xx_ll_tim.o
 .text.LL_TIM_SetRepetitionCounter
                0x080020ec       0x1c ./Drivers/STM32F4xx_HAL_Driver/Src/stm32f4xx_ll_tim.o
 .text.LL_TIM_OC_SetCompareCH1
                0x08002108       0x1c ./Drivers/STM32F4xx_HAL_Driver/Src/stm32f4xx_ll_tim.o
 .text.LL_TIM_OC_SetCompareCH2
                0x08002124       0x1c ./Drivers/STM32F4xx_HAL_Driver/Src/stm32f4xx_ll_tim.o
 .text.LL_TIM_OC_SetCompareCH3
                0x08002140       0x1c ./Drivers/STM32F4xx_HAL_Driver/Src/stm32f4xx_ll_tim.o
 .text.LL_TIM_OC_SetCompareCH4
                0x0800215c       0x1c ./Drivers/STM32F4xx_HAL_Driver/Src/stm32f4xx_ll_tim.o
 .text.LL_TIM_GenerateEvent_UPDATE
                0x08002178       0x20 ./Drivers/STM32F4xx_HAL_Driver/Src/stm32f4xx_ll_tim.o
 .text.LL_TIM_Init
                0x08002198       0xf4 ./Drivers/STM32F4xx_HAL_Driver/Src/stm32f4xx_ll_tim.o
                0x08002198                LL_TIM_Init
 .text.LL_TIM_OC_Init
                0x0800228c       0x82 ./Drivers/STM32F4xx_HAL_Driver/Src/stm32f4xx_ll_tim.o
                0x0800228c                LL_TIM_OC_Init
 *fill*         0x0800230e        0x2 
 .text.OC1Config
                0x08002310       0xcc ./Drivers/STM32F4xx_HAL_Driver/Src/stm32f4xx_ll_tim.o
 .text.OC2Config
                0x080023dc       0xd4 ./Drivers/STM32F4xx_HAL_Driver/Src/stm32f4xx_ll_tim.o
 .text.OC3Config
                0x080024b0       0xd4 ./Drivers/STM32F4xx_HAL_Driver/Src/stm32f4xx_ll_tim.o
 .text.OC4Config
                0x08002584       0xa4 ./Drivers/STM32F4xx_HAL_Driver/Src/stm32f4xx_ll_tim.o
 .text.LL_USART_IsEnabled
                0x08002628       0x28 ./Drivers/STM32F4xx_HAL_Driver/Src/stm32f4xx_ll_usart.o
 .text.LL_USART_SetStopBitsLength
                0x08002650       0x26 ./Drivers/STM32F4xx_HAL_Driver/Src/stm32f4xx_ll_usart.o
 .text.LL_USART_SetHWFlowCtrl
                0x08002676       0x26 ./Drivers/STM32F4xx_HAL_Driver/Src/stm32f4xx_ll_usart.o
 .text.LL_USART_SetBaudRate
                0x0800269c      0x45c ./Drivers/STM32F4xx_HAL_Driver/Src/stm32f4xx_ll_usart.o
 .text.LL_USART_Init
                0x08002af8       0xc8 ./Drivers/STM32F4xx_HAL_Driver/Src/stm32f4xx_ll_usart.o
                0x08002af8                LL_USART_Init
 .text.LL_InitTick
                0x08002bc0       0x34 ./Drivers/STM32F4xx_HAL_Driver/Src/stm32f4xx_ll_utils.o
 .text.LL_Init1msTick
                0x08002bf4       0x1a ./Drivers/STM32F4xx_HAL_Driver/Src/stm32f4xx_ll_utils.o
                0x08002bf4                LL_Init1msTick
 *fill*         0x08002c0e        0x2 
 .text.LL_SetSystemCoreClock
                0x08002c10       0x20 ./Drivers/STM32F4xx_HAL_Driver/Src/stm32f4xx_ll_utils.o
                0x08002c10                LL_SetSystemCoreClock
 .text.memset   0x08002c30       0x10 C:/ST/STM32CubeIDE_1.18.1/STM32CubeIDE/plugins/com.st.stm32cube.ide.mcu.externaltools.gnu-tools-for-stm32.13.3.rel1.win32_1.0.0.202411081344/tools/bin/../lib/gcc/arm-none-eabi/13.3.1/../../../../arm-none-eabi/lib/thumb/v7e-m+fp/hard\libc_nano.a(libc_a-memset.o)
                0x08002c30                memset
 .text.__libc_init_array
                0x08002c40       0x48 C:/ST/STM32CubeIDE_1.18.1/STM32CubeIDE/plugins/com.st.stm32cube.ide.mcu.externaltools.gnu-tools-for-stm32.13.3.rel1.win32_1.0.0.202411081344/tools/bin/../lib/gcc/arm-none-eabi/13.3.1/../../../../arm-none-eabi/lib/thumb/v7e-m+fp/hard\libc_nano.a(libc_a-init.o)
                0x08002c40                __libc_init_array
 *(.glue_7)
 .glue_7        0x08002c88        0x0 linker stubs
 *(.glue_7t)
 .glue_7t       0x08002c88        0x0 linker stubs
 *(.eh_frame)
 .eh_frame      0x08002c88        0x0 C:/ST/STM32CubeIDE_1.18.1/STM32CubeIDE/plugins/com.st.stm32cube.ide.mcu.externaltools.gnu-tools-for-stm32.13.3.rel1.win32_1.0.0.202411081344/tools/bin/../lib/gcc/arm-none-eabi/13.3.1/thumb/v7e-m+fp/hard/crtbegin.o
 *(.init)
 .init          0x08002c88        0x4 C:/ST/STM32CubeIDE_1.18.1/STM32CubeIDE/plugins/com.st.stm32cube.ide.mcu.externaltools.gnu-tools-for-stm32.13.3.rel1.win32_1.0.0.202411081344/tools/bin/../lib/gcc/arm-none-eabi/13.3.1/thumb/v7e-m+fp/hard/crti.o
                0x08002c88                _init
 .init          0x08002c8c        0x8 C:/ST/STM32CubeIDE_1.18.1/STM32CubeIDE/plugins/com.st.stm32cube.ide.mcu.externaltools.gnu-tools-for-stm32.13.3.rel1.win32_1.0.0.202411081344/tools/bin/../lib/gcc/arm-none-eabi/13.3.1/thumb/v7e-m+fp/hard/crtn.o
 *(.fini)
 .fini          0x08002c94        0x4 C:/ST/STM32CubeIDE_1.18.1/STM32CubeIDE/plugins/com.st.stm32cube.ide.mcu.externaltools.gnu-tools-for-stm32.13.3.rel1.win32_1.0.0.202411081344/tools/bin/../lib/gcc/arm-none-eabi/13.3.1/thumb/v7e-m+fp/hard/crti.o
                0x08002c94                _fini
 .fini          0x08002c98        0x8 C:/ST/STM32CubeIDE_1.18.1/STM32CubeIDE/plugins/com.st.stm32cube.ide.mcu.externaltools.gnu-tools-for-stm32.13.3.rel1.win32_1.0.0.202411081344/tools/bin/../lib/gcc/arm-none-eabi/13.3.1/thumb/v7e-m+fp/hard/crtn.o
                0x08002ca0                        . = ALIGN (0x4)
                0x08002ca0                        _etext = .

.vfp11_veneer   0x08002ca0        0x0
 .vfp11_veneer  0x08002ca0        0x0 linker stubs

.v4_bx          0x08002ca0        0x0
 .v4_bx         0x08002ca0        0x0 linker stubs

.iplt           0x08002ca0        0x0
 .iplt          0x08002ca0        0x0 C:/ST/STM32CubeIDE_1.18.1/STM32CubeIDE/plugins/com.st.stm32cube.ide.mcu.externaltools.gnu-tools-for-stm32.13.3.rel1.win32_1.0.0.202411081344/tools/bin/../lib/gcc/arm-none-eabi/13.3.1/thumb/v7e-m+fp/hard/crtbegin.o

.rodata         0x08002ca0       0x28
                0x08002ca0                        . = ALIGN (0x4)
 *(.rodata)
 *(.rodata*)
 .rodata.OFFSET_TAB_CCMRx
                0x08002ca0        0x7 ./Core/Src/main.o
 *fill*         0x08002ca7        0x1 
 .rodata.SHIFT_TAB_OCxx
                0x08002ca8        0x7 ./Core/Src/main.o
 *fill*         0x08002caf        0x1 
 .rodata.AHBPrescTable
                0x08002cb0       0x10 ./Core/Src/system_stm32f4xx.o
                0x08002cb0                AHBPrescTable
 .rodata.APBPrescTable
                0x08002cc0        0x8 ./Core/Src/system_stm32f4xx.o
                0x08002cc0                APBPrescTable
                0x08002cc8                        . = ALIGN (0x4)

.ARM.extab      0x08002cc8        0x0
                0x08002cc8                        . = ALIGN (0x4)
 *(.ARM.extab* .gnu.linkonce.armextab.*)
                0x08002cc8                        . = ALIGN (0x4)

.ARM            0x08002cc8        0x8
                0x08002cc8                        . = ALIGN (0x4)
                0x08002cc8                        __exidx_start = .
 *(.ARM.exidx*)
 .ARM.exidx     0x08002cc8        0x8 C:/ST/STM32CubeIDE_1.18.1/STM32CubeIDE/plugins/com.st.stm32cube.ide.mcu.externaltools.gnu-tools-for-stm32.13.3.rel1.win32_1.0.0.202411081344/tools/bin/../lib/gcc/arm-none-eabi/13.3.1/thumb/v7e-m+fp/hard\libgcc.a(_udivmoddi4.o)
                0x08002cd0                        __exidx_end = .
                0x08002cd0                        . = ALIGN (0x4)

.preinit_array  0x08002cd0        0x0
                0x08002cd0                        . = ALIGN (0x4)
                0x08002cd0                        PROVIDE (__preinit_array_start = .)
 *(.preinit_array*)
                0x08002cd0                        PROVIDE (__preinit_array_end = .)
                0x08002cd0                        . = ALIGN (0x4)

.init_array     0x08002cd0        0x4
                0x08002cd0                        . = ALIGN (0x4)
                0x08002cd0                        PROVIDE (__init_array_start = .)
 *(SORT_BY_NAME(.init_array.*))
 *(.init_array*)
 .init_array    0x08002cd0        0x4 C:/ST/STM32CubeIDE_1.18.1/STM32CubeIDE/plugins/com.st.stm32cube.ide.mcu.externaltools.gnu-tools-for-stm32.13.3.rel1.win32_1.0.0.202411081344/tools/bin/../lib/gcc/arm-none-eabi/13.3.1/thumb/v7e-m+fp/hard/crtbegin.o
                0x08002cd4                        PROVIDE (__init_array_end = .)
                0x08002cd4                        . = ALIGN (0x4)

.fini_array     0x08002cd4        0x4
                0x08002cd4                        . = ALIGN (0x4)
                [!provide]                        PROVIDE (__fini_array_start = .)
 *(SORT_BY_NAME(.fini_array.*))
 *(.fini_array*)
 .fini_array    0x08002cd4        0x4 C:/ST/STM32CubeIDE_1.18.1/STM32CubeIDE/plugins/com.st.stm32cube.ide.mcu.externaltools.gnu-tools-for-stm32.13.3.rel1.win32_1.0.0.202411081344/tools/bin/../lib/gcc/arm-none-eabi/13.3.1/thumb/v7e-m+fp/hard/crtbegin.o
                [!provide]                        PROVIDE (__fini_array_end = .)
                0x08002cd8                        . = ALIGN (0x4)
                0x08002cd8                        _sidata = LOADADDR (.data)

.rel.dyn        0x08002cd8        0x0
 .rel.iplt      0x08002cd8        0x0 C:/ST/STM32CubeIDE_1.18.1/STM32CubeIDE/plugins/com.st.stm32cube.ide.mcu.externaltools.gnu-tools-for-stm32.13.3.rel1.win32_1.0.0.202411081344/tools/bin/../lib/gcc/arm-none-eabi/13.3.1/thumb/v7e-m+fp/hard/crtbegin.o

.data           0x20000000        0x4 load address 0x08002cd8
                0x20000000                        . = ALIGN (0x4)
                0x20000000                        _sdata = .
 *(.data)
 *(.data*)
 .data.SystemCoreClock
                0x20000000        0x4 ./Core/Src/system_stm32f4xx.o
                0x20000000                SystemCoreClock
 *(.RamFunc)
 *(.RamFunc*)
                0x20000004                        . = ALIGN (0x4)
                0x20000004                        _edata = .

.igot.plt       0x20000004        0x0 load address 0x08002cdc
 .igot.plt      0x20000004        0x0 C:/ST/STM32CubeIDE_1.18.1/STM32CubeIDE/plugins/com.st.stm32cube.ide.mcu.externaltools.gnu-tools-for-stm32.13.3.rel1.win32_1.0.0.202411081344/tools/bin/../lib/gcc/arm-none-eabi/13.3.1/thumb/v7e-m+fp/hard/crtbegin.o
                0x20000004                        . = ALIGN (0x4)

.bss            0x20000004       0x20 load address 0x08002cdc
                0x20000004                        _sbss = .
                0x20000004                        __bss_start__ = _sbss
 *(.bss)
 .bss           0x20000004       0x1c C:/ST/STM32CubeIDE_1.18.1/STM32CubeIDE/plugins/com.st.stm32cube.ide.mcu.externaltools.gnu-tools-for-stm32.13.3.rel1.win32_1.0.0.202411081344/tools/bin/../lib/gcc/arm-none-eabi/13.3.1/thumb/v7e-m+fp/hard/crtbegin.o
 *(.bss*)
 .bss.scalingFactor
                0x20000020        0x1 ./Core/Src/main.o
                0x20000020                scalingFactor
 *fill*         0x20000021        0x1 
 .bss.voltage   0x20000022        0x2 ./Core/Src/main.o
                0x20000022                voltage
 *(COMMON)
                0x20000024                        . = ALIGN (0x4)
                0x20000024                        _ebss = .
                0x20000024                        __bss_end__ = _ebss

._user_heap_stack
                0x20000024      0x604 load address 0x08002cdc
                0x20000028                        . = ALIGN (0x8)
 *fill*         0x20000024        0x4 
                [!provide]                        PROVIDE (end = .)
                0x20000028                        PROVIDE (_end = .)
                0x20000228                        . = (. + _Min_Heap_Size)
 *fill*         0x20000028      0x200 
                0x20000628                        . = (. + _Min_Stack_Size)
 *fill*         0x20000228      0x400 
                0x20000628                        . = ALIGN (0x8)

/DISCARD/
 libc.a(*)
 libm.a(*)
 libgcc.a(*)

.ARM.attributes
                0x00000000       0x30
 *(.ARM.attributes)
 .ARM.attributes
                0x00000000       0x22 C:/ST/STM32CubeIDE_1.18.1/STM32CubeIDE/plugins/com.st.stm32cube.ide.mcu.externaltools.gnu-tools-for-stm32.13.3.rel1.win32_1.0.0.202411081344/tools/bin/../lib/gcc/arm-none-eabi/13.3.1/thumb/v7e-m+fp/hard/crti.o
 .ARM.attributes
                0x00000022       0x34 C:/ST/STM32CubeIDE_1.18.1/STM32CubeIDE/plugins/com.st.stm32cube.ide.mcu.externaltools.gnu-tools-for-stm32.13.3.rel1.win32_1.0.0.202411081344/tools/bin/../lib/gcc/arm-none-eabi/13.3.1/thumb/v7e-m+fp/hard/crtbegin.o
 .ARM.attributes
                0x00000056       0x34 ./Core/Src/main.o
 .ARM.attributes
                0x0000008a       0x34 ./Core/Src/stm32f4xx_it.o
 .ARM.attributes
                0x000000be       0x34 ./Core/Src/system_stm32f4xx.o
 .ARM.attributes
                0x000000f2       0x21 ./Core/Startup/startup_stm32f401retx.o
 .ARM.attributes
                0x00000113       0x34 ./Drivers/STM32F4xx_HAL_Driver/Src/stm32f4xx_ll_adc.o
 .ARM.attributes
                0x00000147       0x34 ./Drivers/STM32F4xx_HAL_Driver/Src/stm32f4xx_ll_exti.o
 .ARM.attributes
                0x0000017b       0x34 ./Drivers/STM32F4xx_HAL_Driver/Src/stm32f4xx_ll_gpio.o
 .ARM.attributes
                0x000001af       0x34 ./Drivers/STM32F4xx_HAL_Driver/Src/stm32f4xx_ll_rcc.o
 .ARM.attributes
                0x000001e3       0x34 ./Drivers/STM32F4xx_HAL_Driver/Src/stm32f4xx_ll_tim.o
 .ARM.attributes
                0x00000217       0x34 ./Drivers/STM32F4xx_HAL_Driver/Src/stm32f4xx_ll_usart.o
 .ARM.attributes
                0x0000024b       0x34 ./Drivers/STM32F4xx_HAL_Driver/Src/stm32f4xx_ll_utils.o
 .ARM.attributes
                0x0000027f       0x34 C:/ST/STM32CubeIDE_1.18.1/STM32CubeIDE/plugins/com.st.stm32cube.ide.mcu.externaltools.gnu-tools-for-stm32.13.3.rel1.win32_1.0.0.202411081344/tools/bin/../lib/gcc/arm-none-eabi/13.3.1/../../../../arm-none-eabi/lib/thumb/v7e-m+fp/hard\libc_nano.a(libc_a-memset.o)
 .ARM.attributes
                0x000002b3       0x34 C:/ST/STM32CubeIDE_1.18.1/STM32CubeIDE/plugins/com.st.stm32cube.ide.mcu.externaltools.gnu-tools-for-stm32.13.3.rel1.win32_1.0.0.202411081344/tools/bin/../lib/gcc/arm-none-eabi/13.3.1/../../../../arm-none-eabi/lib/thumb/v7e-m+fp/hard\libc_nano.a(libc_a-init.o)
 .ARM.attributes
                0x000002e7       0x22 C:/ST/STM32CubeIDE_1.18.1/STM32CubeIDE/plugins/com.st.stm32cube.ide.mcu.externaltools.gnu-tools-for-stm32.13.3.rel1.win32_1.0.0.202411081344/tools/bin/../lib/gcc/arm-none-eabi/13.3.1/thumb/v7e-m+fp/hard\libgcc.a(_aeabi_uldivmod.o)
 .ARM.attributes
                0x00000309       0x34 C:/ST/STM32CubeIDE_1.18.1/STM32CubeIDE/plugins/com.st.stm32cube.ide.mcu.externaltools.gnu-tools-for-stm32.13.3.rel1.win32_1.0.0.202411081344/tools/bin/../lib/gcc/arm-none-eabi/13.3.1/thumb/v7e-m+fp/hard\libgcc.a(_udivmoddi4.o)
 .ARM.attributes
                0x0000033d       0x22 C:/ST/STM32CubeIDE_1.18.1/STM32CubeIDE/plugins/com.st.stm32cube.ide.mcu.externaltools.gnu-tools-for-stm32.13.3.rel1.win32_1.0.0.202411081344/tools/bin/../lib/gcc/arm-none-eabi/13.3.1/thumb/v7e-m+fp/hard\libgcc.a(_dvmd_tls.o)
 .ARM.attributes
                0x0000035f       0x22 C:/ST/STM32CubeIDE_1.18.1/STM32CubeIDE/plugins/com.st.stm32cube.ide.mcu.externaltools.gnu-tools-for-stm32.13.3.rel1.win32_1.0.0.202411081344/tools/bin/../lib/gcc/arm-none-eabi/13.3.1/thumb/v7e-m+fp/hard/crtn.o
OUTPUT(Lab9.2.3.elf elf32-littlearm)
LOAD linker stubs
LOAD C:/ST/STM32CubeIDE_1.18.1/STM32CubeIDE/plugins/com.st.stm32cube.ide.mcu.externaltools.gnu-tools-for-stm32.13.3.rel1.win32_1.0.0.202411081344/tools/bin/../lib/gcc/arm-none-eabi/13.3.1/../../../../arm-none-eabi/lib/thumb/v7e-m+fp/hard\libc.a
LOAD C:/ST/STM32CubeIDE_1.18.1/STM32CubeIDE/plugins/com.st.stm32cube.ide.mcu.externaltools.gnu-tools-for-stm32.13.3.rel1.win32_1.0.0.202411081344/tools/bin/../lib/gcc/arm-none-eabi/13.3.1/../../../../arm-none-eabi/lib/thumb/v7e-m+fp/hard\libm.a
LOAD C:/ST/STM32CubeIDE_1.18.1/STM32CubeIDE/plugins/com.st.stm32cube.ide.mcu.externaltools.gnu-tools-for-stm32.13.3.rel1.win32_1.0.0.202411081344/tools/bin/../lib/gcc/arm-none-eabi/13.3.1/thumb/v7e-m+fp/hard\libgcc.a

.debug_info     0x00000000     0x6470
 .debug_info    0x00000000     0x1c83 ./Core/Src/main.o
 .debug_info    0x00001c83      0x66c ./Core/Src/stm32f4xx_it.o
 .debug_info    0x000022ef      0x537 ./Core/Src/system_stm32f4xx.o
 .debug_info    0x00002826       0x30 ./Core/Startup/startup_stm32f401retx.o
 .debug_info    0x00002856      0x8c8 ./Drivers/STM32F4xx_HAL_Driver/Src/stm32f4xx_ll_adc.o
 .debug_info    0x0000311e      0x330 ./Drivers/STM32F4xx_HAL_Driver/Src/stm32f4xx_ll_exti.o
 .debug_info    0x0000344e      0x94a ./Drivers/STM32F4xx_HAL_Driver/Src/stm32f4xx_ll_gpio.o
 .debug_info    0x00003d98      0x734 ./Drivers/STM32F4xx_HAL_Driver/Src/stm32f4xx_ll_rcc.o
 .debug_info    0x000044cc      0xf6c ./Drivers/STM32F4xx_HAL_Driver/Src/stm32f4xx_ll_tim.o
 .debug_info    0x00005438      0x713 ./Drivers/STM32F4xx_HAL_Driver/Src/stm32f4xx_ll_usart.o
 .debug_info    0x00005b4b      0x925 ./Drivers/STM32F4xx_HAL_Driver/Src/stm32f4xx_ll_utils.o

.debug_abbrev   0x00000000     0x13c6
 .debug_abbrev  0x00000000      0x353 ./Core/Src/main.o
 .debug_abbrev  0x00000353      0x1de ./Core/Src/stm32f4xx_it.o
 .debug_abbrev  0x00000531      0x11a ./Core/Src/system_stm32f4xx.o
 .debug_abbrev  0x0000064b       0x24 ./Core/Startup/startup_stm32f401retx.o
 .debug_abbrev  0x0000066f      0x1a8 ./Drivers/STM32F4xx_HAL_Driver/Src/stm32f4xx_ll_adc.o
 .debug_abbrev  0x00000817      0x159 ./Drivers/STM32F4xx_HAL_Driver/Src/stm32f4xx_ll_exti.o
 .debug_abbrev  0x00000970      0x236 ./Drivers/STM32F4xx_HAL_Driver/Src/stm32f4xx_ll_gpio.o
 .debug_abbrev  0x00000ba6      0x1ed ./Drivers/STM32F4xx_HAL_Driver/Src/stm32f4xx_ll_rcc.o
 .debug_abbrev  0x00000d93      0x20f ./Drivers/STM32F4xx_HAL_Driver/Src/stm32f4xx_ll_tim.o
 .debug_abbrev  0x00000fa2      0x1f2 ./Drivers/STM32F4xx_HAL_Driver/Src/stm32f4xx_ll_usart.o
 .debug_abbrev  0x00001194      0x232 ./Drivers/STM32F4xx_HAL_Driver/Src/stm32f4xx_ll_utils.o

.debug_aranges  0x00000000      0x7e0
 .debug_aranges
                0x00000000      0x188 ./Core/Src/main.o
 .debug_aranges
                0x00000188       0xc0 ./Core/Src/stm32f4xx_it.o
 .debug_aranges
                0x00000248       0x28 ./Core/Src/system_stm32f4xx.o
 .debug_aranges
                0x00000270       0x28 ./Core/Startup/startup_stm32f401retx.o
 .debug_aranges
                0x00000298       0xb0 ./Drivers/STM32F4xx_HAL_Driver/Src/stm32f4xx_ll_adc.o
 .debug_aranges
                0x00000348       0x70 ./Drivers/STM32F4xx_HAL_Driver/Src/stm32f4xx_ll_exti.o
 .debug_aranges
                0x000003b8       0x70 ./Drivers/STM32F4xx_HAL_Driver/Src/stm32f4xx_ll_gpio.o
 .debug_aranges
                0x00000428      0x110 ./Drivers/STM32F4xx_HAL_Driver/Src/stm32f4xx_ll_rcc.o
 .debug_aranges
                0x00000538      0x128 ./Drivers/STM32F4xx_HAL_Driver/Src/stm32f4xx_ll_tim.o
 .debug_aranges
                0x00000660       0x88 ./Drivers/STM32F4xx_HAL_Driver/Src/stm32f4xx_ll_usart.o
 .debug_aranges
                0x000006e8       0xf8 ./Drivers/STM32F4xx_HAL_Driver/Src/stm32f4xx_ll_utils.o

.debug_rnglists
                0x00000000      0x5d3
 .debug_rnglists
                0x00000000      0x12a ./Core/Src/main.o
 .debug_rnglists
                0x0000012a       0x8c ./Core/Src/stm32f4xx_it.o
 .debug_rnglists
                0x000001b6       0x1a ./Core/Src/system_stm32f4xx.o
 .debug_rnglists
                0x000001d0       0x19 ./Core/Startup/startup_stm32f401retx.o
 .debug_rnglists
                0x000001e9       0x82 ./Drivers/STM32F4xx_HAL_Driver/Src/stm32f4xx_ll_adc.o
 .debug_rnglists
                0x0000026b       0x50 ./Drivers/STM32F4xx_HAL_Driver/Src/stm32f4xx_ll_exti.o
 .debug_rnglists
                0x000002bb       0x51 ./Drivers/STM32F4xx_HAL_Driver/Src/stm32f4xx_ll_gpio.o
 .debug_rnglists
                0x0000030c       0xc8 ./Drivers/STM32F4xx_HAL_Driver/Src/stm32f4xx_ll_rcc.o
 .debug_rnglists
                0x000003d4       0xe4 ./Drivers/STM32F4xx_HAL_Driver/Src/stm32f4xx_ll_tim.o
 .debug_rnglists
                0x000004b8       0x63 ./Drivers/STM32F4xx_HAL_Driver/Src/stm32f4xx_ll_usart.o
 .debug_rnglists
                0x0000051b       0xb8 ./Drivers/STM32F4xx_HAL_Driver/Src/stm32f4xx_ll_utils.o

.debug_macro    0x00000000    0x11be0
 .debug_macro   0x00000000      0x14f ./Core/Src/main.o
 .debug_macro   0x0000014f      0xb1a ./Core/Src/main.o
 .debug_macro   0x00000c69       0x2e ./Core/Src/main.o
 .debug_macro   0x00000c97       0x28 ./Core/Src/main.o
 .debug_macro   0x00000cbf       0x22 ./Core/Src/main.o
 .debug_macro   0x00000ce1       0x8e ./Core/Src/main.o
 .debug_macro   0x00000d6f       0x51 ./Core/Src/main.o
 .debug_macro   0x00000dc0      0x103 ./Core/Src/main.o
 .debug_macro   0x00000ec3       0x6a ./Core/Src/main.o
 .debug_macro   0x00000f2d      0x1df ./Core/Src/main.o
 .debug_macro   0x0000110c       0x1c ./Core/Src/main.o
 .debug_macro   0x00001128       0x22 ./Core/Src/main.o
 .debug_macro   0x0000114a       0xfb ./Core/Src/main.o
 .debug_macro   0x00001245     0x1011 ./Core/Src/main.o
 .debug_macro   0x00002256      0x11f ./Core/Src/main.o
 .debug_macro   0x00002375     0xb881 ./Core/Src/main.o
 .debug_macro   0x0000dbf6       0x6d ./Core/Src/main.o
 .debug_macro   0x0000dc63      0x9db ./Core/Src/main.o
 .debug_macro   0x0000e63e      0x788 ./Core/Src/main.o
 .debug_macro   0x0000edc6      0x116 ./Core/Src/main.o
 .debug_macro   0x0000eedc      0x1ab ./Core/Src/main.o
 .debug_macro   0x0000f087       0xe8 ./Core/Src/main.o
 .debug_macro   0x0000f16f      0x1a6 ./Core/Src/main.o
 .debug_macro   0x0000f315       0x61 ./Core/Src/main.o
 .debug_macro   0x0000f376       0xbc ./Core/Src/main.o
 .debug_macro   0x0000f432      0x1e6 ./Core/Src/main.o
 .debug_macro   0x0000f618      0x5f3 ./Core/Src/main.o
 .debug_macro   0x0000fc0b      0x1bb ./Core/Src/main.o
 .debug_macro   0x0000fdc6      0x149 ./Core/Src/main.o
 .debug_macro   0x0000ff0f       0x94 ./Core/Src/main.o
 .debug_macro   0x0000ffa3      0x159 ./Core/Src/stm32f4xx_it.o
 .debug_macro   0x000100fc       0xce ./Core/Src/system_stm32f4xx.o
 .debug_macro   0x000101ca      0x152 ./Drivers/STM32F4xx_HAL_Driver/Src/stm32f4xx_ll_adc.o
 .debug_macro   0x0001031c       0xf5 ./Drivers/STM32F4xx_HAL_Driver/Src/stm32f4xx_ll_exti.o
 .debug_macro   0x00010411       0xe2 ./Drivers/STM32F4xx_HAL_Driver/Src/stm32f4xx_ll_exti.o
 .debug_macro   0x000104f3      0x110 ./Drivers/STM32F4xx_HAL_Driver/Src/stm32f4xx_ll_gpio.o
 .debug_macro   0x00010603      0x143 ./Drivers/STM32F4xx_HAL_Driver/Src/stm32f4xx_ll_gpio.o
 .debug_macro   0x00010746       0xf5 ./Drivers/STM32F4xx_HAL_Driver/Src/stm32f4xx_ll_rcc.o
 .debug_macro   0x0001083b      0x782 ./Drivers/STM32F4xx_HAL_Driver/Src/stm32f4xx_ll_rcc.o
 .debug_macro   0x00010fbd      0x159 ./Drivers/STM32F4xx_HAL_Driver/Src/stm32f4xx_ll_tim.o
 .debug_macro   0x00011116      0x5ed ./Drivers/STM32F4xx_HAL_Driver/Src/stm32f4xx_ll_tim.o
 .debug_macro   0x00011703      0x13d ./Drivers/STM32F4xx_HAL_Driver/Src/stm32f4xx_ll_usart.o
 .debug_macro   0x00011840      0x1b5 ./Drivers/STM32F4xx_HAL_Driver/Src/stm32f4xx_ll_usart.o
 .debug_macro   0x000119f5      0x190 ./Drivers/STM32F4xx_HAL_Driver/Src/stm32f4xx_ll_utils.o
 .debug_macro   0x00011b85       0x5b ./Drivers/STM32F4xx_HAL_Driver/Src/stm32f4xx_ll_utils.o

.debug_line     0x00000000     0x5b6d
 .debug_line    0x00000000      0xf59 ./Core/Src/main.o
 .debug_line    0x00000f59      0x88a ./Core/Src/stm32f4xx_it.o
 .debug_line    0x000017e3      0x566 ./Core/Src/system_stm32f4xx.o
 .debug_line    0x00001d49       0x7a ./Core/Startup/startup_stm32f401retx.o
 .debug_line    0x00001dc3      0x7d1 ./Drivers/STM32F4xx_HAL_Driver/Src/stm32f4xx_ll_adc.o
 .debug_line    0x00002594      0x68d ./Drivers/STM32F4xx_HAL_Driver/Src/stm32f4xx_ll_exti.o
 .debug_line    0x00002c21      0x8cf ./Drivers/STM32F4xx_HAL_Driver/Src/stm32f4xx_ll_gpio.o
 .debug_line    0x000034f0      0x9f6 ./Drivers/STM32F4xx_HAL_Driver/Src/stm32f4xx_ll_rcc.o
 .debug_line    0x00003ee6      0xb1f ./Drivers/STM32F4xx_HAL_Driver/Src/stm32f4xx_ll_tim.o
 .debug_line    0x00004a05      0x769 ./Drivers/STM32F4xx_HAL_Driver/Src/stm32f4xx_ll_usart.o
 .debug_line    0x0000516e      0x9ff ./Drivers/STM32F4xx_HAL_Driver/Src/stm32f4xx_ll_utils.o

.debug_str      0x00000000    0x69d6d
 .debug_str     0x00000000    0x69d6d ./Core/Src/main.o
                              0x645bd (size before relaxing)
 .debug_str     0x00069d6d    0x638be ./Core/Src/stm32f4xx_it.o
 .debug_str     0x00069d6d    0x4fb18 ./Core/Src/system_stm32f4xx.o
 .debug_str     0x00069d6d       0x81 ./Core/Startup/startup_stm32f401retx.o
 .debug_str     0x00069d6d    0x58ecb ./Drivers/STM32F4xx_HAL_Driver/Src/stm32f4xx_ll_adc.o
 .debug_str     0x00069d6d    0x501ac ./Drivers/STM32F4xx_HAL_Driver/Src/stm32f4xx_ll_exti.o
 .debug_str     0x00069d6d    0x50ff7 ./Drivers/STM32F4xx_HAL_Driver/Src/stm32f4xx_ll_gpio.o
 .debug_str     0x00069d6d    0x53fe3 ./Drivers/STM32F4xx_HAL_Driver/Src/stm32f4xx_ll_rcc.o
 .debug_str     0x00069d6d    0x54701 ./Drivers/STM32F4xx_HAL_Driver/Src/stm32f4xx_ll_tim.o
 .debug_str     0x00069d6d    0x55959 ./Drivers/STM32F4xx_HAL_Driver/Src/stm32f4xx_ll_usart.o
 .debug_str     0x00069d6d    0x564ea ./Drivers/STM32F4xx_HAL_Driver/Src/stm32f4xx_ll_utils.o

.comment        0x00000000       0x43
 .comment       0x00000000       0x43 ./Core/Src/main.o
                                 0x44 (size before relaxing)
 .comment       0x00000043       0x44 ./Core/Src/stm32f4xx_it.o
 .comment       0x00000043       0x44 ./Core/Src/system_stm32f4xx.o
 .comment       0x00000043       0x44 ./Drivers/STM32F4xx_HAL_Driver/Src/stm32f4xx_ll_adc.o
 .comment       0x00000043       0x44 ./Drivers/STM32F4xx_HAL_Driver/Src/stm32f4xx_ll_exti.o
 .comment       0x00000043       0x44 ./Drivers/STM32F4xx_HAL_Driver/Src/stm32f4xx_ll_gpio.o
 .comment       0x00000043       0x44 ./Drivers/STM32F4xx_HAL_Driver/Src/stm32f4xx_ll_rcc.o
 .comment       0x00000043       0x44 ./Drivers/STM32F4xx_HAL_Driver/Src/stm32f4xx_ll_tim.o
 .comment       0x00000043       0x44 ./Drivers/STM32F4xx_HAL_Driver/Src/stm32f4xx_ll_usart.o
 .comment       0x00000043       0x44 ./Drivers/STM32F4xx_HAL_Driver/Src/stm32f4xx_ll_utils.o

.debug_frame    0x00000000     0x209c
 .debug_frame   0x00000000      0x6c4 ./Core/Src/main.o
 .debug_frame   0x000006c4      0x2bc ./Core/Src/stm32f4xx_it.o
 .debug_frame   0x00000980       0x58 ./Core/Src/system_stm32f4xx.o
 .debug_frame   0x000009d8      0x2f0 ./Drivers/STM32F4xx_HAL_Driver/Src/stm32f4xx_ll_adc.o
 .debug_frame   0x00000cc8      0x1bc ./Drivers/STM32F4xx_HAL_Driver/Src/stm32f4xx_ll_exti.o
 .debug_frame   0x00000e84      0x1c0 ./Drivers/STM32F4xx_HAL_Driver/Src/stm32f4xx_ll_gpio.o
 .debug_frame   0x00001044      0x43c ./Drivers/STM32F4xx_HAL_Driver/Src/stm32f4xx_ll_rcc.o
 .debug_frame   0x00001480      0x538 ./Drivers/STM32F4xx_HAL_Driver/Src/stm32f4xx_ll_tim.o
 .debug_frame   0x000019b8      0x240 ./Drivers/STM32F4xx_HAL_Driver/Src/stm32f4xx_ll_usart.o
 .debug_frame   0x00001bf8      0x3f8 ./Drivers/STM32F4xx_HAL_Driver/Src/stm32f4xx_ll_utils.o
 .debug_frame   0x00001ff0       0x20 C:/ST/STM32CubeIDE_1.18.1/STM32CubeIDE/plugins/com.st.stm32cube.ide.mcu.externaltools.gnu-tools-for-stm32.13.3.rel1.win32_1.0.0.202411081344/tools/bin/../lib/gcc/arm-none-eabi/13.3.1/../../../../arm-none-eabi/lib/thumb/v7e-m+fp/hard\libc_nano.a(libc_a-memset.o)
 .debug_frame   0x00002010       0x2c C:/ST/STM32CubeIDE_1.18.1/STM32CubeIDE/plugins/com.st.stm32cube.ide.mcu.externaltools.gnu-tools-for-stm32.13.3.rel1.win32_1.0.0.202411081344/tools/bin/../lib/gcc/arm-none-eabi/13.3.1/../../../../arm-none-eabi/lib/thumb/v7e-m+fp/hard\libc_nano.a(libc_a-init.o)
 .debug_frame   0x0000203c       0x2c C:/ST/STM32CubeIDE_1.18.1/STM32CubeIDE/plugins/com.st.stm32cube.ide.mcu.externaltools.gnu-tools-for-stm32.13.3.rel1.win32_1.0.0.202411081344/tools/bin/../lib/gcc/arm-none-eabi/13.3.1/thumb/v7e-m+fp/hard\libgcc.a(_aeabi_uldivmod.o)
 .debug_frame   0x00002068       0x34 C:/ST/STM32CubeIDE_1.18.1/STM32CubeIDE/plugins/com.st.stm32cube.ide.mcu.externaltools.gnu-tools-for-stm32.13.3.rel1.win32_1.0.0.202411081344/tools/bin/../lib/gcc/arm-none-eabi/13.3.1/thumb/v7e-m+fp/hard\libgcc.a(_udivmoddi4.o)

.debug_line_str
                0x00000000       0x65
 .debug_line_str
                0x00000000       0x65 ./Core/Startup/startup_stm32f401retx.o
