------------------------------------------------------------
Timing Analyzer Summary
------------------------------------------------------------

Type  : Slow 1100mV 85C Model Setup 'KEY[0]'
Slack : -0.209
TNS   : -0.418

Type  : Slow 1100mV 85C Model Hold 'KEY[0]'
Slack : 0.235
TNS   : 0.000

Type  : Slow 1100mV 85C Model Minimum Pulse Width 'KEY[0]'
Slack : -0.394
TNS   : -5.573

Type  : Slow 1100mV 0C Model Setup 'KEY[0]'
Slack : -0.234
TNS   : -0.509

Type  : Slow 1100mV 0C Model Hold 'KEY[0]'
Slack : 0.217
TNS   : 0.000

Type  : Slow 1100mV 0C Model Minimum Pulse Width 'KEY[0]'
Slack : -0.394
TNS   : -5.203

Type  : Fast 1100mV 85C Model Setup 'KEY[0]'
Slack : 0.283
TNS   : 0.000

Type  : Fast 1100mV 85C Model Hold 'KEY[0]'
Slack : 0.140
TNS   : 0.000

Type  : Fast 1100mV 85C Model Minimum Pulse Width 'KEY[0]'
Slack : -0.342
TNS   : -2.920

Type  : Fast 1100mV 0C Model Setup 'KEY[0]'
Slack : 0.312
TNS   : 0.000

Type  : Fast 1100mV 0C Model Hold 'KEY[0]'
Slack : 0.126
TNS   : 0.000

Type  : Fast 1100mV 0C Model Minimum Pulse Width 'KEY[0]'
Slack : -0.321
TNS   : -2.731

------------------------------------------------------------
