16:27:30 **** Build of configuration Debug for project DSE_Lab8.1.3 ****
make -j8 all 
arm-none-eabi-gcc "../Drivers/STM32F4xx_HAL_Driver/Src/stm32f4xx_hal.c" -mcpu=cortex-m4 -std=gnu11 -g3 -DDEBUG -DUSE_HAL_DRIVER -DSTM32F401xE -c -I../Core/Inc -I../Drivers/STM32F4xx_HAL_Driver/Inc -I../Drivers/STM32F4xx_HAL_Driver/Inc/Legacy -I../Drivers/CMSIS/Device/ST/STM32F4xx/Include -I../Drivers/CMSIS/Include -O0 -ffunction-sections -fdata-sections -Wall -fstack-usage -fcyclomatic-complexity -MMD -MP -MF"Drivers/STM32F4xx_HAL_Driver/Src/stm32f4xx_hal.d" -MT"Drivers/STM32F4xx_HAL_Driver/Src/stm32f4xx_hal.o" --specs=nano.specs -mfpu=fpv4-sp-d16 -mfloat-abi=hard -mthumb -o "Drivers/STM32F4xx_HAL_Driver/Src/stm32f4xx_hal.o"
arm-none-eabi-gcc "../Drivers/STM32F4xx_HAL_Driver/Src/stm32f4xx_hal_cortex.c" -mcpu=cortex-m4 -std=gnu11 -g3 -DDEBUG -DUSE_HAL_DRIVER -DSTM32F401xE -c -I../Core/Inc -I../Drivers/STM32F4xx_HAL_Driver/Inc -I../Drivers/STM32F4xx_HAL_Driver/Inc/Legacy -I../Drivers/CMSIS/Device/ST/STM32F4xx/Include -I../Drivers/CMSIS/Include -O0 -ffunction-sections -fdata-sections -Wall -fstack-usage -fcyclomatic-complexity -MMD -MP -MF"Drivers/STM32F4xx_HAL_Driver/Src/stm32f4xx_hal_cortex.d" -MT"Drivers/STM32F4xx_HAL_Driver/Src/stm32f4xx_hal_cortex.o" --specs=nano.specs -mfpu=fpv4-sp-d16 -mfloat-abi=hard -mthumb -o "Drivers/STM32F4xx_HAL_Driver/Src/stm32f4xx_hal_cortex.o"
arm-none-eabi-gcc "../Drivers/STM32F4xx_HAL_Driver/Src/stm32f4xx_hal_dma.c" -mcpu=cortex-m4 -std=gnu11 -g3 -DDEBUG -DUSE_HAL_DRIVER -DSTM32F401xE -c -I../Core/Inc -I../Drivers/STM32F4xx_HAL_Driver/Inc -I../Drivers/STM32F4xx_HAL_Driver/Inc/Legacy -I../Drivers/CMSIS/Device/ST/STM32F4xx/Include -I../Drivers/CMSIS/Include -O0 -ffunction-sections -fdata-sections -Wall -fstack-usage -fcyclomatic-complexity -MMD -MP -MF"Drivers/STM32F4xx_HAL_Driver/Src/stm32f4xx_hal_dma.d" -MT"Drivers/STM32F4xx_HAL_Driver/Src/stm32f4xx_hal_dma.o" --specs=nano.specs -mfpu=fpv4-sp-d16 -mfloat-abi=hard -mthumb -o "Drivers/STM32F4xx_HAL_Driver/Src/stm32f4xx_hal_dma.o"
arm-none-eabi-gcc "../Drivers/STM32F4xx_HAL_Driver/Src/stm32f4xx_hal_dma_ex.c" -mcpu=cortex-m4 -std=gnu11 -g3 -DDEBUG -DUSE_HAL_DRIVER -DSTM32F401xE -c -I../Core/Inc -I../Drivers/STM32F4xx_HAL_Driver/Inc -I../Drivers/STM32F4xx_HAL_Driver/Inc/Legacy -I../Drivers/CMSIS/Device/ST/STM32F4xx/Include -I../Drivers/CMSIS/Include -O0 -ffunction-sections -fdata-sections -Wall -fstack-usage -fcyclomatic-complexity -MMD -MP -MF"Drivers/STM32F4xx_HAL_Driver/Src/stm32f4xx_hal_dma_ex.d" -MT"Drivers/STM32F4xx_HAL_Driver/Src/stm32f4xx_hal_dma_ex.o" --specs=nano.specs -mfpu=fpv4-sp-d16 -mfloat-abi=hard -mthumb -o "Drivers/STM32F4xx_HAL_Driver/Src/stm32f4xx_hal_dma_ex.o"
arm-none-eabi-gcc "../Drivers/STM32F4xx_HAL_Driver/Src/stm32f4xx_hal_exti.c" -mcpu=cortex-m4 -std=gnu11 -g3 -DDEBUG -DUSE_HAL_DRIVER -DSTM32F401xE -c -I../Core/Inc -I../Drivers/STM32F4xx_HAL_Driver/Inc -I../Drivers/STM32F4xx_HAL_Driver/Inc/Legacy -I../Drivers/CMSIS/Device/ST/STM32F4xx/Include -I../Drivers/CMSIS/Include -O0 -ffunction-sections -fdata-sections -Wall -fstack-usage -fcyclomatic-complexity -MMD -MP -MF"Drivers/STM32F4xx_HAL_Driver/Src/stm32f4xx_hal_exti.d" -MT"Drivers/STM32F4xx_HAL_Driver/Src/stm32f4xx_hal_exti.o" --specs=nano.specs -mfpu=fpv4-sp-d16 -mfloat-abi=hard -mthumb -o "Drivers/STM32F4xx_HAL_Driver/Src/stm32f4xx_hal_exti.o"
arm-none-eabi-gcc "../Drivers/STM32F4xx_HAL_Driver/Src/stm32f4xx_hal_flash.c" -mcpu=cortex-m4 -std=gnu11 -g3 -DDEBUG -DUSE_HAL_DRIVER -DSTM32F401xE -c -I../Core/Inc -I../Drivers/STM32F4xx_HAL_Driver/Inc -I../Drivers/STM32F4xx_HAL_Driver/Inc/Legacy -I../Drivers/CMSIS/Device/ST/STM32F4xx/Include -I../Drivers/CMSIS/Include -O0 -ffunction-sections -fdata-sections -Wall -fstack-usage -fcyclomatic-complexity -MMD -MP -MF"Drivers/STM32F4xx_HAL_Driver/Src/stm32f4xx_hal_flash.d" -MT"Drivers/STM32F4xx_HAL_Driver/Src/stm32f4xx_hal_flash.o" --specs=nano.specs -mfpu=fpv4-sp-d16 -mfloat-abi=hard -mthumb -o "Drivers/STM32F4xx_HAL_Driver/Src/stm32f4xx_hal_flash.o"
arm-none-eabi-gcc "../Drivers/STM32F4xx_HAL_Driver/Src/stm32f4xx_hal_flash_ex.c" -mcpu=cortex-m4 -std=gnu11 -g3 -DDEBUG -DUSE_HAL_DRIVER -DSTM32F401xE -c -I../Core/Inc -I../Drivers/STM32F4xx_HAL_Driver/Inc -I../Drivers/STM32F4xx_HAL_Driver/Inc/Legacy -I../Drivers/CMSIS/Device/ST/STM32F4xx/Include -I../Drivers/CMSIS/Include -O0 -ffunction-sections -fdata-sections -Wall -fstack-usage -fcyclomatic-complexity -MMD -MP -MF"Drivers/STM32F4xx_HAL_Driver/Src/stm32f4xx_hal_flash_ex.d" -MT"Drivers/STM32F4xx_HAL_Driver/Src/stm32f4xx_hal_flash_ex.o" --specs=nano.specs -mfpu=fpv4-sp-d16 -mfloat-abi=hard -mthumb -o "Drivers/STM32F4xx_HAL_Driver/Src/stm32f4xx_hal_flash_ex.o"
arm-none-eabi-gcc "../Drivers/STM32F4xx_HAL_Driver/Src/stm32f4xx_hal_flash_ramfunc.c" -mcpu=cortex-m4 -std=gnu11 -g3 -DDEBUG -DUSE_HAL_DRIVER -DSTM32F401xE -c -I../Core/Inc -I../Drivers/STM32F4xx_HAL_Driver/Inc -I../Drivers/STM32F4xx_HAL_Driver/Inc/Legacy -I../Drivers/CMSIS/Device/ST/STM32F4xx/Include -I../Drivers/CMSIS/Include -O0 -ffunction-sections -fdata-sections -Wall -fstack-usage -fcyclomatic-complexity -MMD -MP -MF"Drivers/STM32F4xx_HAL_Driver/Src/stm32f4xx_hal_flash_ramfunc.d" -MT"Drivers/STM32F4xx_HAL_Driver/Src/stm32f4xx_hal_flash_ramfunc.o" --specs=nano.specs -mfpu=fpv4-sp-d16 -mfloat-abi=hard -mthumb -o "Drivers/STM32F4xx_HAL_Driver/Src/stm32f4xx_hal_flash_ramfunc.o"
arm-none-eabi-gcc "../Drivers/STM32F4xx_HAL_Driver/Src/stm32f4xx_hal_gpio.c" -mcpu=cortex-m4 -std=gnu11 -g3 -DDEBUG -DUSE_HAL_DRIVER -DSTM32F401xE -c -I../Core/Inc -I../Drivers/STM32F4xx_HAL_Driver/Inc -I../Drivers/STM32F4xx_HAL_Driver/Inc/Legacy -I../Drivers/CMSIS/Device/ST/STM32F4xx/Include -I../Drivers/CMSIS/Include -O0 -ffunction-sections -fdata-sections -Wall -fstack-usage -fcyclomatic-complexity -MMD -MP -MF"Drivers/STM32F4xx_HAL_Driver/Src/stm32f4xx_hal_gpio.d" -MT"Drivers/STM32F4xx_HAL_Driver/Src/stm32f4xx_hal_gpio.o" --specs=nano.specs -mfpu=fpv4-sp-d16 -mfloat-abi=hard -mthumb -o "Drivers/STM32F4xx_HAL_Driver/Src/stm32f4xx_hal_gpio.o"
arm-none-eabi-gcc "../Drivers/STM32F4xx_HAL_Driver/Src/stm32f4xx_hal_pwr.c" -mcpu=cortex-m4 -std=gnu11 -g3 -DDEBUG -DUSE_HAL_DRIVER -DSTM32F401xE -c -I../Core/Inc -I../Drivers/STM32F4xx_HAL_Driver/Inc -I../Drivers/STM32F4xx_HAL_Driver/Inc/Legacy -I../Drivers/CMSIS/Device/ST/STM32F4xx/Include -I../Drivers/CMSIS/Include -O0 -ffunction-sections -fdata-sections -Wall -fstack-usage -fcyclomatic-complexity -MMD -MP -MF"Drivers/STM32F4xx_HAL_Driver/Src/stm32f4xx_hal_pwr.d" -MT"Drivers/STM32F4xx_HAL_Driver/Src/stm32f4xx_hal_pwr.o" --specs=nano.specs -mfpu=fpv4-sp-d16 -mfloat-abi=hard -mthumb -o "Drivers/STM32F4xx_HAL_Driver/Src/stm32f4xx_hal_pwr.o"
arm-none-eabi-gcc "../Drivers/STM32F4xx_HAL_Driver/Src/stm32f4xx_hal_pwr_ex.c" -mcpu=cortex-m4 -std=gnu11 -g3 -DDEBUG -DUSE_HAL_DRIVER -DSTM32F401xE -c -I../Core/Inc -I../Drivers/STM32F4xx_HAL_Driver/Inc -I../Drivers/STM32F4xx_HAL_Driver/Inc/Legacy -I../Drivers/CMSIS/Device/ST/STM32F4xx/Include -I../Drivers/CMSIS/Include -O0 -ffunction-sections -fdata-sections -Wall -fstack-usage -fcyclomatic-complexity -MMD -MP -MF"Drivers/STM32F4xx_HAL_Driver/Src/stm32f4xx_hal_pwr_ex.d" -MT"Drivers/STM32F4xx_HAL_Driver/Src/stm32f4xx_hal_pwr_ex.o" --specs=nano.specs -mfpu=fpv4-sp-d16 -mfloat-abi=hard -mthumb -o "Drivers/STM32F4xx_HAL_Driver/Src/stm32f4xx_hal_pwr_ex.o"
arm-none-eabi-gcc "../Drivers/STM32F4xx_HAL_Driver/Src/stm32f4xx_hal_rcc.c" -mcpu=cortex-m4 -std=gnu11 -g3 -DDEBUG -DUSE_HAL_DRIVER -DSTM32F401xE -c -I../Core/Inc -I../Drivers/STM32F4xx_HAL_Driver/Inc -I../Drivers/STM32F4xx_HAL_Driver/Inc/Legacy -I../Drivers/CMSIS/Device/ST/STM32F4xx/Include -I../Drivers/CMSIS/Include -O0 -ffunction-sections -fdata-sections -Wall -fstack-usage -fcyclomatic-complexity -MMD -MP -MF"Drivers/STM32F4xx_HAL_Driver/Src/stm32f4xx_hal_rcc.d" -MT"Drivers/STM32F4xx_HAL_Driver/Src/stm32f4xx_hal_rcc.o" --specs=nano.specs -mfpu=fpv4-sp-d16 -mfloat-abi=hard -mthumb -o "Drivers/STM32F4xx_HAL_Driver/Src/stm32f4xx_hal_rcc.o"
arm-none-eabi-gcc "../Drivers/STM32F4xx_HAL_Driver/Src/stm32f4xx_hal_rcc_ex.c" -mcpu=cortex-m4 -std=gnu11 -g3 -DDEBUG -DUSE_HAL_DRIVER -DSTM32F401xE -c -I../Core/Inc -I../Drivers/STM32F4xx_HAL_Driver/Inc -I../Drivers/STM32F4xx_HAL_Driver/Inc/Legacy -I../Drivers/CMSIS/Device/ST/STM32F4xx/Include -I../Drivers/CMSIS/Include -O0 -ffunction-sections -fdata-sections -Wall -fstack-usage -fcyclomatic-complexity -MMD -MP -MF"Drivers/STM32F4xx_HAL_Driver/Src/stm32f4xx_hal_rcc_ex.d" -MT"Drivers/STM32F4xx_HAL_Driver/Src/stm32f4xx_hal_rcc_ex.o" --specs=nano.specs -mfpu=fpv4-sp-d16 -mfloat-abi=hard -mthumb -o "Drivers/STM32F4xx_HAL_Driver/Src/stm32f4xx_hal_rcc_ex.o"
arm-none-eabi-gcc "../Drivers/STM32F4xx_HAL_Driver/Src/stm32f4xx_hal_uart.c" -mcpu=cortex-m4 -std=gnu11 -g3 -DDEBUG -DUSE_HAL_DRIVER -DSTM32F401xE -c -I../Core/Inc -I../Drivers/STM32F4xx_HAL_Driver/Inc -I../Drivers/STM32F4xx_HAL_Driver/Inc/Legacy -I../Drivers/CMSIS/Device/ST/STM32F4xx/Include -I../Drivers/CMSIS/Include -O0 -ffunction-sections -fdata-sections -Wall -fstack-usage -fcyclomatic-complexity -MMD -MP -MF"Drivers/STM32F4xx_HAL_Driver/Src/stm32f4xx_hal_uart.d" -MT"Drivers/STM32F4xx_HAL_Driver/Src/stm32f4xx_hal_uart.o" --specs=nano.specs -mfpu=fpv4-sp-d16 -mfloat-abi=hard -mthumb -o "Drivers/STM32F4xx_HAL_Driver/Src/stm32f4xx_hal_uart.o"
arm-none-eabi-gcc -mcpu=cortex-m4 -g3 -DDEBUG -c -x assembler-with-cpp -MMD -MP -MF"Core/Startup/startup_stm32f401retx.d" -MT"Core/Startup/startup_stm32f401retx.o" --specs=nano.specs -mfpu=fpv4-sp-d16 -mfloat-abi=hard -mthumb -o "Core/Startup/startup_stm32f401retx.o" "../Core/Startup/startup_stm32f401retx.s"
arm-none-eabi-gcc "../Core/Src/main.c" -mcpu=cortex-m4 -std=gnu11 -g3 -DDEBUG -DUSE_HAL_DRIVER -DSTM32F401xE -c -I../Core/Inc -I../Drivers/STM32F4xx_HAL_Driver/Inc -I../Drivers/STM32F4xx_HAL_Driver/Inc/Legacy -I../Drivers/CMSIS/Device/ST/STM32F4xx/Include -I../Drivers/CMSIS/Include -O0 -ffunction-sections -fdata-sections -Wall -fstack-usage -fcyclomatic-complexity -MMD -MP -MF"Core/Src/main.d" -MT"Core/Src/main.o" --specs=nano.specs -mfpu=fpv4-sp-d16 -mfloat-abi=hard -mthumb -o "Core/Src/main.o"
arm-none-eabi-gcc "../Core/Src/stm32f4xx_hal_msp.c" -mcpu=cortex-m4 -std=gnu11 -g3 -DDEBUG -DUSE_HAL_DRIVER -DSTM32F401xE -c -I../Core/Inc -I../Drivers/STM32F4xx_HAL_Driver/Inc -I../Drivers/STM32F4xx_HAL_Driver/Inc/Legacy -I../Drivers/CMSIS/Device/ST/STM32F4xx/Include -I../Drivers/CMSIS/Include -O0 -ffunction-sections -fdata-sections -Wall -fstack-usage -fcyclomatic-complexity -MMD -MP -MF"Core/Src/stm32f4xx_hal_msp.d" -MT"Core/Src/stm32f4xx_hal_msp.o" --specs=nano.specs -mfpu=fpv4-sp-d16 -mfloat-abi=hard -mthumb -o "Core/Src/stm32f4xx_hal_msp.o"
arm-none-eabi-gcc "../Core/Src/stm32f4xx_it.c" -mcpu=cortex-m4 -std=gnu11 -g3 -DDEBUG -DUSE_HAL_DRIVER -DSTM32F401xE -c -I../Core/Inc -I../Drivers/STM32F4xx_HAL_Driver/Inc -I../Drivers/STM32F4xx_HAL_Driver/Inc/Legacy -I../Drivers/CMSIS/Device/ST/STM32F4xx/Include -I../Drivers/CMSIS/Include -O0 -ffunction-sections -fdata-sections -Wall -fstack-usage -fcyclomatic-complexity -MMD -MP -MF"Core/Src/stm32f4xx_it.d" -MT"Core/Src/stm32f4xx_it.o" --specs=nano.specs -mfpu=fpv4-sp-d16 -mfloat-abi=hard -mthumb -o "Core/Src/stm32f4xx_it.o"
arm-none-eabi-gcc "../Core/Src/syscalls.c" -mcpu=cortex-m4 -std=gnu11 -g3 -DDEBUG -DUSE_HAL_DRIVER -DSTM32F401xE -c -I../Core/Inc -I../Drivers/STM32F4xx_HAL_Driver/Inc -I../Drivers/STM32F4xx_HAL_Driver/Inc/Legacy -I../Drivers/CMSIS/Device/ST/STM32F4xx/Include -I../Drivers/CMSIS/Include -O0 -ffunction-sections -fdata-sections -Wall -fstack-usage -fcyclomatic-complexity -MMD -MP -MF"Core/Src/syscalls.d" -MT"Core/Src/syscalls.o" --specs=nano.specs -mfpu=fpv4-sp-d16 -mfloat-abi=hard -mthumb -o "Core/Src/syscalls.o"
arm-none-eabi-gcc "../Core/Src/sysmem.c" -mcpu=cortex-m4 -std=gnu11 -g3 -DDEBUG -DUSE_HAL_DRIVER -DSTM32F401xE -c -I../Core/Inc -I../Drivers/STM32F4xx_HAL_Driver/Inc -I../Drivers/STM32F4xx_HAL_Driver/Inc/Legacy -I../Drivers/CMSIS/Device/ST/STM32F4xx/Include -I../Drivers/CMSIS/Include -O0 -ffunction-sections -fdata-sections -Wall -fstack-usage -fcyclomatic-complexity -MMD -MP -MF"Core/Src/sysmem.d" -MT"Core/Src/sysmem.o" --specs=nano.specs -mfpu=fpv4-sp-d16 -mfloat-abi=hard -mthumb -o "Core/Src/sysmem.o"
arm-none-eabi-gcc "../Core/Src/system_stm32f4xx.c" -mcpu=cortex-m4 -std=gnu11 -g3 -DDEBUG -DUSE_HAL_DRIVER -DSTM32F401xE -c -I../Core/Inc -I../Drivers/STM32F4xx_HAL_Driver/Inc -I../Drivers/STM32F4xx_HAL_Driver/Inc/Legacy -I../Drivers/CMSIS/Device/ST/STM32F4xx/Include -I../Drivers/CMSIS/Include -O0 -ffunction-sections -fdata-sections -Wall -fstack-usage -fcyclomatic-complexity -MMD -MP -MF"Core/Src/system_stm32f4xx.d" -MT"Core/Src/system_stm32f4xx.o" --specs=nano.specs -mfpu=fpv4-sp-d16 -mfloat-abi=hard -mthumb -o "Core/Src/system_stm32f4xx.o"
arm-none-eabi-gcc -o "DSE_Lab8.1.3.elf" @"objects.list"   -mcpu=cortex-m4 -T"C:\Users\danie\OneDrive\Documenti\GitHub\DSE_Labs\Lab8\Lab8.1.3\STM32F401RETX_FLASH.ld" --specs=nosys.specs -Wl,-Map="DSE_Lab8.1.3.map" -Wl,--gc-sections -static --specs=nano.specs -mfpu=fpv4-sp-d16 -mfloat-abi=hard -mthumb -Wl,--start-group -lc -lm -Wl,--end-group
Finished building target: DSE_Lab8.1.3.elf
 
arm-none-eabi-size  DSE_Lab8.1.3.elf 
arm-none-eabi-objdump -h -S DSE_Lab8.1.3.elf  > "DSE_Lab8.1.3.list"
   text	   data	    bss	    dec	    hex	filename
   7712	     12	   1644	   9368	   2498	DSE_Lab8.1.3.elf
Finished building: default.size.stdout
 
Finished building: DSE_Lab8.1.3.list
 
16:27:59 **** Incremental Build of configuration Debug for project DSE_Lab8.1.3 ****
make -j8 all 
arm-none-eabi-gcc "../Drivers/STM32F4xx_HAL_Driver/Src/stm32f4xx_ll_dma.c" -mcpu=cortex-m4 -std=gnu11 -g3 -DDEBUG -DSTM32F401xE -DUSE_FULL_LL_DRIVER -DHSE_VALUE=8000000 -DHSE_STARTUP_TIMEOUT=100 -DLSE_STARTUP_TIMEOUT=5000 -DLSE_VALUE=32768 -DEXTERNAL_CLOCK_VALUE=12288000 -DHSI_VALUE=16000000 -DLSI_VALUE=32000 -DVDD_VALUE=3300 -DPREFETCH_ENABLE=1 -DINSTRUCTION_CACHE_ENABLE=1 -DDATA_CACHE_ENABLE=1 -c -I../Core/Inc -I../Drivers/STM32F4xx_HAL_Driver/Inc -I../Drivers/CMSIS/Device/ST/STM32F4xx/Include -I../Drivers/CMSIS/Include -O0 -ffunction-sections -fdata-sections -Wall -fstack-usage -fcyclomatic-complexity -MMD -MP -MF"Drivers/STM32F4xx_HAL_Driver/Src/stm32f4xx_ll_dma.d" -MT"Drivers/STM32F4xx_HAL_Driver/Src/stm32f4xx_ll_dma.o" --specs=nano.specs -mfpu=fpv4-sp-d16 -mfloat-abi=hard -mthumb -o "Drivers/STM32F4xx_HAL_Driver/Src/stm32f4xx_ll_dma.o"
arm-none-eabi-gcc "../Drivers/STM32F4xx_HAL_Driver/Src/stm32f4xx_ll_exti.c" -mcpu=cortex-m4 -std=gnu11 -g3 -DDEBUG -DSTM32F401xE -DUSE_FULL_LL_DRIVER -DHSE_VALUE=8000000 -DHSE_STARTUP_TIMEOUT=100 -DLSE_STARTUP_TIMEOUT=5000 -DLSE_VALUE=32768 -DEXTERNAL_CLOCK_VALUE=12288000 -DHSI_VALUE=16000000 -DLSI_VALUE=32000 -DVDD_VALUE=3300 -DPREFETCH_ENABLE=1 -DINSTRUCTION_CACHE_ENABLE=1 -DDATA_CACHE_ENABLE=1 -c -I../Core/Inc -I../Drivers/STM32F4xx_HAL_Driver/Inc -I../Drivers/CMSIS/Device/ST/STM32F4xx/Include -I../Drivers/CMSIS/Include -O0 -ffunction-sections -fdata-sections -Wall -fstack-usage -fcyclomatic-complexity -MMD -MP -MF"Drivers/STM32F4xx_HAL_Driver/Src/stm32f4xx_ll_exti.d" -MT"Drivers/STM32F4xx_HAL_Driver/Src/stm32f4xx_ll_exti.o" --specs=nano.specs -mfpu=fpv4-sp-d16 -mfloat-abi=hard -mthumb -o "Drivers/STM32F4xx_HAL_Driver/Src/stm32f4xx_ll_exti.o"
arm-none-eabi-gcc "../Drivers/STM32F4xx_HAL_Driver/Src/stm32f4xx_ll_gpio.c" -mcpu=cortex-m4 -std=gnu11 -g3 -DDEBUG -DSTM32F401xE -DUSE_FULL_LL_DRIVER -DHSE_VALUE=8000000 -DHSE_STARTUP_TIMEOUT=100 -DLSE_STARTUP_TIMEOUT=5000 -DLSE_VALUE=32768 -DEXTERNAL_CLOCK_VALUE=12288000 -DHSI_VALUE=16000000 -DLSI_VALUE=32000 -DVDD_VALUE=3300 -DPREFETCH_ENABLE=1 -DINSTRUCTION_CACHE_ENABLE=1 -DDATA_CACHE_ENABLE=1 -c -I../Core/Inc -I../Drivers/STM32F4xx_HAL_Driver/Inc -I../Drivers/CMSIS/Device/ST/STM32F4xx/Include -I../Drivers/CMSIS/Include -O0 -ffunction-sections -fdata-sections -Wall -fstack-usage -fcyclomatic-complexity -MMD -MP -MF"Drivers/STM32F4xx_HAL_Driver/Src/stm32f4xx_ll_gpio.d" -MT"Drivers/STM32F4xx_HAL_Driver/Src/stm32f4xx_ll_gpio.o" --specs=nano.specs -mfpu=fpv4-sp-d16 -mfloat-abi=hard -mthumb -o "Drivers/STM32F4xx_HAL_Driver/Src/stm32f4xx_ll_gpio.o"
arm-none-eabi-gcc "../Drivers/STM32F4xx_HAL_Driver/Src/stm32f4xx_ll_rcc.c" -mcpu=cortex-m4 -std=gnu11 -g3 -DDEBUG -DSTM32F401xE -DUSE_FULL_LL_DRIVER -DHSE_VALUE=8000000 -DHSE_STARTUP_TIMEOUT=100 -DLSE_STARTUP_TIMEOUT=5000 -DLSE_VALUE=32768 -DEXTERNAL_CLOCK_VALUE=12288000 -DHSI_VALUE=16000000 -DLSI_VALUE=32000 -DVDD_VALUE=3300 -DPREFETCH_ENABLE=1 -DINSTRUCTION_CACHE_ENABLE=1 -DDATA_CACHE_ENABLE=1 -c -I../Core/Inc -I../Drivers/STM32F4xx_HAL_Driver/Inc -I../Drivers/CMSIS/Device/ST/STM32F4xx/Include -I../Drivers/CMSIS/Include -O0 -ffunction-sections -fdata-sections -Wall -fstack-usage -fcyclomatic-complexity -MMD -MP -MF"Drivers/STM32F4xx_HAL_Driver/Src/stm32f4xx_ll_rcc.d" -MT"Drivers/STM32F4xx_HAL_Driver/Src/stm32f4xx_ll_rcc.o" --specs=nano.specs -mfpu=fpv4-sp-d16 -mfloat-abi=hard -mthumb -o "Drivers/STM32F4xx_HAL_Driver/Src/stm32f4xx_ll_rcc.o"
arm-none-eabi-gcc "../Drivers/STM32F4xx_HAL_Driver/Src/stm32f4xx_ll_usart.c" -mcpu=cortex-m4 -std=gnu11 -g3 -DDEBUG -DSTM32F401xE -DUSE_FULL_LL_DRIVER -DHSE_VALUE=8000000 -DHSE_STARTUP_TIMEOUT=100 -DLSE_STARTUP_TIMEOUT=5000 -DLSE_VALUE=32768 -DEXTERNAL_CLOCK_VALUE=12288000 -DHSI_VALUE=16000000 -DLSI_VALUE=32000 -DVDD_VALUE=3300 -DPREFETCH_ENABLE=1 -DINSTRUCTION_CACHE_ENABLE=1 -DDATA_CACHE_ENABLE=1 -c -I../Core/Inc -I../Drivers/STM32F4xx_HAL_Driver/Inc -I../Drivers/CMSIS/Device/ST/STM32F4xx/Include -I../Drivers/CMSIS/Include -O0 -ffunction-sections -fdata-sections -Wall -fstack-usage -fcyclomatic-complexity -MMD -MP -MF"Drivers/STM32F4xx_HAL_Driver/Src/stm32f4xx_ll_usart.d" -MT"Drivers/STM32F4xx_HAL_Driver/Src/stm32f4xx_ll_usart.o" --specs=nano.specs -mfpu=fpv4-sp-d16 -mfloat-abi=hard -mthumb -o "Drivers/STM32F4xx_HAL_Driver/Src/stm32f4xx_ll_usart.o"
arm-none-eabi-gcc "../Drivers/STM32F4xx_HAL_Driver/Src/stm32f4xx_ll_utils.c" -mcpu=cortex-m4 -std=gnu11 -g3 -DDEBUG -DSTM32F401xE -DUSE_FULL_LL_DRIVER -DHSE_VALUE=8000000 -DHSE_STARTUP_TIMEOUT=100 -DLSE_STARTUP_TIMEOUT=5000 -DLSE_VALUE=32768 -DEXTERNAL_CLOCK_VALUE=12288000 -DHSI_VALUE=16000000 -DLSI_VALUE=32000 -DVDD_VALUE=3300 -DPREFETCH_ENABLE=1 -DINSTRUCTION_CACHE_ENABLE=1 -DDATA_CACHE_ENABLE=1 -c -I../Core/Inc -I../Drivers/STM32F4xx_HAL_Driver/Inc -I../Drivers/CMSIS/Device/ST/STM32F4xx/Include -I../Drivers/CMSIS/Include -O0 -ffunction-sections -fdata-sections -Wall -fstack-usage -fcyclomatic-complexity -MMD -MP -MF"Drivers/STM32F4xx_HAL_Driver/Src/stm32f4xx_ll_utils.d" -MT"Drivers/STM32F4xx_HAL_Driver/Src/stm32f4xx_ll_utils.o" --specs=nano.specs -mfpu=fpv4-sp-d16 -mfloat-abi=hard -mthumb -o "Drivers/STM32F4xx_HAL_Driver/Src/stm32f4xx_ll_utils.o"
arm-none-eabi-gcc "../Core/Src/main.c" -mcpu=cortex-m4 -std=gnu11 -g3 -DDEBUG -DSTM32F401xE -DUSE_FULL_LL_DRIVER -DHSE_VALUE=8000000 -DHSE_STARTUP_TIMEOUT=100 -DLSE_STARTUP_TIMEOUT=5000 -DLSE_VALUE=32768 -DEXTERNAL_CLOCK_VALUE=12288000 -DHSI_VALUE=16000000 -DLSI_VALUE=32000 -DVDD_VALUE=3300 -DPREFETCH_ENABLE=1 -DINSTRUCTION_CACHE_ENABLE=1 -DDATA_CACHE_ENABLE=1 -c -I../Core/Inc -I../Drivers/STM32F4xx_HAL_Driver/Inc -I../Drivers/CMSIS/Device/ST/STM32F4xx/Include -I../Drivers/CMSIS/Include -O0 -ffunction-sections -fdata-sections -Wall -fstack-usage -fcyclomatic-complexity -MMD -MP -MF"Core/Src/main.d" -MT"Core/Src/main.o" --specs=nano.specs -mfpu=fpv4-sp-d16 -mfloat-abi=hard -mthumb -o "Core/Src/main.o"
arm-none-eabi-gcc "../Core/Src/stm32f4xx_it.c" -mcpu=cortex-m4 -std=gnu11 -g3 -DDEBUG -DSTM32F401xE -DUSE_FULL_LL_DRIVER -DHSE_VALUE=8000000 -DHSE_STARTUP_TIMEOUT=100 -DLSE_STARTUP_TIMEOUT=5000 -DLSE_VALUE=32768 -DEXTERNAL_CLOCK_VALUE=12288000 -DHSI_VALUE=16000000 -DLSI_VALUE=32000 -DVDD_VALUE=3300 -DPREFETCH_ENABLE=1 -DINSTRUCTION_CACHE_ENABLE=1 -DDATA_CACHE_ENABLE=1 -c -I../Core/Inc -I../Drivers/STM32F4xx_HAL_Driver/Inc -I../Drivers/CMSIS/Device/ST/STM32F4xx/Include -I../Drivers/CMSIS/Include -O0 -ffunction-sections -fdata-sections -Wall -fstack-usage -fcyclomatic-complexity -MMD -MP -MF"Core/Src/stm32f4xx_it.d" -MT"Core/Src/stm32f4xx_it.o" --specs=nano.specs -mfpu=fpv4-sp-d16 -mfloat-abi=hard -mthumb -o "Core/Src/stm32f4xx_it.o"
../Core/Src/main.c: In function 'main':
../Core/Src/main.c:98:9: warning: implicit declaration of function 'LL_TIM_WriteReg'; did you mean 'LL_EXTI_WriteReg'? [-Wimplicit-function-declaration]
   98 |         LL_TIM_WriteReg(TIM3, CR1, LL_TIM_ReadReg(TIM3,CR1) | 0x01);
      |         ^~~~~~~~~~~~~~~
      |         LL_EXTI_WriteReg
../Core/Src/main.c:98:31: error: 'CR1' undeclared (first use in this function); did you mean 'CRC'?
   98 |         LL_TIM_WriteReg(TIM3, CR1, LL_TIM_ReadReg(TIM3,CR1) | 0x01);
      |                               ^~~
      |                               CRC
../Core/Src/main.c:98:31: note: each undeclared identifier is reported only once for each function it appears in
../Core/Src/main.c:98:36: warning: implicit declaration of function 'LL_TIM_ReadReg'; did you mean 'LL_GPIO_ReadReg'? [-Wimplicit-function-declaration]
   98 |         LL_TIM_WriteReg(TIM3, CR1, LL_TIM_ReadReg(TIM3,CR1) | 0x01);
      |                                    ^~~~~~~~~~~~~~
      |                                    LL_GPIO_ReadReg
../Core/Src/main.c:100:31: error: 'PSC' undeclared (first use in this function)
  100 |         LL_TIM_WriteReg(TIM3, PSC, 0x0009);                     // 9 in decimal
      |                               ^~~
../Core/Src/main.c:101:31: error: 'ARR' undeclared (first use in this function)
  101 |         LL_TIM_WriteReg(TIM3, ARR, 0xFFFF);                     // 999 in decimal
      |                               ^~~
../Core/Src/main.c:102:31: error: 'CCR1' undeclared (first use in this function)
  102 |         LL_TIM_WriteReg(TIM3, CCR1, 999);                       // 999 in decimal
      |                               ^~~~
../Core/Src/main.c:103:31: error: 'CCR2' undeclared (first use in this function)
  103 |         LL_TIM_WriteReg(TIM3, CCR2, 199);                       // 249 in decimal
      |                               ^~~~
../Core/Src/main.c:104:31: error: 'CCMR1' undeclared (first use in this function)
  104 |         LL_TIM_WriteReg(TIM3, CCMR1,
      |                               ^~~~~
make: *** [Core/Src/subdir.mk:31: Core/Src/main.o] Error 1
make: *** Waiting for unfinished jobs....
"make -j8 all" terminated with exit code 2. Build might be incomplete.
16:28:05 **** Incremental Build of configuration Debug for project DSE_Lab8.1.3 ****
make -j8 all 
arm-none-eabi-gcc "../Core/Src/main.c" -mcpu=cortex-m4 -std=gnu11 -g3 -DDEBUG -DSTM32F401xE -DUSE_FULL_LL_DRIVER -DHSE_VALUE=8000000 -DHSE_STARTUP_TIMEOUT=100 -DLSE_STARTUP_TIMEOUT=5000 -DLSE_VALUE=32768 -DEXTERNAL_CLOCK_VALUE=12288000 -DHSI_VALUE=16000000 -DLSI_VALUE=32000 -DVDD_VALUE=3300 -DPREFETCH_ENABLE=1 -DINSTRUCTION_CACHE_ENABLE=1 -DDATA_CACHE_ENABLE=1 -c -I../Core/Inc -I../Drivers/STM32F4xx_HAL_Driver/Inc -I../Drivers/CMSIS/Device/ST/STM32F4xx/Include -I../Drivers/CMSIS/Include -O0 -ffunction-sections -fdata-sections -Wall -fstack-usage -fcyclomatic-complexity -MMD -MP -MF"Core/Src/main.d" -MT"Core/Src/main.o" --specs=nano.specs -mfpu=fpv4-sp-d16 -mfloat-abi=hard -mthumb -o "Core/Src/main.o"
arm-none-eabi-gcc "../Core/Src/syscalls.c" -mcpu=cortex-m4 -std=gnu11 -g3 -DDEBUG -DSTM32F401xE -DUSE_FULL_LL_DRIVER -DHSE_VALUE=8000000 -DHSE_STARTUP_TIMEOUT=100 -DLSE_STARTUP_TIMEOUT=5000 -DLSE_VALUE=32768 -DEXTERNAL_CLOCK_VALUE=12288000 -DHSI_VALUE=16000000 -DLSI_VALUE=32000 -DVDD_VALUE=3300 -DPREFETCH_ENABLE=1 -DINSTRUCTION_CACHE_ENABLE=1 -DDATA_CACHE_ENABLE=1 -c -I../Core/Inc -I../Drivers/STM32F4xx_HAL_Driver/Inc -I../Drivers/CMSIS/Device/ST/STM32F4xx/Include -I../Drivers/CMSIS/Include -O0 -ffunction-sections -fdata-sections -Wall -fstack-usage -fcyclomatic-complexity -MMD -MP -MF"Core/Src/syscalls.d" -MT"Core/Src/syscalls.o" --specs=nano.specs -mfpu=fpv4-sp-d16 -mfloat-abi=hard -mthumb -o "Core/Src/syscalls.o"
arm-none-eabi-gcc "../Core/Src/sysmem.c" -mcpu=cortex-m4 -std=gnu11 -g3 -DDEBUG -DSTM32F401xE -DUSE_FULL_LL_DRIVER -DHSE_VALUE=8000000 -DHSE_STARTUP_TIMEOUT=100 -DLSE_STARTUP_TIMEOUT=5000 -DLSE_VALUE=32768 -DEXTERNAL_CLOCK_VALUE=12288000 -DHSI_VALUE=16000000 -DLSI_VALUE=32000 -DVDD_VALUE=3300 -DPREFETCH_ENABLE=1 -DINSTRUCTION_CACHE_ENABLE=1 -DDATA_CACHE_ENABLE=1 -c -I../Core/Inc -I../Drivers/STM32F4xx_HAL_Driver/Inc -I../Drivers/CMSIS/Device/ST/STM32F4xx/Include -I../Drivers/CMSIS/Include -O0 -ffunction-sections -fdata-sections -Wall -fstack-usage -fcyclomatic-complexity -MMD -MP -MF"Core/Src/sysmem.d" -MT"Core/Src/sysmem.o" --specs=nano.specs -mfpu=fpv4-sp-d16 -mfloat-abi=hard -mthumb -o "Core/Src/sysmem.o"
arm-none-eabi-gcc "../Core/Src/system_stm32f4xx.c" -mcpu=cortex-m4 -std=gnu11 -g3 -DDEBUG -DSTM32F401xE -DUSE_FULL_LL_DRIVER -DHSE_VALUE=8000000 -DHSE_STARTUP_TIMEOUT=100 -DLSE_STARTUP_TIMEOUT=5000 -DLSE_VALUE=32768 -DEXTERNAL_CLOCK_VALUE=12288000 -DHSI_VALUE=16000000 -DLSI_VALUE=32000 -DVDD_VALUE=3300 -DPREFETCH_ENABLE=1 -DINSTRUCTION_CACHE_ENABLE=1 -DDATA_CACHE_ENABLE=1 -c -I../Core/Inc -I../Drivers/STM32F4xx_HAL_Driver/Inc -I../Drivers/CMSIS/Device/ST/STM32F4xx/Include -I../Drivers/CMSIS/Include -O0 -ffunction-sections -fdata-sections -Wall -fstack-usage -fcyclomatic-complexity -MMD -MP -MF"Core/Src/system_stm32f4xx.d" -MT"Core/Src/system_stm32f4xx.o" --specs=nano.specs -mfpu=fpv4-sp-d16 -mfloat-abi=hard -mthumb -o "Core/Src/system_stm32f4xx.o"
../Core/Src/main.c: In function 'main':
../Core/Src/main.c:98:9: warning: implicit declaration of function 'LL_TIM_WriteReg'; did you mean 'LL_EXTI_WriteReg'? [-Wimplicit-function-declaration]
   98 |         LL_TIM_WriteReg(TIM3, CR1, LL_TIM_ReadReg(TIM3,CR1) | 0x01);
      |         ^~~~~~~~~~~~~~~
      |         LL_EXTI_WriteReg
../Core/Src/main.c:98:31: error: 'CR1' undeclared (first use in this function); did you mean 'CRC'?
   98 |         LL_TIM_WriteReg(TIM3, CR1, LL_TIM_ReadReg(TIM3,CR1) | 0x01);
      |                               ^~~
      |                               CRC
../Core/Src/main.c:98:31: note: each undeclared identifier is reported only once for each function it appears in
../Core/Src/main.c:98:36: warning: implicit declaration of function 'LL_TIM_ReadReg'; did you mean 'LL_GPIO_ReadReg'? [-Wimplicit-function-declaration]
   98 |         LL_TIM_WriteReg(TIM3, CR1, LL_TIM_ReadReg(TIM3,CR1) | 0x01);
      |                                    ^~~~~~~~~~~~~~
      |                                    LL_GPIO_ReadReg
../Core/Src/main.c:100:31: error: 'PSC' undeclared (first use in this function)
  100 |         LL_TIM_WriteReg(TIM3, PSC, 0x0009);                     // 9 in decimal
      |                               ^~~
../Core/Src/main.c:101:31: error: 'ARR' undeclared (first use in this function)
  101 |         LL_TIM_WriteReg(TIM3, ARR, 0xFFFF);                     // 999 in decimal
      |                               ^~~
../Core/Src/main.c:102:31: error: 'CCR1' undeclared (first use in this function)
  102 |         LL_TIM_WriteReg(TIM3, CCR1, 999);                       // 999 in decimal
      |                               ^~~~
../Core/Src/main.c:103:31: error: 'CCR2' undeclared (first use in this function)
  103 |         LL_TIM_WriteReg(TIM3, CCR2, 199);                       // 249 in decimal
      |                               ^~~~
../Core/Src/main.c:104:31: error: 'CCMR1' undeclared (first use in this function)
  104 |         LL_TIM_WriteReg(TIM3, CCMR1,
      |                               ^~~~~
make: *** [Core/Src/subdir.mk:31: Core/Src/main.o] Error 1
make: *** Waiting for unfinished jobs....
"make -j8 all" terminated with exit code 2. Build might be incomplete.
16:32:47 **** Incremental Build of configuration Debug for project DSE_Lab8.1.3 ****
make -j8 all 
arm-none-eabi-gcc "../Drivers/STM32F4xx_HAL_Driver/Src/stm32f4xx_hal.c" -mcpu=cortex-m4 -std=gnu11 -g3 -DDEBUG -DSTM32F401xE -DUSE_FULL_LL_DRIVER -DUSE_HAL_DRIVER -c -I../Core/Inc -I../Drivers/STM32F4xx_HAL_Driver/Inc -I../Drivers/CMSIS/Device/ST/STM32F4xx/Include -I../Drivers/CMSIS/Include -I../Drivers/STM32F4xx_HAL_Driver/Inc/Legacy -O0 -ffunction-sections -fdata-sections -Wall -fstack-usage -fcyclomatic-complexity -MMD -MP -MF"Drivers/STM32F4xx_HAL_Driver/Src/stm32f4xx_hal.d" -MT"Drivers/STM32F4xx_HAL_Driver/Src/stm32f4xx_hal.o" --specs=nano.specs -mfpu=fpv4-sp-d16 -mfloat-abi=hard -mthumb -o "Drivers/STM32F4xx_HAL_Driver/Src/stm32f4xx_hal.o"
arm-none-eabi-gcc "../Drivers/STM32F4xx_HAL_Driver/Src/stm32f4xx_hal_cortex.c" -mcpu=cortex-m4 -std=gnu11 -g3 -DDEBUG -DSTM32F401xE -DUSE_FULL_LL_DRIVER -DUSE_HAL_DRIVER -c -I../Core/Inc -I../Drivers/STM32F4xx_HAL_Driver/Inc -I../Drivers/CMSIS/Device/ST/STM32F4xx/Include -I../Drivers/CMSIS/Include -I../Drivers/STM32F4xx_HAL_Driver/Inc/Legacy -O0 -ffunction-sections -fdata-sections -Wall -fstack-usage -fcyclomatic-complexity -MMD -MP -MF"Drivers/STM32F4xx_HAL_Driver/Src/stm32f4xx_hal_cortex.d" -MT"Drivers/STM32F4xx_HAL_Driver/Src/stm32f4xx_hal_cortex.o" --specs=nano.specs -mfpu=fpv4-sp-d16 -mfloat-abi=hard -mthumb -o "Drivers/STM32F4xx_HAL_Driver/Src/stm32f4xx_hal_cortex.o"
arm-none-eabi-gcc "../Drivers/STM32F4xx_HAL_Driver/Src/stm32f4xx_hal_dma.c" -mcpu=cortex-m4 -std=gnu11 -g3 -DDEBUG -DSTM32F401xE -DUSE_FULL_LL_DRIVER -DUSE_HAL_DRIVER -c -I../Core/Inc -I../Drivers/STM32F4xx_HAL_Driver/Inc -I../Drivers/CMSIS/Device/ST/STM32F4xx/Include -I../Drivers/CMSIS/Include -I../Drivers/STM32F4xx_HAL_Driver/Inc/Legacy -O0 -ffunction-sections -fdata-sections -Wall -fstack-usage -fcyclomatic-complexity -MMD -MP -MF"Drivers/STM32F4xx_HAL_Driver/Src/stm32f4xx_hal_dma.d" -MT"Drivers/STM32F4xx_HAL_Driver/Src/stm32f4xx_hal_dma.o" --specs=nano.specs -mfpu=fpv4-sp-d16 -mfloat-abi=hard -mthumb -o "Drivers/STM32F4xx_HAL_Driver/Src/stm32f4xx_hal_dma.o"
arm-none-eabi-gcc "../Drivers/STM32F4xx_HAL_Driver/Src/stm32f4xx_hal_dma_ex.c" -mcpu=cortex-m4 -std=gnu11 -g3 -DDEBUG -DSTM32F401xE -DUSE_FULL_LL_DRIVER -DUSE_HAL_DRIVER -c -I../Core/Inc -I../Drivers/STM32F4xx_HAL_Driver/Inc -I../Drivers/CMSIS/Device/ST/STM32F4xx/Include -I../Drivers/CMSIS/Include -I../Drivers/STM32F4xx_HAL_Driver/Inc/Legacy -O0 -ffunction-sections -fdata-sections -Wall -fstack-usage -fcyclomatic-complexity -MMD -MP -MF"Drivers/STM32F4xx_HAL_Driver/Src/stm32f4xx_hal_dma_ex.d" -MT"Drivers/STM32F4xx_HAL_Driver/Src/stm32f4xx_hal_dma_ex.o" --specs=nano.specs -mfpu=fpv4-sp-d16 -mfloat-abi=hard -mthumb -o "Drivers/STM32F4xx_HAL_Driver/Src/stm32f4xx_hal_dma_ex.o"
arm-none-eabi-gcc "../Drivers/STM32F4xx_HAL_Driver/Src/stm32f4xx_hal_exti.c" -mcpu=cortex-m4 -std=gnu11 -g3 -DDEBUG -DSTM32F401xE -DUSE_FULL_LL_DRIVER -DUSE_HAL_DRIVER -c -I../Core/Inc -I../Drivers/STM32F4xx_HAL_Driver/Inc -I../Drivers/CMSIS/Device/ST/STM32F4xx/Include -I../Drivers/CMSIS/Include -I../Drivers/STM32F4xx_HAL_Driver/Inc/Legacy -O0 -ffunction-sections -fdata-sections -Wall -fstack-usage -fcyclomatic-complexity -MMD -MP -MF"Drivers/STM32F4xx_HAL_Driver/Src/stm32f4xx_hal_exti.d" -MT"Drivers/STM32F4xx_HAL_Driver/Src/stm32f4xx_hal_exti.o" --specs=nano.specs -mfpu=fpv4-sp-d16 -mfloat-abi=hard -mthumb -o "Drivers/STM32F4xx_HAL_Driver/Src/stm32f4xx_hal_exti.o"
arm-none-eabi-gcc "../Drivers/STM32F4xx_HAL_Driver/Src/stm32f4xx_hal_flash.c" -mcpu=cortex-m4 -std=gnu11 -g3 -DDEBUG -DSTM32F401xE -DUSE_FULL_LL_DRIVER -DUSE_HAL_DRIVER -c -I../Core/Inc -I../Drivers/STM32F4xx_HAL_Driver/Inc -I../Drivers/CMSIS/Device/ST/STM32F4xx/Include -I../Drivers/CMSIS/Include -I../Drivers/STM32F4xx_HAL_Driver/Inc/Legacy -O0 -ffunction-sections -fdata-sections -Wall -fstack-usage -fcyclomatic-complexity -MMD -MP -MF"Drivers/STM32F4xx_HAL_Driver/Src/stm32f4xx_hal_flash.d" -MT"Drivers/STM32F4xx_HAL_Driver/Src/stm32f4xx_hal_flash.o" --specs=nano.specs -mfpu=fpv4-sp-d16 -mfloat-abi=hard -mthumb -o "Drivers/STM32F4xx_HAL_Driver/Src/stm32f4xx_hal_flash.o"
arm-none-eabi-gcc "../Drivers/STM32F4xx_HAL_Driver/Src/stm32f4xx_hal_flash_ex.c" -mcpu=cortex-m4 -std=gnu11 -g3 -DDEBUG -DSTM32F401xE -DUSE_FULL_LL_DRIVER -DUSE_HAL_DRIVER -c -I../Core/Inc -I../Drivers/STM32F4xx_HAL_Driver/Inc -I../Drivers/CMSIS/Device/ST/STM32F4xx/Include -I../Drivers/CMSIS/Include -I../Drivers/STM32F4xx_HAL_Driver/Inc/Legacy -O0 -ffunction-sections -fdata-sections -Wall -fstack-usage -fcyclomatic-complexity -MMD -MP -MF"Drivers/STM32F4xx_HAL_Driver/Src/stm32f4xx_hal_flash_ex.d" -MT"Drivers/STM32F4xx_HAL_Driver/Src/stm32f4xx_hal_flash_ex.o" --specs=nano.specs -mfpu=fpv4-sp-d16 -mfloat-abi=hard -mthumb -o "Drivers/STM32F4xx_HAL_Driver/Src/stm32f4xx_hal_flash_ex.o"
arm-none-eabi-gcc "../Drivers/STM32F4xx_HAL_Driver/Src/stm32f4xx_hal_flash_ramfunc.c" -mcpu=cortex-m4 -std=gnu11 -g3 -DDEBUG -DSTM32F401xE -DUSE_FULL_LL_DRIVER -DUSE_HAL_DRIVER -c -I../Core/Inc -I../Drivers/STM32F4xx_HAL_Driver/Inc -I../Drivers/CMSIS/Device/ST/STM32F4xx/Include -I../Drivers/CMSIS/Include -I../Drivers/STM32F4xx_HAL_Driver/Inc/Legacy -O0 -ffunction-sections -fdata-sections -Wall -fstack-usage -fcyclomatic-complexity -MMD -MP -MF"Drivers/STM32F4xx_HAL_Driver/Src/stm32f4xx_hal_flash_ramfunc.d" -MT"Drivers/STM32F4xx_HAL_Driver/Src/stm32f4xx_hal_flash_ramfunc.o" --specs=nano.specs -mfpu=fpv4-sp-d16 -mfloat-abi=hard -mthumb -o "Drivers/STM32F4xx_HAL_Driver/Src/stm32f4xx_hal_flash_ramfunc.o"
arm-none-eabi-gcc "../Drivers/STM32F4xx_HAL_Driver/Src/stm32f4xx_hal_gpio.c" -mcpu=cortex-m4 -std=gnu11 -g3 -DDEBUG -DSTM32F401xE -DUSE_FULL_LL_DRIVER -DUSE_HAL_DRIVER -c -I../Core/Inc -I../Drivers/STM32F4xx_HAL_Driver/Inc -I../Drivers/CMSIS/Device/ST/STM32F4xx/Include -I../Drivers/CMSIS/Include -I../Drivers/STM32F4xx_HAL_Driver/Inc/Legacy -O0 -ffunction-sections -fdata-sections -Wall -fstack-usage -fcyclomatic-complexity -MMD -MP -MF"Drivers/STM32F4xx_HAL_Driver/Src/stm32f4xx_hal_gpio.d" -MT"Drivers/STM32F4xx_HAL_Driver/Src/stm32f4xx_hal_gpio.o" --specs=nano.specs -mfpu=fpv4-sp-d16 -mfloat-abi=hard -mthumb -o "Drivers/STM32F4xx_HAL_Driver/Src/stm32f4xx_hal_gpio.o"
arm-none-eabi-gcc "../Drivers/STM32F4xx_HAL_Driver/Src/stm32f4xx_hal_pwr.c" -mcpu=cortex-m4 -std=gnu11 -g3 -DDEBUG -DSTM32F401xE -DUSE_FULL_LL_DRIVER -DUSE_HAL_DRIVER -c -I../Core/Inc -I../Drivers/STM32F4xx_HAL_Driver/Inc -I../Drivers/CMSIS/Device/ST/STM32F4xx/Include -I../Drivers/CMSIS/Include -I../Drivers/STM32F4xx_HAL_Driver/Inc/Legacy -O0 -ffunction-sections -fdata-sections -Wall -fstack-usage -fcyclomatic-complexity -MMD -MP -MF"Drivers/STM32F4xx_HAL_Driver/Src/stm32f4xx_hal_pwr.d" -MT"Drivers/STM32F4xx_HAL_Driver/Src/stm32f4xx_hal_pwr.o" --specs=nano.specs -mfpu=fpv4-sp-d16 -mfloat-abi=hard -mthumb -o "Drivers/STM32F4xx_HAL_Driver/Src/stm32f4xx_hal_pwr.o"
arm-none-eabi-gcc "../Drivers/STM32F4xx_HAL_Driver/Src/stm32f4xx_hal_pwr_ex.c" -mcpu=cortex-m4 -std=gnu11 -g3 -DDEBUG -DSTM32F401xE -DUSE_FULL_LL_DRIVER -DUSE_HAL_DRIVER -c -I../Core/Inc -I../Drivers/STM32F4xx_HAL_Driver/Inc -I../Drivers/CMSIS/Device/ST/STM32F4xx/Include -I../Drivers/CMSIS/Include -I../Drivers/STM32F4xx_HAL_Driver/Inc/Legacy -O0 -ffunction-sections -fdata-sections -Wall -fstack-usage -fcyclomatic-complexity -MMD -MP -MF"Drivers/STM32F4xx_HAL_Driver/Src/stm32f4xx_hal_pwr_ex.d" -MT"Drivers/STM32F4xx_HAL_Driver/Src/stm32f4xx_hal_pwr_ex.o" --specs=nano.specs -mfpu=fpv4-sp-d16 -mfloat-abi=hard -mthumb -o "Drivers/STM32F4xx_HAL_Driver/Src/stm32f4xx_hal_pwr_ex.o"
arm-none-eabi-gcc "../Drivers/STM32F4xx_HAL_Driver/Src/stm32f4xx_hal_rcc.c" -mcpu=cortex-m4 -std=gnu11 -g3 -DDEBUG -DSTM32F401xE -DUSE_FULL_LL_DRIVER -DUSE_HAL_DRIVER -c -I../Core/Inc -I../Drivers/STM32F4xx_HAL_Driver/Inc -I../Drivers/CMSIS/Device/ST/STM32F4xx/Include -I../Drivers/CMSIS/Include -I../Drivers/STM32F4xx_HAL_Driver/Inc/Legacy -O0 -ffunction-sections -fdata-sections -Wall -fstack-usage -fcyclomatic-complexity -MMD -MP -MF"Drivers/STM32F4xx_HAL_Driver/Src/stm32f4xx_hal_rcc.d" -MT"Drivers/STM32F4xx_HAL_Driver/Src/stm32f4xx_hal_rcc.o" --specs=nano.specs -mfpu=fpv4-sp-d16 -mfloat-abi=hard -mthumb -o "Drivers/STM32F4xx_HAL_Driver/Src/stm32f4xx_hal_rcc.o"
arm-none-eabi-gcc "../Drivers/STM32F4xx_HAL_Driver/Src/stm32f4xx_hal_rcc_ex.c" -mcpu=cortex-m4 -std=gnu11 -g3 -DDEBUG -DSTM32F401xE -DUSE_FULL_LL_DRIVER -DUSE_HAL_DRIVER -c -I../Core/Inc -I../Drivers/STM32F4xx_HAL_Driver/Inc -I../Drivers/CMSIS/Device/ST/STM32F4xx/Include -I../Drivers/CMSIS/Include -I../Drivers/STM32F4xx_HAL_Driver/Inc/Legacy -O0 -ffunction-sections -fdata-sections -Wall -fstack-usage -fcyclomatic-complexity -MMD -MP -MF"Drivers/STM32F4xx_HAL_Driver/Src/stm32f4xx_hal_rcc_ex.d" -MT"Drivers/STM32F4xx_HAL_Driver/Src/stm32f4xx_hal_rcc_ex.o" --specs=nano.specs -mfpu=fpv4-sp-d16 -mfloat-abi=hard -mthumb -o "Drivers/STM32F4xx_HAL_Driver/Src/stm32f4xx_hal_rcc_ex.o"
arm-none-eabi-gcc "../Drivers/STM32F4xx_HAL_Driver/Src/stm32f4xx_hal_tim.c" -mcpu=cortex-m4 -std=gnu11 -g3 -DDEBUG -DSTM32F401xE -DUSE_FULL_LL_DRIVER -DUSE_HAL_DRIVER -c -I../Core/Inc -I../Drivers/STM32F4xx_HAL_Driver/Inc -I../Drivers/CMSIS/Device/ST/STM32F4xx/Include -I../Drivers/CMSIS/Include -I../Drivers/STM32F4xx_HAL_Driver/Inc/Legacy -O0 -ffunction-sections -fdata-sections -Wall -fstack-usage -fcyclomatic-complexity -MMD -MP -MF"Drivers/STM32F4xx_HAL_Driver/Src/stm32f4xx_hal_tim.d" -MT"Drivers/STM32F4xx_HAL_Driver/Src/stm32f4xx_hal_tim.o" --specs=nano.specs -mfpu=fpv4-sp-d16 -mfloat-abi=hard -mthumb -o "Drivers/STM32F4xx_HAL_Driver/Src/stm32f4xx_hal_tim.o"
arm-none-eabi-gcc "../Drivers/STM32F4xx_HAL_Driver/Src/stm32f4xx_hal_tim_ex.c" -mcpu=cortex-m4 -std=gnu11 -g3 -DDEBUG -DSTM32F401xE -DUSE_FULL_LL_DRIVER -DUSE_HAL_DRIVER -c -I../Core/Inc -I../Drivers/STM32F4xx_HAL_Driver/Inc -I../Drivers/CMSIS/Device/ST/STM32F4xx/Include -I../Drivers/CMSIS/Include -I../Drivers/STM32F4xx_HAL_Driver/Inc/Legacy -O0 -ffunction-sections -fdata-sections -Wall -fstack-usage -fcyclomatic-complexity -MMD -MP -MF"Drivers/STM32F4xx_HAL_Driver/Src/stm32f4xx_hal_tim_ex.d" -MT"Drivers/STM32F4xx_HAL_Driver/Src/stm32f4xx_hal_tim_ex.o" --specs=nano.specs -mfpu=fpv4-sp-d16 -mfloat-abi=hard -mthumb -o "Drivers/STM32F4xx_HAL_Driver/Src/stm32f4xx_hal_tim_ex.o"
arm-none-eabi-gcc "../Drivers/STM32F4xx_HAL_Driver/Src/stm32f4xx_ll_dma.c" -mcpu=cortex-m4 -std=gnu11 -g3 -DDEBUG -DSTM32F401xE -DUSE_FULL_LL_DRIVER -DUSE_HAL_DRIVER -c -I../Core/Inc -I../Drivers/STM32F4xx_HAL_Driver/Inc -I../Drivers/CMSIS/Device/ST/STM32F4xx/Include -I../Drivers/CMSIS/Include -I../Drivers/STM32F4xx_HAL_Driver/Inc/Legacy -O0 -ffunction-sections -fdata-sections -Wall -fstack-usage -fcyclomatic-complexity -MMD -MP -MF"Drivers/STM32F4xx_HAL_Driver/Src/stm32f4xx_ll_dma.d" -MT"Drivers/STM32F4xx_HAL_Driver/Src/stm32f4xx_ll_dma.o" --specs=nano.specs -mfpu=fpv4-sp-d16 -mfloat-abi=hard -mthumb -o "Drivers/STM32F4xx_HAL_Driver/Src/stm32f4xx_ll_dma.o"
arm-none-eabi-gcc "../Drivers/STM32F4xx_HAL_Driver/Src/stm32f4xx_ll_exti.c" -mcpu=cortex-m4 -std=gnu11 -g3 -DDEBUG -DSTM32F401xE -DUSE_FULL_LL_DRIVER -DUSE_HAL_DRIVER -c -I../Core/Inc -I../Drivers/STM32F4xx_HAL_Driver/Inc -I../Drivers/CMSIS/Device/ST/STM32F4xx/Include -I../Drivers/CMSIS/Include -I../Drivers/STM32F4xx_HAL_Driver/Inc/Legacy -O0 -ffunction-sections -fdata-sections -Wall -fstack-usage -fcyclomatic-complexity -MMD -MP -MF"Drivers/STM32F4xx_HAL_Driver/Src/stm32f4xx_ll_exti.d" -MT"Drivers/STM32F4xx_HAL_Driver/Src/stm32f4xx_ll_exti.o" --specs=nano.specs -mfpu=fpv4-sp-d16 -mfloat-abi=hard -mthumb -o "Drivers/STM32F4xx_HAL_Driver/Src/stm32f4xx_ll_exti.o"
arm-none-eabi-gcc "../Drivers/STM32F4xx_HAL_Driver/Src/stm32f4xx_ll_gpio.c" -mcpu=cortex-m4 -std=gnu11 -g3 -DDEBUG -DSTM32F401xE -DUSE_FULL_LL_DRIVER -DUSE_HAL_DRIVER -c -I../Core/Inc -I../Drivers/STM32F4xx_HAL_Driver/Inc -I../Drivers/CMSIS/Device/ST/STM32F4xx/Include -I../Drivers/CMSIS/Include -I../Drivers/STM32F4xx_HAL_Driver/Inc/Legacy -O0 -ffunction-sections -fdata-sections -Wall -fstack-usage -fcyclomatic-complexity -MMD -MP -MF"Drivers/STM32F4xx_HAL_Driver/Src/stm32f4xx_ll_gpio.d" -MT"Drivers/STM32F4xx_HAL_Driver/Src/stm32f4xx_ll_gpio.o" --specs=nano.specs -mfpu=fpv4-sp-d16 -mfloat-abi=hard -mthumb -o "Drivers/STM32F4xx_HAL_Driver/Src/stm32f4xx_ll_gpio.o"
arm-none-eabi-gcc "../Drivers/STM32F4xx_HAL_Driver/Src/stm32f4xx_ll_rcc.c" -mcpu=cortex-m4 -std=gnu11 -g3 -DDEBUG -DSTM32F401xE -DUSE_FULL_LL_DRIVER -DUSE_HAL_DRIVER -c -I../Core/Inc -I../Drivers/STM32F4xx_HAL_Driver/Inc -I../Drivers/CMSIS/Device/ST/STM32F4xx/Include -I../Drivers/CMSIS/Include -I../Drivers/STM32F4xx_HAL_Driver/Inc/Legacy -O0 -ffunction-sections -fdata-sections -Wall -fstack-usage -fcyclomatic-complexity -MMD -MP -MF"Drivers/STM32F4xx_HAL_Driver/Src/stm32f4xx_ll_rcc.d" -MT"Drivers/STM32F4xx_HAL_Driver/Src/stm32f4xx_ll_rcc.o" --specs=nano.specs -mfpu=fpv4-sp-d16 -mfloat-abi=hard -mthumb -o "Drivers/STM32F4xx_HAL_Driver/Src/stm32f4xx_ll_rcc.o"
arm-none-eabi-gcc "../Drivers/STM32F4xx_HAL_Driver/Src/stm32f4xx_ll_usart.c" -mcpu=cortex-m4 -std=gnu11 -g3 -DDEBUG -DSTM32F401xE -DUSE_FULL_LL_DRIVER -DUSE_HAL_DRIVER -c -I../Core/Inc -I../Drivers/STM32F4xx_HAL_Driver/Inc -I../Drivers/CMSIS/Device/ST/STM32F4xx/Include -I../Drivers/CMSIS/Include -I../Drivers/STM32F4xx_HAL_Driver/Inc/Legacy -O0 -ffunction-sections -fdata-sections -Wall -fstack-usage -fcyclomatic-complexity -MMD -MP -MF"Drivers/STM32F4xx_HAL_Driver/Src/stm32f4xx_ll_usart.d" -MT"Drivers/STM32F4xx_HAL_Driver/Src/stm32f4xx_ll_usart.o" --specs=nano.specs -mfpu=fpv4-sp-d16 -mfloat-abi=hard -mthumb -o "Drivers/STM32F4xx_HAL_Driver/Src/stm32f4xx_ll_usart.o"
arm-none-eabi-gcc "../Drivers/STM32F4xx_HAL_Driver/Src/stm32f4xx_ll_utils.c" -mcpu=cortex-m4 -std=gnu11 -g3 -DDEBUG -DSTM32F401xE -DUSE_FULL_LL_DRIVER -DUSE_HAL_DRIVER -c -I../Core/Inc -I../Drivers/STM32F4xx_HAL_Driver/Inc -I../Drivers/CMSIS/Device/ST/STM32F4xx/Include -I../Drivers/CMSIS/Include -I../Drivers/STM32F4xx_HAL_Driver/Inc/Legacy -O0 -ffunction-sections -fdata-sections -Wall -fstack-usage -fcyclomatic-complexity -MMD -MP -MF"Drivers/STM32F4xx_HAL_Driver/Src/stm32f4xx_ll_utils.d" -MT"Drivers/STM32F4xx_HAL_Driver/Src/stm32f4xx_ll_utils.o" --specs=nano.specs -mfpu=fpv4-sp-d16 -mfloat-abi=hard -mthumb -o "Drivers/STM32F4xx_HAL_Driver/Src/stm32f4xx_ll_utils.o"
arm-none-eabi-gcc "../Core/Src/main.c" -mcpu=cortex-m4 -std=gnu11 -g3 -DDEBUG -DSTM32F401xE -DUSE_FULL_LL_DRIVER -DUSE_HAL_DRIVER -c -I../Core/Inc -I../Drivers/STM32F4xx_HAL_Driver/Inc -I../Drivers/CMSIS/Device/ST/STM32F4xx/Include -I../Drivers/CMSIS/Include -I../Drivers/STM32F4xx_HAL_Driver/Inc/Legacy -O0 -ffunction-sections -fdata-sections -Wall -fstack-usage -fcyclomatic-complexity -MMD -MP -MF"Core/Src/main.d" -MT"Core/Src/main.o" --specs=nano.specs -mfpu=fpv4-sp-d16 -mfloat-abi=hard -mthumb -o "Core/Src/main.o"
arm-none-eabi-gcc "../Core/Src/stm32f4xx_hal_msp.c" -mcpu=cortex-m4 -std=gnu11 -g3 -DDEBUG -DSTM32F401xE -DUSE_FULL_LL_DRIVER -DUSE_HAL_DRIVER -c -I../Core/Inc -I../Drivers/STM32F4xx_HAL_Driver/Inc -I../Drivers/CMSIS/Device/ST/STM32F4xx/Include -I../Drivers/CMSIS/Include -I../Drivers/STM32F4xx_HAL_Driver/Inc/Legacy -O0 -ffunction-sections -fdata-sections -Wall -fstack-usage -fcyclomatic-complexity -MMD -MP -MF"Core/Src/stm32f4xx_hal_msp.d" -MT"Core/Src/stm32f4xx_hal_msp.o" --specs=nano.specs -mfpu=fpv4-sp-d16 -mfloat-abi=hard -mthumb -o "Core/Src/stm32f4xx_hal_msp.o"
arm-none-eabi-gcc "../Core/Src/stm32f4xx_it.c" -mcpu=cortex-m4 -std=gnu11 -g3 -DDEBUG -DSTM32F401xE -DUSE_FULL_LL_DRIVER -DUSE_HAL_DRIVER -c -I../Core/Inc -I../Drivers/STM32F4xx_HAL_Driver/Inc -I../Drivers/CMSIS/Device/ST/STM32F4xx/Include -I../Drivers/CMSIS/Include -I../Drivers/STM32F4xx_HAL_Driver/Inc/Legacy -O0 -ffunction-sections -fdata-sections -Wall -fstack-usage -fcyclomatic-complexity -MMD -MP -MF"Core/Src/stm32f4xx_it.d" -MT"Core/Src/stm32f4xx_it.o" --specs=nano.specs -mfpu=fpv4-sp-d16 -mfloat-abi=hard -mthumb -o "Core/Src/stm32f4xx_it.o"
arm-none-eabi-gcc "../Core/Src/syscalls.c" -mcpu=cortex-m4 -std=gnu11 -g3 -DDEBUG -DSTM32F401xE -DUSE_FULL_LL_DRIVER -DUSE_HAL_DRIVER -c -I../Core/Inc -I../Drivers/STM32F4xx_HAL_Driver/Inc -I../Drivers/CMSIS/Device/ST/STM32F4xx/Include -I../Drivers/CMSIS/Include -I../Drivers/STM32F4xx_HAL_Driver/Inc/Legacy -O0 -ffunction-sections -fdata-sections -Wall -fstack-usage -fcyclomatic-complexity -MMD -MP -MF"Core/Src/syscalls.d" -MT"Core/Src/syscalls.o" --specs=nano.specs -mfpu=fpv4-sp-d16 -mfloat-abi=hard -mthumb -o "Core/Src/syscalls.o"
../Core/Src/main.c: In function 'main':
../Core/Src/main.c:97:9: warning: implicit declaration of function 'LL_TIM_WriteReg'; did you mean 'LL_PWR_WriteReg'? [-Wimplicit-function-declaration]
   97 |         LL_TIM_WriteReg(TIM3, CR1, LL_TIM_ReadReg(TIM3,CR1) | 0x01);
      |         ^~~~~~~~~~~~~~~
      |         LL_PWR_WriteReg
../Core/Src/main.c:97:31: error: 'CR1' undeclared (first use in this function); did you mean 'CRC'?
   97 |         LL_TIM_WriteReg(TIM3, CR1, LL_TIM_ReadReg(TIM3,CR1) | 0x01);
      |                               ^~~
      |                               CRC
../Core/Src/main.c:97:31: note: each undeclared identifier is reported only once for each function it appears in
../Core/Src/main.c:97:36: warning: implicit declaration of function 'LL_TIM_ReadReg'; did you mean 'LL_GPIO_ReadReg'? [-Wimplicit-function-declaration]
   97 |         LL_TIM_WriteReg(TIM3, CR1, LL_TIM_ReadReg(TIM3,CR1) | 0x01);
      |                                    ^~~~~~~~~~~~~~
      |                                    LL_GPIO_ReadReg
../Core/Src/main.c:99:31: error: 'PSC' undeclared (first use in this function)
   99 |         LL_TIM_WriteReg(TIM3, PSC, 0x0009);                     // 9 in decimal
      |                               ^~~
../Core/Src/main.c:100:31: error: 'ARR' undeclared (first use in this function)
  100 |         LL_TIM_WriteReg(TIM3, ARR, 0xFFFF);                     // 999 in decimal
      |                               ^~~
../Core/Src/main.c:101:31: error: 'CCR1' undeclared (first use in this function)
  101 |         LL_TIM_WriteReg(TIM3, CCR1, 999);                       // 999 in decimal
      |                               ^~~~
../Core/Src/main.c:102:31: error: 'CCR2' undeclared (first use in this function)
  102 |         LL_TIM_WriteReg(TIM3, CCR2, 199);                       // 249 in decimal
      |                               ^~~~
../Core/Src/main.c:103:31: error: 'CCMR1' undeclared (first use in this function)
  103 |         LL_TIM_WriteReg(TIM3, CCMR1,
      |                               ^~~~~
arm-none-eabi-gcc "../Core/Src/sysmem.c" -mcpu=cortex-m4 -std=gnu11 -g3 -DDEBUG -DSTM32F401xE -DUSE_FULL_LL_DRIVER -DUSE_HAL_DRIVER -c -I../Core/Inc -I../Drivers/STM32F4xx_HAL_Driver/Inc -I../Drivers/CMSIS/Device/ST/STM32F4xx/Include -I../Drivers/CMSIS/Include -I../Drivers/STM32F4xx_HAL_Driver/Inc/Legacy -O0 -ffunction-sections -fdata-sections -Wall -fstack-usage -fcyclomatic-complexity -MMD -MP -MF"Core/Src/sysmem.d" -MT"Core/Src/sysmem.o" --specs=nano.specs -mfpu=fpv4-sp-d16 -mfloat-abi=hard -mthumb -o "Core/Src/sysmem.o"
make: *** [Core/Src/subdir.mk:34: Core/Src/main.o] Error 1
make: *** Waiting for unfinished jobs....
"make -j8 all" terminated with exit code 2. Build might be incomplete.
16:34:38 **** Incremental Build of configuration Debug for project DSE_Lab8.1.3 ****
make -j8 all 
arm-none-eabi-gcc "../Core/Src/main.c" -mcpu=cortex-m4 -std=gnu11 -g3 -DDEBUG -DSTM32F401xE -DUSE_FULL_LL_DRIVER -DUSE_HAL_DRIVER -c -I../Core/Inc -I../Drivers/STM32F4xx_HAL_Driver/Inc -I../Drivers/CMSIS/Device/ST/STM32F4xx/Include -I../Drivers/CMSIS/Include -I../Drivers/STM32F4xx_HAL_Driver/Inc/Legacy -O0 -ffunction-sections -fdata-sections -Wall -fstack-usage -fcyclomatic-complexity -MMD -MP -MF"Core/Src/main.d" -MT"Core/Src/main.o" --specs=nano.specs -mfpu=fpv4-sp-d16 -mfloat-abi=hard -mthumb -o "Core/Src/main.o"
arm-none-eabi-gcc "../Core/Src/system_stm32f4xx.c" -mcpu=cortex-m4 -std=gnu11 -g3 -DDEBUG -DSTM32F401xE -DUSE_FULL_LL_DRIVER -DUSE_HAL_DRIVER -c -I../Core/Inc -I../Drivers/STM32F4xx_HAL_Driver/Inc -I../Drivers/CMSIS/Device/ST/STM32F4xx/Include -I../Drivers/CMSIS/Include -I../Drivers/STM32F4xx_HAL_Driver/Inc/Legacy -O0 -ffunction-sections -fdata-sections -Wall -fstack-usage -fcyclomatic-complexity -MMD -MP -MF"Core/Src/system_stm32f4xx.d" -MT"Core/Src/system_stm32f4xx.o" --specs=nano.specs -mfpu=fpv4-sp-d16 -mfloat-abi=hard -mthumb -o "Core/Src/system_stm32f4xx.o"
../Core/Src/main.c: In function 'main':
../Core/Src/main.c:97:9: warning: implicit declaration of function 'LL_TIM_WriteReg'; did you mean 'LL_PWR_WriteReg'? [-Wimplicit-function-declaration]
   97 |         LL_TIM_WriteReg(TIM3, CR1, LL_TIM_ReadReg(TIM3,CR1) | 0x01);
      |         ^~~~~~~~~~~~~~~
      |         LL_PWR_WriteReg
../Core/Src/main.c:97:31: error: 'CR1' undeclared (first use in this function); did you mean 'CRC'?
   97 |         LL_TIM_WriteReg(TIM3, CR1, LL_TIM_ReadReg(TIM3,CR1) | 0x01);
      |                               ^~~
      |                               CRC
../Core/Src/main.c:97:31: note: each undeclared identifier is reported only once for each function it appears in
../Core/Src/main.c:97:36: warning: implicit declaration of function 'LL_TIM_ReadReg'; did you mean 'LL_GPIO_ReadReg'? [-Wimplicit-function-declaration]
   97 |         LL_TIM_WriteReg(TIM3, CR1, LL_TIM_ReadReg(TIM3,CR1) | 0x01);
      |                                    ^~~~~~~~~~~~~~
      |                                    LL_GPIO_ReadReg
../Core/Src/main.c:99:31: error: 'PSC' undeclared (first use in this function)
   99 |         LL_TIM_WriteReg(TIM3, PSC, 0x0009);                     // 9 in decimal
      |                               ^~~
../Core/Src/main.c:100:31: error: 'ARR' undeclared (first use in this function)
  100 |         LL_TIM_WriteReg(TIM3, ARR, 0xFFFF);                     // 999 in decimal
      |                               ^~~
../Core/Src/main.c:101:31: error: 'CCR1' undeclared (first use in this function)
  101 |         LL_TIM_WriteReg(TIM3, CCR1, 999);                       // 999 in decimal
      |                               ^~~~
../Core/Src/main.c:102:31: error: 'CCR2' undeclared (first use in this function)
  102 |         LL_TIM_WriteReg(TIM3, CCR2, 199);                       // 249 in decimal
      |                               ^~~~
../Core/Src/main.c:103:31: error: 'CCMR1' undeclared (first use in this function)
  103 |         LL_TIM_WriteReg(TIM3, CCMR1,
      |                               ^~~~~
make: *** [Core/Src/subdir.mk:34: Core/Src/main.o] Error 1
make: *** Waiting for unfinished jobs....
"make -j8 all" terminated with exit code 2. Build might be incomplete.
16:35:05 **** Incremental Build of configuration Debug for project DSE_Lab8.1.3 ****
make -j8 all 
arm-none-eabi-gcc "../Core/Src/main.c" -mcpu=cortex-m4 -std=gnu11 -g3 -DDEBUG -DSTM32F401xE -DUSE_FULL_LL_DRIVER -DUSE_HAL_DRIVER -c -I../Core/Inc -I../Drivers/STM32F4xx_HAL_Driver/Inc -I../Drivers/CMSIS/Device/ST/STM32F4xx/Include -I../Drivers/CMSIS/Include -I../Drivers/STM32F4xx_HAL_Driver/Inc/Legacy -O0 -ffunction-sections -fdata-sections -Wall -fstack-usage -fcyclomatic-complexity -MMD -MP -MF"Core/Src/main.d" -MT"Core/Src/main.o" --specs=nano.specs -mfpu=fpv4-sp-d16 -mfloat-abi=hard -mthumb -o "Core/Src/main.o"
../Core/Src/main.c: In function 'main':
../Core/Src/main.c:97:9: warning: implicit declaration of function 'LL_TIM_WriteReg'; did you mean 'LL_PWR_WriteReg'? [-Wimplicit-function-declaration]
   97 |         LL_TIM_WriteReg(TIM3, CR1, LL_TIM_ReadReg(TIM3,CR1) | 0x01);
      |         ^~~~~~~~~~~~~~~
      |         LL_PWR_WriteReg
../Core/Src/main.c:97:31: error: 'CR1' undeclared (first use in this function); did you mean 'CRC'?
   97 |         LL_TIM_WriteReg(TIM3, CR1, LL_TIM_ReadReg(TIM3,CR1) | 0x01);
      |                               ^~~
      |                               CRC
../Core/Src/main.c:97:31: note: each undeclared identifier is reported only once for each function it appears in
../Core/Src/main.c:97:36: warning: implicit declaration of function 'LL_TIM_ReadReg'; did you mean 'LL_GPIO_ReadReg'? [-Wimplicit-function-declaration]
   97 |         LL_TIM_WriteReg(TIM3, CR1, LL_TIM_ReadReg(TIM3,CR1) | 0x01);
      |                                    ^~~~~~~~~~~~~~
      |                                    LL_GPIO_ReadReg
../Core/Src/main.c:99:31: error: 'PSC' undeclared (first use in this function)
   99 |         LL_TIM_WriteReg(TIM3, PSC, 0x0009);                     // 9 in decimal
      |                               ^~~
../Core/Src/main.c:100:31: error: 'ARR' undeclared (first use in this function)
  100 |         LL_TIM_WriteReg(TIM3, ARR, 0xFFFF);                     // 999 in decimal
      |                               ^~~
../Core/Src/main.c:101:31: error: 'CCR1' undeclared (first use in this function)
  101 |         LL_TIM_WriteReg(TIM3, CCR1, 999);                       // 999 in decimal
      |                               ^~~~
../Core/Src/main.c:102:31: error: 'CCR2' undeclared (first use in this function)
  102 |         LL_TIM_WriteReg(TIM3, CCR2, 199);                       // 249 in decimal
      |                               ^~~~
../Core/Src/main.c:103:31: error: 'CCMR1' undeclared (first use in this function)
  103 |         LL_TIM_WriteReg(TIM3, CCMR1,
      |                               ^~~~~
make: *** [Core/Src/subdir.mk:34: Core/Src/main.o] Error 1
"make -j8 all" terminated with exit code 2. Build might be incomplete.
18:52:22 **** Build of configuration Debug for project DSE_Lab8.1.3 ****
make -j8 all 
arm-none-eabi-gcc "../Core/Src/main.c" -mcpu=cortex-m4 -std=gnu11 -g3 -DDEBUG -DSTM32F401xE -DUSE_FULL_LL_DRIVER -DUSE_HAL_DRIVER -c -I../Core/Inc -I../Drivers/STM32F4xx_HAL_Driver/Inc -I../Drivers/CMSIS/Device/ST/STM32F4xx/Include -I../Drivers/CMSIS/Include -I../Drivers/STM32F4xx_HAL_Driver/Inc/Legacy -O0 -ffunction-sections -fdata-sections -Wall -fstack-usage -fcyclomatic-complexity -MMD -MP -MF"Core/Src/main.d" -MT"Core/Src/main.o" --specs=nano.specs -mfpu=fpv4-sp-d16 -mfloat-abi=hard -mthumb -o "Core/Src/main.o"
../Core/Src/main.c: In function 'main':
../Core/Src/main.c:99:9: warning: implicit declaration of function 'LL_TIM_WriteReg'; did you mean 'LL_PWR_WriteReg'? [-Wimplicit-function-declaration]
   99 |         LL_TIM_WriteReg(TIM3, CR1, LL_TIM_ReadReg(TIM3,CR1) | 0x01);
      |         ^~~~~~~~~~~~~~~
      |         LL_PWR_WriteReg
../Core/Src/main.c:99:31: error: 'CR1' undeclared (first use in this function); did you mean 'CRC'?
   99 |         LL_TIM_WriteReg(TIM3, CR1, LL_TIM_ReadReg(TIM3,CR1) | 0x01);
      |                               ^~~
      |                               CRC
../Core/Src/main.c:99:31: note: each undeclared identifier is reported only once for each function it appears in
../Core/Src/main.c:99:36: warning: implicit declaration of function 'LL_TIM_ReadReg'; did you mean 'LL_GPIO_ReadReg'? [-Wimplicit-function-declaration]
   99 |         LL_TIM_WriteReg(TIM3, CR1, LL_TIM_ReadReg(TIM3,CR1) | 0x01);
      |                                    ^~~~~~~~~~~~~~
      |                                    LL_GPIO_ReadReg
../Core/Src/main.c:101:31: error: 'PSC' undeclared (first use in this function)
  101 |         LL_TIM_WriteReg(TIM3, PSC, 0x0009);                     // 9 in decimal
      |                               ^~~
../Core/Src/main.c:102:31: error: 'ARR' undeclared (first use in this function)
  102 |         LL_TIM_WriteReg(TIM3, ARR, 0xFFFF);                     // 999 in decimal
      |                               ^~~
../Core/Src/main.c:103:31: error: 'CCR1' undeclared (first use in this function)
  103 |         LL_TIM_WriteReg(TIM3, CCR1, 999);                       // 999 in decimal
      |                               ^~~~
../Core/Src/main.c:104:31: error: 'CCR2' undeclared (first use in this function)
  104 |         LL_TIM_WriteReg(TIM3, CCR2, 199);                       // 249 in decimal
      |                               ^~~~
../Core/Src/main.c:105:31: error: 'CCMR1' undeclared (first use in this function)
  105 |         LL_TIM_WriteReg(TIM3, CCMR1,
      |                               ^~~~~
../Core/Src/main.c:115:42: error: 'SR' undeclared (first use in this function)
  115 |                 if (LL_TIM_ReadReg(TIM3, SR) & 0x02) {
      |                                          ^~
../Core/Src/main.c: In function 'MX_TIM3_Init':
../Core/Src/main.c:191:9: error: unknown type name 'LL_TIM_InitTypeDef'; did you mean 'LL_GPIO_InitTypeDef'?
  191 |         LL_TIM_InitTypeDef TIM_InitStruct = { 0 };
      |         ^~~~~~~~~~~~~~~~~~
      |         LL_GPIO_InitTypeDef
../Core/Src/main.c:192:9: error: unknown type name 'LL_TIM_OC_InitTypeDef'; did you mean 'TIM_OC_InitTypeDef'?
  192 |         LL_TIM_OC_InitTypeDef TIM_OC_InitStruct = { 0 };
      |         ^~~~~~~~~~~~~~~~~~~~~
      |         TIM_OC_InitTypeDef
../Core/Src/main.c:200:23: error: request for member 'Prescaler' in something not a structure or union
  200 |         TIM_InitStruct.Prescaler = 0;
      |                       ^
../Core/Src/main.c:201:23: error: request for member 'CounterMode' in something not a structure or union
  201 |         TIM_InitStruct.CounterMode = LL_TIM_COUNTERMODE_UP;
      |                       ^
../Core/Src/main.c:201:38: error: 'LL_TIM_COUNTERMODE_UP' undeclared (first use in this function); did you mean 'TIM_COUNTERMODE_UP'?
  201 |         TIM_InitStruct.CounterMode = LL_TIM_COUNTERMODE_UP;
      |                                      ^~~~~~~~~~~~~~~~~~~~~
      |                                      TIM_COUNTERMODE_UP
../Core/Src/main.c:202:23: error: request for member 'Autoreload' in something not a structure or union
  202 |         TIM_InitStruct.Autoreload = 65535;
      |                       ^
../Core/Src/main.c:203:23: error: request for member 'ClockDivision' in something not a structure or union
  203 |         TIM_InitStruct.ClockDivision = LL_TIM_CLOCKDIVISION_DIV1;
      |                       ^
../Core/Src/main.c:203:40: error: 'LL_TIM_CLOCKDIVISION_DIV1' undeclared (first use in this function); did you mean 'IS_TIM_CLOCKDIVISION_DIV'?
  203 |         TIM_InitStruct.ClockDivision = LL_TIM_CLOCKDIVISION_DIV1;
      |                                        ^~~~~~~~~~~~~~~~~~~~~~~~~
      |                                        IS_TIM_CLOCKDIVISION_DIV
../Core/Src/main.c:204:9: warning: implicit declaration of function 'LL_TIM_Init'; did you mean 'MX_TIM3_Init'? [-Wimplicit-function-declaration]
  204 |         LL_TIM_Init(TIM3, &TIM_InitStruct);
      |         ^~~~~~~~~~~
      |         MX_TIM3_Init
../Core/Src/main.c:205:9: warning: implicit declaration of function 'LL_TIM_DisableARRPreload' [-Wimplicit-function-declaration]
  205 |         LL_TIM_DisableARRPreload(TIM3);
      |         ^~~~~~~~~~~~~~~~~~~~~~~~
../Core/Src/main.c:206:9: warning: implicit declaration of function 'LL_TIM_SetClockSource'; did you mean 'LL_RCC_SetRTCClockSource'? [-Wimplicit-function-declaration]
  206 |         LL_TIM_SetClockSource(TIM3, LL_TIM_CLOCKSOURCE_INTERNAL);
      |         ^~~~~~~~~~~~~~~~~~~~~
      |         LL_RCC_SetRTCClockSource
../Core/Src/main.c:206:37: error: 'LL_TIM_CLOCKSOURCE_INTERNAL' undeclared (first use in this function); did you mean 'TIM_CLOCKSOURCE_INTERNAL'?
  206 |         LL_TIM_SetClockSource(TIM3, LL_TIM_CLOCKSOURCE_INTERNAL);
      |                                     ^~~~~~~~~~~~~~~~~~~~~~~~~~~
      |                                     TIM_CLOCKSOURCE_INTERNAL
../Core/Src/main.c:207:26: error: request for member 'OCMode' in something not a structure or union
  207 |         TIM_OC_InitStruct.OCMode = LL_TIM_OCMODE_FROZEN;
      |                          ^
../Core/Src/main.c:207:36: error: 'LL_TIM_OCMODE_FROZEN' undeclared (first use in this function)
  207 |         TIM_OC_InitStruct.OCMode = LL_TIM_OCMODE_FROZEN;
      |                                    ^~~~~~~~~~~~~~~~~~~~
../Core/Src/main.c:208:26: error: request for member 'OCState' in something not a structure or union
  208 |         TIM_OC_InitStruct.OCState = LL_TIM_OCSTATE_DISABLE;
      |                          ^
../Core/Src/main.c:208:37: error: 'LL_TIM_OCSTATE_DISABLE' undeclared (first use in this function); did you mean 'TIM_OCFAST_DISABLE'?
  208 |         TIM_OC_InitStruct.OCState = LL_TIM_OCSTATE_DISABLE;
      |                                     ^~~~~~~~~~~~~~~~~~~~~~
      |                                     TIM_OCFAST_DISABLE
../Core/Src/main.c:209:26: error: request for member 'OCNState' in something not a structure or union
  209 |         TIM_OC_InitStruct.OCNState = LL_TIM_OCSTATE_DISABLE;
      |                          ^
../Core/Src/main.c:210:26: error: request for member 'CompareValue' in something not a structure or union
  210 |         TIM_OC_InitStruct.CompareValue = 0;
      |                          ^
../Core/Src/main.c:211:26: error: request for member 'OCPolarity' in something not a structure or union
  211 |         TIM_OC_InitStruct.OCPolarity = LL_TIM_OCPOLARITY_HIGH;
      |                          ^
../Core/Src/main.c:211:40: error: 'LL_TIM_OCPOLARITY_HIGH' undeclared (first use in this function); did you mean 'TIM_OCPOLARITY_HIGH'?
  211 |         TIM_OC_InitStruct.OCPolarity = LL_TIM_OCPOLARITY_HIGH;
      |                                        ^~~~~~~~~~~~~~~~~~~~~~
      |                                        TIM_OCPOLARITY_HIGH
../Core/Src/main.c:212:9: warning: implicit declaration of function 'LL_TIM_OC_Init'; did you mean 'HAL_TIM_OC_Init'? [-Wimplicit-function-declaration]
  212 |         LL_TIM_OC_Init(TIM3, LL_TIM_CHANNEL_CH1, &TIM_OC_InitStruct);
      |         ^~~~~~~~~~~~~~
      |         HAL_TIM_OC_Init
../Core/Src/main.c:212:30: error: 'LL_TIM_CHANNEL_CH1' undeclared (first use in this function); did you mean 'LL_DMA_CHANNEL_1'?
  212 |         LL_TIM_OC_Init(TIM3, LL_TIM_CHANNEL_CH1, &TIM_OC_InitStruct);
      |                              ^~~~~~~~~~~~~~~~~~
      |                              LL_DMA_CHANNEL_1
../Core/Src/main.c:213:9: warning: implicit declaration of function 'LL_TIM_OC_DisableFast' [-Wimplicit-function-declaration]
  213 |         LL_TIM_OC_DisableFast(TIM3, LL_TIM_CHANNEL_CH1);
      |         ^~~~~~~~~~~~~~~~~~~~~
../Core/Src/main.c:214:30: error: 'LL_TIM_CHANNEL_CH2' undeclared (first use in this function); did you mean 'TIM_CHANNEL_2'?
  214 |         LL_TIM_OC_Init(TIM3, LL_TIM_CHANNEL_CH2, &TIM_OC_InitStruct);
      |                              ^~~~~~~~~~~~~~~~~~
      |                              TIM_CHANNEL_2
../Core/Src/main.c:216:9: warning: implicit declaration of function 'LL_TIM_SetTriggerOutput' [-Wimplicit-function-declaration]
  216 |         LL_TIM_SetTriggerOutput(TIM3, LL_TIM_TRGO_RESET);
      |         ^~~~~~~~~~~~~~~~~~~~~~~
../Core/Src/main.c:216:39: error: 'LL_TIM_TRGO_RESET' undeclared (first use in this function); did you mean 'TIM_TRGO_RESET'?
  216 |         LL_TIM_SetTriggerOutput(TIM3, LL_TIM_TRGO_RESET);
      |                                       ^~~~~~~~~~~~~~~~~
      |                                       TIM_TRGO_RESET
../Core/Src/main.c:217:9: warning: implicit declaration of function 'LL_TIM_DisableMasterSlaveMode' [-Wimplicit-function-declaration]
  217 |         LL_TIM_DisableMasterSlaveMode(TIM3);
      |         ^~~~~~~~~~~~~~~~~~~~~~~~~~~~~
../Core/Src/main.c: In function 'MX_GPIO_Init':
../Core/Src/main.c:293:49: error: 'OUT11_Pin' undeclared (first use in this function)
  293 |         LL_GPIO_ResetOutputPin(GPIOA, LD2_Pin | OUT11_Pin);
      |                                                 ^~~~~~~~~
../Core/Src/main.c:296:32: error: 'OUT2_GPIO_Port' undeclared (first use in this function); did you mean 'LD2_GPIO_Port'?
  296 |         LL_GPIO_ResetOutputPin(OUT2_GPIO_Port, OUT2_Pin);
      |                                ^~~~~~~~~~~~~~
      |                                LD2_GPIO_Port
../Core/Src/main.c:296:48: error: 'OUT2_Pin' undeclared (first use in this function)
  296 |         LL_GPIO_ResetOutputPin(OUT2_GPIO_Port, OUT2_Pin);
      |                                                ^~~~~~~~
make: *** [Core/Src/subdir.mk:34: Core/Src/main.o] Error 1
"make -j8 all" terminated with exit code 2. Build might be incomplete.
17:24:50 **** Build of configuration Debug for project DSE_Lab8.1.3 ****
make -j8 all 
arm-none-eabi-gcc "../Core/Src/main.c" -mcpu=cortex-m4 -std=gnu11 -g3 -DDEBUG -DSTM32F401xE -DUSE_FULL_LL_DRIVER -DUSE_HAL_DRIVER -c -I../Core/Inc -I../Drivers/STM32F4xx_HAL_Driver/Inc -I../Drivers/CMSIS/Device/ST/STM32F4xx/Include -I../Drivers/CMSIS/Include -I../Drivers/STM32F4xx_HAL_Driver/Inc/Legacy -O0 -ffunction-sections -fdata-sections -Wall -fstack-usage -fcyclomatic-complexity -MMD -MP -MF"Core/Src/main.d" -MT"Core/Src/main.o" --specs=nano.specs -mfpu=fpv4-sp-d16 -mfloat-abi=hard -mthumb -o "Core/Src/main.o"
../Core/Src/main.c: In function 'main':
../Core/Src/main.c:102:9: warning: implicit declaration of function 'LL_TIM_SetPrescaler'; did you mean 'LL_RCC_SetTIMPrescaler'? [-Wimplicit-function-declaration]
  102 |         LL_TIM_SetPrescaler(TIM3, 8399);      // Set Prescaler (PSC) to 8399
      |         ^~~~~~~~~~~~~~~~~~~
      |         LL_RCC_SetTIMPrescaler
../Core/Src/main.c:103:9: warning: implicit declaration of function 'LL_TIM_SetAutoReload' [-Wimplicit-function-declaration]
  103 |         LL_TIM_SetAutoReload(TIM3, 1);                  // Set AutoReload (ARR) to 1
      |         ^~~~~~~~~~~~~~~~~~~~
../Core/Src/main.c:105:9: warning: implicit declaration of function 'LL_TIM_EnableCounter' [-Wimplicit-function-declaration]
  105 |         LL_TIM_EnableCounter(TIM3);            // Enable the timer
      |         ^~~~~~~~~~~~~~~~~~~~
../Core/Src/main.c:106:9: warning: implicit declaration of function 'LL_TIM_GenerateEvent_UPDATE'; did you mean 'HAL_TIM_GenerateEvent'? [-Wimplicit-function-declaration]
  106 |         LL_TIM_GenerateEvent_UPDATE(TIM3);     // Ensure update event to load new ARR/PSC
      |         ^~~~~~~~~~~~~~~~~~~~~~~~~~~
      |         HAL_TIM_GenerateEvent
../Core/Src/main.c:115:25: warning: implicit declaration of function 'LL_TIM_GetCounter' [-Wimplicit-function-declaration]
  115 |                     if (LL_TIM_GetCounter(TIM3) >= 2)  // Changed condition to >= for reliability
      |                         ^~~~~~~~~~~~~~~~~
../Core/Src/main.c:118:23: warning: implicit declaration of function 'LL_TIM_SetCounter' [-Wimplicit-function-declaration]
  118 |                       LL_TIM_SetCounter(TIM3, 0);               // Reset counter to restart cycle
      |                       ^~~~~~~~~~~~~~~~~
../Core/Src/main.c:175:13: error: invalid storage class for function 'MX_TIM3_Init'
  175 | static void MX_TIM3_Init(void) {
      |             ^~~~~~~~~~~~
../Core/Src/main.c: In function 'MX_TIM3_Init':
../Core/Src/main.c:181:9: error: unknown type name 'LL_TIM_InitTypeDef'; did you mean 'LL_GPIO_InitTypeDef'?
  181 |         LL_TIM_InitTypeDef TIM_InitStruct = { 0 };
      |         ^~~~~~~~~~~~~~~~~~
      |         LL_GPIO_InitTypeDef
../Core/Src/main.c:182:9: error: unknown type name 'LL_TIM_OC_InitTypeDef'; did you mean 'TIM_OC_InitTypeDef'?
  182 |         LL_TIM_OC_InitTypeDef TIM_OC_InitStruct = { 0 };
      |         ^~~~~~~~~~~~~~~~~~~~~
      |         TIM_OC_InitTypeDef
../Core/Src/main.c:190:23: error: request for member 'Prescaler' in something not a structure or union
  190 |         TIM_InitStruct.Prescaler = 0;
      |                       ^
../Core/Src/main.c:191:23: error: request for member 'CounterMode' in something not a structure or union
  191 |         TIM_InitStruct.CounterMode = LL_TIM_COUNTERMODE_UP;
      |                       ^
../Core/Src/main.c:191:38: error: 'LL_TIM_COUNTERMODE_UP' undeclared (first use in this function); did you mean 'TIM_COUNTERMODE_UP'?
  191 |         TIM_InitStruct.CounterMode = LL_TIM_COUNTERMODE_UP;
      |                                      ^~~~~~~~~~~~~~~~~~~~~
      |                                      TIM_COUNTERMODE_UP
../Core/Src/main.c:191:38: note: each undeclared identifier is reported only once for each function it appears in
../Core/Src/main.c:192:23: error: request for member 'Autoreload' in something not a structure or union
  192 |         TIM_InitStruct.Autoreload = 65535;
      |                       ^
../Core/Src/main.c:193:23: error: request for member 'ClockDivision' in something not a structure or union
  193 |         TIM_InitStruct.ClockDivision = LL_TIM_CLOCKDIVISION_DIV1;
      |                       ^
../Core/Src/main.c:193:40: error: 'LL_TIM_CLOCKDIVISION_DIV1' undeclared (first use in this function); did you mean 'IS_TIM_CLOCKDIVISION_DIV'?
  193 |         TIM_InitStruct.ClockDivision = LL_TIM_CLOCKDIVISION_DIV1;
      |                                        ^~~~~~~~~~~~~~~~~~~~~~~~~
      |                                        IS_TIM_CLOCKDIVISION_DIV
../Core/Src/main.c:194:9: warning: implicit declaration of function 'LL_TIM_Init'; did you mean 'MX_TIM3_Init'? [-Wimplicit-function-declaration]
  194 |         LL_TIM_Init(TIM3, &TIM_InitStruct);
      |         ^~~~~~~~~~~
      |         MX_TIM3_Init
../Core/Src/main.c:195:9: warning: implicit declaration of function 'LL_TIM_DisableARRPreload' [-Wimplicit-function-declaration]
  195 |         LL_TIM_DisableARRPreload(TIM3);
      |         ^~~~~~~~~~~~~~~~~~~~~~~~
../Core/Src/main.c:196:9: warning: implicit declaration of function 'LL_TIM_SetClockSource'; did you mean 'LL_RCC_SetRTCClockSource'? [-Wimplicit-function-declaration]
  196 |         LL_TIM_SetClockSource(TIM3, LL_TIM_CLOCKSOURCE_INTERNAL);
      |         ^~~~~~~~~~~~~~~~~~~~~
      |         LL_RCC_SetRTCClockSource
../Core/Src/main.c:196:37: error: 'LL_TIM_CLOCKSOURCE_INTERNAL' undeclared (first use in this function); did you mean 'TIM_CLOCKSOURCE_INTERNAL'?
  196 |         LL_TIM_SetClockSource(TIM3, LL_TIM_CLOCKSOURCE_INTERNAL);
      |                                     ^~~~~~~~~~~~~~~~~~~~~~~~~~~
      |                                     TIM_CLOCKSOURCE_INTERNAL
../Core/Src/main.c:197:26: error: request for member 'OCMode' in something not a structure or union
  197 |         TIM_OC_InitStruct.OCMode = LL_TIM_OCMODE_FROZEN;
      |                          ^
../Core/Src/main.c:197:36: error: 'LL_TIM_OCMODE_FROZEN' undeclared (first use in this function)
  197 |         TIM_OC_InitStruct.OCMode = LL_TIM_OCMODE_FROZEN;
      |                                    ^~~~~~~~~~~~~~~~~~~~
../Core/Src/main.c:198:26: error: request for member 'OCState' in something not a structure or union
  198 |         TIM_OC_InitStruct.OCState = LL_TIM_OCSTATE_DISABLE;
      |                          ^
../Core/Src/main.c:198:37: error: 'LL_TIM_OCSTATE_DISABLE' undeclared (first use in this function); did you mean 'TIM_OCFAST_DISABLE'?
  198 |         TIM_OC_InitStruct.OCState = LL_TIM_OCSTATE_DISABLE;
      |                                     ^~~~~~~~~~~~~~~~~~~~~~
      |                                     TIM_OCFAST_DISABLE
../Core/Src/main.c:199:26: error: request for member 'OCNState' in something not a structure or union
  199 |         TIM_OC_InitStruct.OCNState = LL_TIM_OCSTATE_DISABLE;
      |                          ^
../Core/Src/main.c:200:26: error: request for member 'CompareValue' in something not a structure or union
  200 |         TIM_OC_InitStruct.CompareValue = 0;
      |                          ^
../Core/Src/main.c:201:26: error: request for member 'OCPolarity' in something not a structure or union
  201 |         TIM_OC_InitStruct.OCPolarity = LL_TIM_OCPOLARITY_HIGH;
      |                          ^
../Core/Src/main.c:201:40: error: 'LL_TIM_OCPOLARITY_HIGH' undeclared (first use in this function); did you mean 'TIM_OCPOLARITY_HIGH'?
  201 |         TIM_OC_InitStruct.OCPolarity = LL_TIM_OCPOLARITY_HIGH;
      |                                        ^~~~~~~~~~~~~~~~~~~~~~
      |                                        TIM_OCPOLARITY_HIGH
../Core/Src/main.c:202:9: warning: implicit declaration of function 'LL_TIM_OC_Init'; did you mean 'HAL_TIM_OC_Init'? [-Wimplicit-function-declaration]
  202 |         LL_TIM_OC_Init(TIM3, LL_TIM_CHANNEL_CH1, &TIM_OC_InitStruct);
      |         ^~~~~~~~~~~~~~
      |         HAL_TIM_OC_Init
../Core/Src/main.c:202:30: error: 'LL_TIM_CHANNEL_CH1' undeclared (first use in this function); did you mean 'LL_DMA_CHANNEL_1'?
  202 |         LL_TIM_OC_Init(TIM3, LL_TIM_CHANNEL_CH1, &TIM_OC_InitStruct);
      |                              ^~~~~~~~~~~~~~~~~~
      |                              LL_DMA_CHANNEL_1
../Core/Src/main.c:203:9: warning: implicit declaration of function 'LL_TIM_OC_DisableFast' [-Wimplicit-function-declaration]
  203 |         LL_TIM_OC_DisableFast(TIM3, LL_TIM_CHANNEL_CH1);
      |         ^~~~~~~~~~~~~~~~~~~~~
../Core/Src/main.c:204:30: error: 'LL_TIM_CHANNEL_CH2' undeclared (first use in this function); did you mean 'TIM_CHANNEL_2'?
  204 |         LL_TIM_OC_Init(TIM3, LL_TIM_CHANNEL_CH2, &TIM_OC_InitStruct);
      |                              ^~~~~~~~~~~~~~~~~~
      |                              TIM_CHANNEL_2
../Core/Src/main.c:206:9: warning: implicit declaration of function 'LL_TIM_SetTriggerOutput' [-Wimplicit-function-declaration]
  206 |         LL_TIM_SetTriggerOutput(TIM3, LL_TIM_TRGO_RESET);
      |         ^~~~~~~~~~~~~~~~~~~~~~~
../Core/Src/main.c:206:39: error: 'LL_TIM_TRGO_RESET' undeclared (first use in this function); did you mean 'TIM_TRGO_RESET'?
  206 |         LL_TIM_SetTriggerOutput(TIM3, LL_TIM_TRGO_RESET);
      |                                       ^~~~~~~~~~~~~~~~~
      |                                       TIM_TRGO_RESET
../Core/Src/main.c:207:9: warning: implicit declaration of function 'LL_TIM_DisableMasterSlaveMode' [-Wimplicit-function-declaration]
  207 |         LL_TIM_DisableMasterSlaveMode(TIM3);
      |         ^~~~~~~~~~~~~~~~~~~~~~~~~~~~~
../Core/Src/main.c: In function 'main':
../Core/Src/main.c:219:13: error: invalid storage class for function 'MX_USART2_UART_Init'
  219 | static void MX_USART2_UART_Init(void) {
      |             ^~~~~~~~~~~~~~~~~~~
../Core/Src/main.c:269:13: error: invalid storage class for function 'MX_GPIO_Init'
  269 | static void MX_GPIO_Init(void) {
      |             ^~~~~~~~~~~~
../Core/Src/main.c: In function 'MX_GPIO_Init':
../Core/Src/main.c:283:49: error: 'OUT11_Pin' undeclared (first use in this function)
  283 |         LL_GPIO_ResetOutputPin(GPIOA, LD2_Pin | OUT11_Pin);
      |                                                 ^~~~~~~~~
../Core/Src/main.c:286:32: error: 'OUT2_GPIO_Port' undeclared (first use in this function); did you mean 'LD2_GPIO_Port'?
  286 |         LL_GPIO_ResetOutputPin(OUT2_GPIO_Port, OUT2_Pin);
      |                                ^~~~~~~~~~~~~~
      |                                LD2_GPIO_Port
../Core/Src/main.c:286:48: error: 'OUT2_Pin' undeclared (first use in this function)
  286 |         LL_GPIO_ResetOutputPin(OUT2_GPIO_Port, OUT2_Pin);
      |                                                ^~~~~~~~
../Core/Src/main.c: In function 'main':
../Core/Src/main.c:340:1: error: expected declaration or statement at end of input
  340 | }
      | ^
../Core/Src/main.c: At top level:
../Core/Src/main.c:50:13: warning: 'MX_GPIO_Init' used but never defined
   50 | static void MX_GPIO_Init(void);
      |             ^~~~~~~~~~~~
../Core/Src/main.c:51:13: warning: 'MX_USART2_UART_Init' used but never defined
   51 | static void MX_USART2_UART_Init(void);
      |             ^~~~~~~~~~~~~~~~~~~
../Core/Src/main.c:52:13: warning: 'MX_TIM3_Init' used but never defined
   52 | static void MX_TIM3_Init(void);
      |             ^~~~~~~~~~~~
../Core/Src/main.c:333:6: warning: 'Error_Handler' defined but not used [-Wunused-function]
  333 | void Error_Handler(void) {
      |      ^~~~~~~~~~~~~
../Core/Src/main.c:269:13: warning: 'MX_GPIO_Init' defined but not used [-Wunused-function]
  269 | static void MX_GPIO_Init(void) {
      |             ^~~~~~~~~~~~
../Core/Src/main.c:219:13: warning: 'MX_USART2_UART_Init' defined but not used [-Wunused-function]
  219 | static void MX_USART2_UART_Init(void) {
      |             ^~~~~~~~~~~~~~~~~~~
../Core/Src/main.c:175:13: warning: 'MX_TIM3_Init' defined but not used [-Wunused-function]
  175 | static void MX_TIM3_Init(void) {
      |             ^~~~~~~~~~~~
../Core/Src/main.c:134:6: warning: 'SystemClock_Config' defined but not used [-Wunused-function]
  134 | void SystemClock_Config(void) {
      |      ^~~~~~~~~~~~~~~~~~
make: *** [Core/Src/subdir.mk:34: Core/Src/main.o] Error 1
"make -j8 all" terminated with exit code 2. Build might be incomplete.
17:25:46 **** Incremental Build of configuration Debug for project DSE_Lab8.1.3 ****
make -j8 all 
arm-none-eabi-gcc "../Core/Src/main.c" -mcpu=cortex-m4 -std=gnu11 -g3 -DDEBUG -DSTM32F401xE -DUSE_FULL_LL_DRIVER -DUSE_HAL_DRIVER -c -I../Core/Inc -I../Drivers/STM32F4xx_HAL_Driver/Inc -I../Drivers/CMSIS/Device/ST/STM32F4xx/Include -I../Drivers/CMSIS/Include -I../Drivers/STM32F4xx_HAL_Driver/Inc/Legacy -O0 -ffunction-sections -fdata-sections -Wall -fstack-usage -fcyclomatic-complexity -MMD -MP -MF"Core/Src/main.d" -MT"Core/Src/main.o" --specs=nano.specs -mfpu=fpv4-sp-d16 -mfloat-abi=hard -mthumb -o "Core/Src/main.o"
../Core/Src/main.c: In function 'main':
../Core/Src/main.c:102:9: warning: implicit declaration of function 'LL_TIM_SetPrescaler'; did you mean 'LL_RCC_SetTIMPrescaler'? [-Wimplicit-function-declaration]
  102 |         LL_TIM_SetPrescaler(TIM3, 8399);      // Set Prescaler (PSC) to 8399
      |         ^~~~~~~~~~~~~~~~~~~
      |         LL_RCC_SetTIMPrescaler
../Core/Src/main.c:103:9: warning: implicit declaration of function 'LL_TIM_SetAutoReload' [-Wimplicit-function-declaration]
  103 |         LL_TIM_SetAutoReload(TIM3, 1);                  // Set AutoReload (ARR) to 1
      |         ^~~~~~~~~~~~~~~~~~~~
../Core/Src/main.c:105:9: warning: implicit declaration of function 'LL_TIM_EnableCounter' [-Wimplicit-function-declaration]
  105 |         LL_TIM_EnableCounter(TIM3);            // Enable the timer
      |         ^~~~~~~~~~~~~~~~~~~~
../Core/Src/main.c:106:9: warning: implicit declaration of function 'LL_TIM_GenerateEvent_UPDATE'; did you mean 'HAL_TIM_GenerateEvent'? [-Wimplicit-function-declaration]
  106 |         LL_TIM_GenerateEvent_UPDATE(TIM3);     // Ensure update event to load new ARR/PSC
      |         ^~~~~~~~~~~~~~~~~~~~~~~~~~~
      |         HAL_TIM_GenerateEvent
../Core/Src/main.c:115:25: warning: implicit declaration of function 'LL_TIM_GetCounter' [-Wimplicit-function-declaration]
  115 |                     if (LL_TIM_GetCounter(TIM3) >= 2)  // Changed condition to >= for reliability
      |                         ^~~~~~~~~~~~~~~~~
../Core/Src/main.c:118:23: warning: implicit declaration of function 'LL_TIM_SetCounter' [-Wimplicit-function-declaration]
  118 |                       LL_TIM_SetCounter(TIM3, 0);               // Reset counter to restart cycle
      |                       ^~~~~~~~~~~~~~~~~
../Core/Src/main.c:175:13: error: invalid storage class for function 'MX_TIM3_Init'
  175 | static void MX_TIM3_Init(void) {
      |             ^~~~~~~~~~~~
../Core/Src/main.c: In function 'MX_TIM3_Init':
../Core/Src/main.c:181:9: error: unknown type name 'LL_TIM_InitTypeDef'; did you mean 'LL_GPIO_InitTypeDef'?
  181 |         LL_TIM_InitTypeDef TIM_InitStruct = { 0 };
      |         ^~~~~~~~~~~~~~~~~~
      |         LL_GPIO_InitTypeDef
../Core/Src/main.c:182:9: error: unknown type name 'LL_TIM_OC_InitTypeDef'; did you mean 'TIM_OC_InitTypeDef'?
  182 |         LL_TIM_OC_InitTypeDef TIM_OC_InitStruct = { 0 };
      |         ^~~~~~~~~~~~~~~~~~~~~
      |         TIM_OC_InitTypeDef
../Core/Src/main.c:190:23: error: request for member 'Prescaler' in something not a structure or union
  190 |         TIM_InitStruct.Prescaler = 0;
      |                       ^
../Core/Src/main.c:191:23: error: request for member 'CounterMode' in something not a structure or union
  191 |         TIM_InitStruct.CounterMode = LL_TIM_COUNTERMODE_UP;
      |                       ^
../Core/Src/main.c:191:38: error: 'LL_TIM_COUNTERMODE_UP' undeclared (first use in this function); did you mean 'TIM_COUNTERMODE_UP'?
[...]
arm-none-eabi-gcc "../Drivers/STM32F4xx_HAL_Driver/Src/stm32f4xx_hal_rcc_ex.c" -mcpu=cortex-m4 -std=gnu11 -g3 -DDEBUG -DUSE_HAL_DRIVER -DSTM32F401xE -c -I../Core/Inc -I../Drivers/STM32F4xx_HAL_Driver/Inc -I../Drivers/STM32F4xx_HAL_Driver/Inc/Legacy -I../Drivers/CMSIS/Device/ST/STM32F4xx/Include -I../Drivers/CMSIS/Include -O0 -ffunction-sections -fdata-sections -Wall -fstack-usage -fcyclomatic-complexity -MMD -MP -MF"Drivers/STM32F4xx_HAL_Driver/Src/stm32f4xx_hal_rcc_ex.d" -MT"Drivers/STM32F4xx_HAL_Driver/Src/stm32f4xx_hal_rcc_ex.o" --specs=nano.specs -mfpu=fpv4-sp-d16 -mfloat-abi=hard -mthumb -o "Drivers/STM32F4xx_HAL_Driver/Src/stm32f4xx_hal_rcc_ex.o"
arm-none-eabi-gcc "../Drivers/STM32F4xx_HAL_Driver/Src/stm32f4xx_hal_tim.c" -mcpu=cortex-m4 -std=gnu11 -g3 -DDEBUG -DUSE_HAL_DRIVER -DSTM32F401xE -c -I../Core/Inc -I../Drivers/STM32F4xx_HAL_Driver/Inc -I../Drivers/STM32F4xx_HAL_Driver/Inc/Legacy -I../Drivers/CMSIS/Device/ST/STM32F4xx/Include -I../Drivers/CMSIS/Include -O0 -ffunction-sections -fdata-sections -Wall -fstack-usage -fcyclomatic-complexity -MMD -MP -MF"Drivers/STM32F4xx_HAL_Driver/Src/stm32f4xx_hal_tim.d" -MT"Drivers/STM32F4xx_HAL_Driver/Src/stm32f4xx_hal_tim.o" --specs=nano.specs -mfpu=fpv4-sp-d16 -mfloat-abi=hard -mthumb -o "Drivers/STM32F4xx_HAL_Driver/Src/stm32f4xx_hal_tim.o"
arm-none-eabi-gcc "../Drivers/STM32F4xx_HAL_Driver/Src/stm32f4xx_hal_tim_ex.c" -mcpu=cortex-m4 -std=gnu11 -g3 -DDEBUG -DUSE_HAL_DRIVER -DSTM32F401xE -c -I../Core/Inc -I../Drivers/STM32F4xx_HAL_Driver/Inc -I../Drivers/STM32F4xx_HAL_Driver/Inc/Legacy -I../Drivers/CMSIS/Device/ST/STM32F4xx/Include -I../Drivers/CMSIS/Include -O0 -ffunction-sections -fdata-sections -Wall -fstack-usage -fcyclomatic-complexity -MMD -MP -MF"Drivers/STM32F4xx_HAL_Driver/Src/stm32f4xx_hal_tim_ex.d" -MT"Drivers/STM32F4xx_HAL_Driver/Src/stm32f4xx_hal_tim_ex.o" --specs=nano.specs -mfpu=fpv4-sp-d16 -mfloat-abi=hard -mthumb -o "Drivers/STM32F4xx_HAL_Driver/Src/stm32f4xx_hal_tim_ex.o"
arm-none-eabi-gcc "../Drivers/STM32F4xx_HAL_Driver/Src/stm32f4xx_hal_uart.c" -mcpu=cortex-m4 -std=gnu11 -g3 -DDEBUG -DUSE_HAL_DRIVER -DSTM32F401xE -c -I../Core/Inc -I../Drivers/STM32F4xx_HAL_Driver/Inc -I../Drivers/STM32F4xx_HAL_Driver/Inc/Legacy -I../Drivers/CMSIS/Device/ST/STM32F4xx/Include -I../Drivers/CMSIS/Include -O0 -ffunction-sections -fdata-sections -Wall -fstack-usage -fcyclomatic-complexity -MMD -MP -MF"Drivers/STM32F4xx_HAL_Driver/Src/stm32f4xx_hal_uart.d" -MT"Drivers/STM32F4xx_HAL_Driver/Src/stm32f4xx_hal_uart.o" --specs=nano.specs -mfpu=fpv4-sp-d16 -mfloat-abi=hard -mthumb -o "Drivers/STM32F4xx_HAL_Driver/Src/stm32f4xx_hal_uart.o"
arm-none-eabi-gcc "../Core/Src/main.c" -mcpu=cortex-m4 -std=gnu11 -g3 -DDEBUG -DUSE_HAL_DRIVER -DSTM32F401xE -c -I../Core/Inc -I../Drivers/STM32F4xx_HAL_Driver/Inc -I../Drivers/STM32F4xx_HAL_Driver/Inc/Legacy -I../Drivers/CMSIS/Device/ST/STM32F4xx/Include -I../Drivers/CMSIS/Include -O0 -ffunction-sections -fdata-sections -Wall -fstack-usage -fcyclomatic-complexity -MMD -MP -MF"Core/Src/main.d" -MT"Core/Src/main.o" --specs=nano.specs -mfpu=fpv4-sp-d16 -mfloat-abi=hard -mthumb -o "Core/Src/main.o"
arm-none-eabi-gcc "../Core/Src/stm32f4xx_hal_msp.c" -mcpu=cortex-m4 -std=gnu11 -g3 -DDEBUG -DUSE_HAL_DRIVER -DSTM32F401xE -c -I../Core/Inc -I../Drivers/STM32F4xx_HAL_Driver/Inc -I../Drivers/STM32F4xx_HAL_Driver/Inc/Legacy -I../Drivers/CMSIS/Device/ST/STM32F4xx/Include -I../Drivers/CMSIS/Include -O0 -ffunction-sections -fdata-sections -Wall -fstack-usage -fcyclomatic-complexity -MMD -MP -MF"Core/Src/stm32f4xx_hal_msp.d" -MT"Core/Src/stm32f4xx_hal_msp.o" --specs=nano.specs -mfpu=fpv4-sp-d16 -mfloat-abi=hard -mthumb -o "Core/Src/stm32f4xx_hal_msp.o"
arm-none-eabi-gcc "../Core/Src/stm32f4xx_it.c" -mcpu=cortex-m4 -std=gnu11 -g3 -DDEBUG -DUSE_HAL_DRIVER -DSTM32F401xE -c -I../Core/Inc -I../Drivers/STM32F4xx_HAL_Driver/Inc -I../Drivers/STM32F4xx_HAL_Driver/Inc/Legacy -I../Drivers/CMSIS/Device/ST/STM32F4xx/Include -I../Drivers/CMSIS/Include -O0 -ffunction-sections -fdata-sections -Wall -fstack-usage -fcyclomatic-complexity -MMD -MP -MF"Core/Src/stm32f4xx_it.d" -MT"Core/Src/stm32f4xx_it.o" --specs=nano.specs -mfpu=fpv4-sp-d16 -mfloat-abi=hard -mthumb -o "Core/Src/stm32f4xx_it.o"
arm-none-eabi-gcc "../Core/Src/system_stm32f4xx.c" -mcpu=cortex-m4 -std=gnu11 -g3 -DDEBUG -DUSE_HAL_DRIVER -DSTM32F401xE -c -I../Core/Inc -I../Drivers/STM32F4xx_HAL_Driver/Inc -I../Drivers/STM32F4xx_HAL_Driver/Inc/Legacy -I../Drivers/CMSIS/Device/ST/STM32F4xx/Include -I../Drivers/CMSIS/Include -O0 -ffunction-sections -fdata-sections -Wall -fstack-usage -fcyclomatic-complexity -MMD -MP -MF"Core/Src/system_stm32f4xx.d" -MT"Core/Src/system_stm32f4xx.o" --specs=nano.specs -mfpu=fpv4-sp-d16 -mfloat-abi=hard -mthumb -o "Core/Src/system_stm32f4xx.o"
../Core/Src/main.c: In function 'main':
../Core/Src/main.c:103:12: warning: variable 'SINE_LUT' set but not used [-Wunused-but-set-variable]
  103 |   uint16_t SINE_LUT[SAMPLE_SIZE];
      |            ^~~~~~~~
arm-none-eabi-gcc -o "Lab10.2.3.elf" @"objects.list"   -mcpu=cortex-m4 -T"C:\Users\danie\OneDrive\Documenti\GitHub\DSE_Labs\Lab10\Lab10.2.3\STM32F401RETX_FLASH.ld" --specs=nosys.specs -Wl,-Map="Lab10.2.3.map" -Wl,--gc-sections -static --specs=nano.specs -mfpu=fpv4-sp-d16 -mfloat-abi=hard -mthumb -Wl,--start-group -lc -lm -Wl,--end-group
Finished building target: Lab10.2.3.elf
 
arm-none-eabi-size  Lab10.2.3.elf 
arm-none-eabi-objdump -h -S Lab10.2.3.elf  > "Lab10.2.3.list"
   text	   data	    bss	    dec	    hex	filename
  17636	     12	   1812	  19460	   4c04	Lab10.2.3.elf
Finished building: default.size.stdout
 
Finished building: Lab10.2.3.list
 
11:48:04 **** Incremental Build of configuration Debug for project Lab10.2.3 ****
make -j8 all 
arm-none-eabi-gcc "../Core/Src/main.c" -mcpu=cortex-m4 -std=gnu11 -g3 -DDEBUG -DUSE_HAL_DRIVER -DSTM32F401xE -c -I../Core/Inc -I../Drivers/STM32F4xx_HAL_Driver/Inc -I../Drivers/STM32F4xx_HAL_Driver/Inc/Legacy -I../Drivers/CMSIS/Device/ST/STM32F4xx/Include -I../Drivers/CMSIS/Include -O0 -ffunction-sections -fdata-sections -Wall -fstack-usage -fcyclomatic-complexity -MMD -MP -MF"Core/Src/main.d" -MT"Core/Src/main.o" --specs=nano.specs -mfpu=fpv4-sp-d16 -mfloat-abi=hard -mthumb -o "Core/Src/main.o"
../Core/Src/main.c: In function 'main':
../Core/Src/main.c:103:12: warning: variable 'SINE_LUT' set but not used [-Wunused-but-set-variable]
  103 |   uint16_t SINE_LUT[SAMPLE_SIZE];
      |            ^~~~~~~~
arm-none-eabi-gcc -o "Lab10.2.3.elf" @"objects.list"   -mcpu=cortex-m4 -T"C:\Users\danie\OneDrive\Documenti\GitHub\DSE_Labs\Lab10\Lab10.2.3\STM32F401RETX_FLASH.ld" --specs=nosys.specs -Wl,-Map="Lab10.2.3.map" -Wl,--gc-sections -static --specs=nano.specs -mfpu=fpv4-sp-d16 -mfloat-abi=hard -mthumb -Wl,--start-group -lc -lm -Wl,--end-group
Finished building target: Lab10.2.3.elf
 
arm-none-eabi-size  Lab10.2.3.elf 
arm-none-eabi-objdump -h -S Lab10.2.3.elf  > "Lab10.2.3.list"
   text	   data	    bss	    dec	    hex	filename
  17640	     12	   1812	  19464	   4c08	Lab10.2.3.elf
Finished building: default.size.stdout
 
Finished building: Lab10.2.3.list
 
11:54:28 **** Incremental Build of configuration Debug for project Lab10.2.3 ****
make -j8 all 
arm-none-eabi-gcc "../Core/Src/main.c" -mcpu=cortex-m4 -std=gnu11 -g3 -DDEBUG -DUSE_HAL_DRIVER -DSTM32F401xE -c -I../Core/Inc -I../Drivers/STM32F4xx_HAL_Driver/Inc -I../Drivers/STM32F4xx_HAL_Driver/Inc/Legacy -I../Drivers/CMSIS/Device/ST/STM32F4xx/Include -I../Drivers/CMSIS/Include -O0 -ffunction-sections -fdata-sections -Wall -fstack-usage -fcyclomatic-complexity -MMD -MP -MF"Core/Src/main.d" -MT"Core/Src/main.o" --specs=nano.specs -mfpu=fpv4-sp-d16 -mfloat-abi=hard -mthumb -o "Core/Src/main.o"
arm-none-eabi-gcc -o "Lab10.2.3.elf" @"objects.list"   -mcpu=cortex-m4 -T"C:\Users\danie\OneDrive\Documenti\GitHub\DSE_Labs\Lab10\Lab10.2.3\STM32F401RETX_FLASH.ld" --specs=nosys.specs -Wl,-Map="Lab10.2.3.map" -Wl,--gc-sections -static --specs=nano.specs -mfpu=fpv4-sp-d16 -mfloat-abi=hard -mthumb -Wl,--start-group -lc -lm -Wl,--end-group
Finished building target: Lab10.2.3.elf
 
arm-none-eabi-size  Lab10.2.3.elf 
arm-none-eabi-objdump -h -S Lab10.2.3.elf  > "Lab10.2.3.list"
   text	   data	    bss	    dec	    hex	filename
  19348	     12	   1812	  21172	   52b4	Lab10.2.3.elf
Finished building: default.size.stdout
 
Finished building: Lab10.2.3.list
 
11:56:57 **** Incremental Build of configuration Debug for project Lab10.2.3 ****
make -j8 all 
arm-none-eabi-gcc "../Core/Src/main.c" -mcpu=cortex-m4 -std=gnu11 -g3 -DDEBUG -DUSE_HAL_DRIVER -DSTM32F401xE -c -I../Core/Inc -I../Drivers/STM32F4xx_HAL_Driver/Inc -I../Drivers/STM32F4xx_HAL_Driver/Inc/Legacy -I../Drivers/CMSIS/Device/ST/STM32F4xx/Include -I../Drivers/CMSIS/Include -O0 -ffunction-sections -fdata-sections -Wall -fstack-usage -fcyclomatic-complexity -MMD -MP -MF"Core/Src/main.d" -MT"Core/Src/main.o" --specs=nano.specs -mfpu=fpv4-sp-d16 -mfloat-abi=hard -mthumb -o "Core/Src/main.o"
arm-none-eabi-gcc -o "Lab10.2.3.elf" @"objects.list"   -mcpu=cortex-m4 -T"C:\Users\danie\OneDrive\Documenti\GitHub\DSE_Labs\Lab10\Lab10.2.3\STM32F401RETX_FLASH.ld" --specs=nosys.specs -Wl,-Map="Lab10.2.3.map" -Wl,--gc-sections -static --specs=nano.specs -mfpu=fpv4-sp-d16 -mfloat-abi=hard -mthumb -Wl,--start-group -lc -lm -Wl,--end-group
Finished building target: Lab10.2.3.elf
 
arm-none-eabi-size  Lab10.2.3.elf 
arm-none-eabi-objdump -h -S Lab10.2.3.elf  > "Lab10.2.3.list"
   text	   data	    bss	    dec	    hex	filename
  19344	     12	   1812	  21168	   52b0	Lab10.2.3.elf
Finished building: default.size.stdout
 
Finished building: Lab10.2.3.list
 
11:58:38 **** Incremental Build of configuration Debug for project Lab10.2.3 ****
make -j8 all 
arm-none-eabi-gcc "../Core/Src/main.c" -mcpu=cortex-m4 -std=gnu11 -g3 -DDEBUG -DUSE_HAL_DRIVER -DSTM32F401xE -c -I../Core/Inc -I../Drivers/STM32F4xx_HAL_Driver/Inc -I../Drivers/STM32F4xx_HAL_Driver/Inc/Legacy -I../Drivers/CMSIS/Device/ST/STM32F4xx/Include -I../Drivers/CMSIS/Include -O0 -ffunction-sections -fdata-sections -Wall -fstack-usage -fcyclomatic-complexity -MMD -MP -MF"Core/Src/main.d" -MT"Core/Src/main.o" --specs=nano.specs -mfpu=fpv4-sp-d16 -mfloat-abi=hard -mthumb -o "Core/Src/main.o"
arm-none-eabi-gcc -o "Lab10.2.3.elf" @"objects.list"   -mcpu=cortex-m4 -T"C:\Users\danie\OneDrive\Documenti\GitHub\DSE_Labs\Lab10\Lab10.2.3\STM32F401RETX_FLASH.ld" --specs=nosys.specs -Wl,-Map="Lab10.2.3.map" -Wl,--gc-sections -static --specs=nano.specs -mfpu=fpv4-sp-d16 -mfloat-abi=hard -mthumb -Wl,--start-group -lc -lm -Wl,--end-group
Finished building target: Lab10.2.3.elf
 
arm-none-eabi-size  Lab10.2.3.elf 
arm-none-eabi-objdump -h -S Lab10.2.3.elf  > "Lab10.2.3.list"
   text	   data	    bss	    dec	    hex	filename
  19336	     12	   1812	  21160	   52a8	Lab10.2.3.elf
Finished building: default.size.stdout
 
Finished building: Lab10.2.3.list
 
12:00:24 **** Incremental Build of configuration Debug for project Lab10.2.3 ****
make -j8 all 
arm-none-eabi-gcc "../Core/Src/main.c" -mcpu=cortex-m4 -std=gnu11 -g3 -DDEBUG -DUSE_HAL_DRIVER -DSTM32F401xE -c -I../Core/Inc -I../Drivers/STM32F4xx_HAL_Driver/Inc -I../Drivers/STM32F4xx_HAL_Driver/Inc/Legacy -I../Drivers/CMSIS/Device/ST/STM32F4xx/Include -I../Drivers/CMSIS/Include -O0 -ffunction-sections -fdata-sections -Wall -fstack-usage -fcyclomatic-complexity -MMD -MP -MF"Core/Src/main.d" -MT"Core/Src/main.o" --specs=nano.specs -mfpu=fpv4-sp-d16 -mfloat-abi=hard -mthumb -o "Core/Src/main.o"
../Core/Src/main.c: In function 'main':
../Core/Src/main.c:102:9: warning: unused variable 'sampledSine' [-Wunused-variable]
  102 |   float sampledSine[SAMPLE_SIZE];
      |         ^~~~~~~~~~~
arm-none-eabi-gcc -o "Lab10.2.3.elf" @"objects.list"   -mcpu=cortex-m4 -T"C:\Users\danie\OneDrive\Documenti\GitHub\DSE_Labs\Lab10\Lab10.2.3\STM32F401RETX_FLASH.ld" --specs=nosys.specs -Wl,-Map="Lab10.2.3.map" -Wl,--gc-sections -static --specs=nano.specs -mfpu=fpv4-sp-d16 -mfloat-abi=hard -mthumb -Wl,--start-group -lc -lm -Wl,--end-group
Finished building target: Lab10.2.3.elf
 
arm-none-eabi-size  Lab10.2.3.elf 
arm-none-eabi-objdump -h -S Lab10.2.3.elf  > "Lab10.2.3.list"
   text	   data	    bss	    dec	    hex	filename
  19404	     12	   1812	  21228	   52ec	Lab10.2.3.elf
Finished building: default.size.stdout
 
Finished building: Lab10.2.3.list
 
12:05:56 **** Incremental Build of configuration Debug for project Lab10.2.3 ****
make -j8 all 
arm-none-eabi-size  Lab10.2.3.elf 
   text	   data	    bss	    dec	    hex	filename
  19404	     12	   1812	  21228	   52ec	Lab10.2.3.elf
Finished building: default.size.stdout
 
12:30:48 **** Incremental Build of configuration Debug for project Lab10.2.3 ****
make -j8 all 
arm-none-eabi-gcc "../Core/Src/main.c" -mcpu=cortex-m4 -std=gnu11 -g3 -DDEBUG -DUSE_HAL_DRIVER -DSTM32F401xE -c -I../Core/Inc -I../Drivers/STM32F4xx_HAL_Driver/Inc -I../Drivers/STM32F4xx_HAL_Driver/Inc/Legacy -I../Drivers/CMSIS/Device/ST/STM32F4xx/Include -I../Drivers/CMSIS/Include -O0 -ffunction-sections -fdata-sections -Wall -fstack-usage -fcyclomatic-complexity -MMD -MP -MF"Core/Src/main.d" -MT"Core/Src/main.o" --specs=nano.specs -mfpu=fpv4-sp-d16 -mfloat-abi=hard -mthumb -o "Core/Src/main.o"
arm-none-eabi-gcc -o "Lab10.2.3.elf" @"objects.list"   -mcpu=cortex-m4 -T"C:\Users\danie\OneDrive\Documenti\GitHub\DSE_Labs\Lab10\Lab10.2.3\STM32F401RETX_FLASH.ld" --specs=nosys.specs -Wl,-Map="Lab10.2.3.map" -Wl,--gc-sections -static --specs=nano.specs -mfpu=fpv4-sp-d16 -mfloat-abi=hard -mthumb -Wl,--start-group -lc -lm -Wl,--end-group
Finished building target: Lab10.2.3.elf
 
arm-none-eabi-size  Lab10.2.3.elf 
arm-none-eabi-objdump -h -S Lab10.2.3.elf  > "Lab10.2.3.list"
   text	   data	    bss	    dec	    hex	filename
  13404	     12	   2212	  15628	   3d0c	Lab10.2.3.elf
Finished building: default.size.stdout
 
Finished building: Lab10.2.3.list
 
12:31:45 **** Incremental Build of configuration Debug for project Lab10.2.3 ****
make -j8 all 
arm-none-eabi-gcc "../Core/Src/main.c" -mcpu=cortex-m4 -std=gnu11 -g3 -DDEBUG -DUSE_HAL_DRIVER -DSTM32F401xE -c -I../Core/Inc -I../Drivers/STM32F4xx_HAL_Driver/Inc -I../Drivers/STM32F4xx_HAL_Driver/Inc/Legacy -I../Drivers/CMSIS/Device/ST/STM32F4xx/Include -I../Drivers/CMSIS/Include -O0 -ffunction-sections -fdata-sections -Wall -fstack-usage -fcyclomatic-complexity -MMD -MP -MF"Core/Src/main.d" -MT"Core/Src/main.o" --specs=nano.specs -mfpu=fpv4-sp-d16 -mfloat-abi=hard -mthumb -o "Core/Src/main.o"
../Core/Src/main.c: In function 'main':
../Core/Src/main.c:101:9: warning: unused variable 'sampledSine' [-Wunused-variable]
  101 |   float sampledSine[SAMPLE_SIZE];
      |         ^~~~~~~~~~~
arm-none-eabi-gcc -o "Lab10.2.3.elf" @"objects.list"   -mcpu=cortex-m4 -T"C:\Users\danie\OneDrive\Documenti\GitHub\DSE_Labs\Lab10\Lab10.2.3\STM32F401RETX_FLASH.ld" --specs=nosys.specs -Wl,-Map="Lab10.2.3.map" -Wl,--gc-sections -static --specs=nano.specs -mfpu=fpv4-sp-d16 -mfloat-abi=hard -mthumb -Wl,--start-group -lc -lm -Wl,--end-group
Finished building target: Lab10.2.3.elf
 
arm-none-eabi-size  Lab10.2.3.elf 
arm-none-eabi-objdump -h -S Lab10.2.3.elf  > "Lab10.2.3.list"
   text	   data	    bss	    dec	    hex	filename
  19404	     12	   1812	  21228	   52ec	Lab10.2.3.elf
Finished building: default.size.stdout
 
Finished building: Lab10.2.3.list
 
12:34:00 **** Incremental Build of configuration Debug for project Lab10.2.3 ****
make -j8 all 
arm-none-eabi-gcc "../Core/Src/main.c" -mcpu=cortex-m4 -std=gnu11 -g3 -DDEBUG -DUSE_HAL_DRIVER -DSTM32F401xE -c -I../Core/Inc -I../Drivers/STM32F4xx_HAL_Driver/Inc -I../Drivers/STM32F4xx_HAL_Driver/Inc/Legacy -I../Drivers/CMSIS/Device/ST/STM32F4xx/Include -I../Drivers/CMSIS/Include -O0 -ffunction-sections -fdata-sections -Wall -fstack-usage -fcyclomatic-complexity -MMD -MP -MF"Core/Src/main.d" -MT"Core/Src/main.o" --specs=nano.specs -mfpu=fpv4-sp-d16 -mfloat-abi=hard -mthumb -o "Core/Src/main.o"
../Core/Src/main.c: In function 'main':
../Core/Src/main.c:101:9: warning: unused variable 'sampledSine' [-Wunused-variable]
  101 |   float sampledSine[SAMPLE_SIZE];
      |         ^~~~~~~~~~~
arm-none-eabi-gcc -o "Lab10.2.3.elf" @"objects.list"   -mcpu=cortex-m4 -T"C:\Users\danie\OneDrive\Documenti\GitHub\DSE_Labs\Lab10\Lab10.2.3\STM32F401RETX_FLASH.ld" --specs=nosys.specs -Wl,-Map="Lab10.2.3.map" -Wl,--gc-sections -static --specs=nano.specs -mfpu=fpv4-sp-d16 -mfloat-abi=hard -mthumb -Wl,--start-group -lc -lm -Wl,--end-group
Finished building target: Lab10.2.3.elf
 
arm-none-eabi-size  Lab10.2.3.elf 
arm-none-eabi-objdump -h -S Lab10.2.3.elf  > "Lab10.2.3.list"
   text	   data	    bss	    dec	    hex	filename
  19420	     12	   1812	  21244	   52fc	Lab10.2.3.elf
Finished building: default.size.stdout
 
Finished building: Lab10.2.3.list
 
14:00:18 **** Incremental Build of configuration Debug for project Lab10.2.3 ****
make -j8 all 
arm-none-eabi-gcc "../Core/Src/main.c" -mcpu=cortex-m4 -std=gnu11 -g3 -DDEBUG -DUSE_HAL_DRIVER -DSTM32F401xE -c -I../Core/Inc -I../Drivers/STM32F4xx_HAL_Driver/Inc -I../Drivers/STM32F4xx_HAL_Driver/Inc/Legacy -I../Drivers/CMSIS/Device/ST/STM32F4xx/Include -I../Drivers/CMSIS/Include -O0 -ffunction-sections -fdata-sections -Wall -fstack-usage -fcyclomatic-complexity -MMD -MP -MF"Core/Src/main.d" -MT"Core/Src/main.o" --specs=nano.specs -mfpu=fpv4-sp-d16 -mfloat-abi=hard -mthumb -o "Core/Src/main.o"
../Core/Src/main.c: In function 'main':
../Core/Src/main.c:101:9: warning: unused variable 'sampledSine' [-Wunused-variable]
  101 |   float sampledSine[SAMPLE_SIZE];
      |         ^~~~~~~~~~~
arm-none-eabi-gcc -o "Lab10.2.3.elf" @"objects.list"   -mcpu=cortex-m4 -T"C:\Users\danie\OneDrive\Documenti\GitHub\DSE_Labs\Lab10\Lab10.2.3\STM32F401RETX_FLASH.ld" --specs=nosys.specs -Wl,-Map="Lab10.2.3.map" -Wl,--gc-sections -static --specs=nano.specs -mfpu=fpv4-sp-d16 -mfloat-abi=hard -mthumb -Wl,--start-group -lc -lm -Wl,--end-group
Finished building target: Lab10.2.3.elf
 
arm-none-eabi-size  Lab10.2.3.elf 
arm-none-eabi-objdump -h -S Lab10.2.3.elf  > "Lab10.2.3.list"
   text	   data	    bss	    dec	    hex	filename
  19404	     12	   1812	  21228	   52ec	Lab10.2.3.elf
Finished building: default.size.stdout
 
Finished building: Lab10.2.3.list
 
14:00:52 **** Incremental Build of configuration Debug for project Lab10.2.3 ****
make -j8 all 
arm-none-eabi-gcc "../Core/Src/main.c" -mcpu=cortex-m4 -std=gnu11 -g3 -DDEBUG -DUSE_HAL_DRIVER -DSTM32F401xE -c -I../Core/Inc -I../Drivers/STM32F4xx_HAL_Driver/Inc -I../Drivers/STM32F4xx_HAL_Driver/Inc/Legacy -I../Drivers/CMSIS/Device/ST/STM32F4xx/Include -I../Drivers/CMSIS/Include -O0 -ffunction-sections -fdata-sections -Wall -fstack-usage -fcyclomatic-complexity -MMD -MP -MF"Core/Src/main.d" -MT"Core/Src/main.o" --specs=nano.specs -mfpu=fpv4-sp-d16 -mfloat-abi=hard -mthumb -o "Core/Src/main.o"
../Core/Src/main.c: In function 'main':
../Core/Src/main.c:101:9: warning: unused variable 'sampledSine' [-Wunused-variable]
  101 |   float sampledSine[SAMPLE_SIZE];
      |         ^~~~~~~~~~~
arm-none-eabi-gcc -o "Lab10.2.3.elf" @"objects.list"   -mcpu=cortex-m4 -T"C:\Users\danie\OneDrive\Documenti\GitHub\DSE_Labs\Lab10\Lab10.2.3\STM32F401RETX_FLASH.ld" --specs=nosys.specs -Wl,-Map="Lab10.2.3.map" -Wl,--gc-sections -static --specs=nano.specs -mfpu=fpv4-sp-d16 -mfloat-abi=hard -mthumb -Wl,--start-group -lc -lm -Wl,--end-group
Finished building target: Lab10.2.3.elf
 
arm-none-eabi-size  Lab10.2.3.elf 
arm-none-eabi-objdump -h -S Lab10.2.3.elf  > "Lab10.2.3.list"
   text	   data	    bss	    dec	    hex	filename
  19404	     12	   1812	  21228	   52ec	Lab10.2.3.elf
Finished building: default.size.stdout
 
Finished building: Lab10.2.3.list
 
14:16:45 **** Incremental Build of configuration Debug for project Lab10.2.3 ****
make -j8 all 
arm-none-eabi-size  Lab10.2.3.elf 
   text	   data	    bss	    dec	    hex	filename
  19404	     12	   1812	  21228	   52ec	Lab10.2.3.elf
Finished building: default.size.stdout
 
