18:13:05 **** Incremental Build of configuration Debug for project Lab9.2.1 ****
make -j8 all 
arm-none-eabi-gcc "../Core/Src/main.c" -mcpu=cortex-m4 -std=gnu11 -g3 -DDEBUG -DSTM32F401xE -DUSE_FULL_LL_DRIVER -DHSE_VALUE=8000000 -DHSE_STARTUP_TIMEOUT=100 -DLSE_STARTUP_TIMEOUT=5000 -DLSE_VALUE=32768 -DEXTERNAL_CLOCK_VALUE=12288000 -DHSI_VALUE=16000000 -DLSI_VALUE=32000 -DVDD_VALUE=3300 -DPREFETCH_ENABLE=1 -DINSTRUCTION_CACHE_ENABLE=1 -DDATA_CACHE_ENABLE=1 -c -I../Core/Inc -I../Drivers/STM32F4xx_HAL_Driver/Inc -I../Drivers/CMSIS/Device/ST/STM32F4xx/Include -I../Drivers/CMSIS/Include -O0 -ffunction-sections -fdata-sections -Wall -fstack-usage -fcyclomatic-complexity -MMD -MP -MF"Core/Src/main.d" -MT"Core/Src/main.o" --specs=nano.specs -mfpu=fpv4-sp-d16 -mfloat-abi=hard -mthumb -o "Core/Src/main.o"
arm-none-eabi-gcc -o "Lab9.2.1.elf" @"objects.list"   -mcpu=cortex-m4 -T"C:\Users\danie\OneDrive\Documenti\GitHub\DSE_Labs\Lab9.2.1\STM32F401RETX_FLASH.ld" --specs=nosys.specs -Wl,-Map="Lab9.2.1.map" -Wl,--gc-sections -static --specs=nano.specs -mfpu=fpv4-sp-d16 -mfloat-abi=hard -mthumb -Wl,--start-group -lc -lm -Wl,--end-group
Finished building target: Lab9.2.1.elf
 
arm-none-eabi-size  Lab9.2.1.elf 
arm-none-eabi-objdump -h -S Lab9.2.1.elf  > "Lab9.2.1.list"
   text	   data	    bss	    dec	    hex	filename
   9808	      4	   1564	  11376	   2c70	Lab9.2.1.elf
Finished building: default.size.stdout
 
Finished building: Lab9.2.1.list
 

18:13:09 Build Finished. 0 errors, 0 warnings. (took 4s.57ms)

